193.41.185.22 - - [07/May/2017:11:13:11 +0300] "POST /mod/quiz/processattempt.php HTTP/1.0" 303 468 "http://learn.topnode.if.ua/mod/quiz/attempt.php?attempt=310&page=8" "Mozilla/5.0 (Windows NT 6.3; WOW64) AppleWebKit/537.36 (KHTML, like Gecko) Chrome/57.0.2987.133 Safari/537.36"
193.41.185.22 - - [07/May/2017:11:13:11 +0300] "GET /mod/quiz/attempt.php?attempt=310&page=9 HTTP/1.0" 200 59842 "http://learn.topnode.if.ua/mod/quiz/attempt.php?attempt=310&page=8" "Mozilla/5.0 (Windows NT 6.3; WOW64) AppleWebKit/537.36 (KHTML, like Gecko) Chrome/57.0.2987.133 Safari/537.36"
193.41.185.22 - - [07/May/2017:11:13:12 +0300] "POST /mod/quiz/processattempt.php HTTP/1.0" 303 468 "http://learn.topnode.if.ua/mod/quiz/attempt.php?attempt=309&page=5" "Mozilla/5.0 (Windows NT 6.3; WOW64) AppleWebKit/537.36 (KHTML, like Gecko) Chrome/57.0.2987.133 Safari/537.36"
193.41.185.22 - - [07/May/2017:11:13:12 +0300] "GET /mod/quiz/attempt.php?attempt=309&page=6 HTTP/1.0" 200 59601 "http://learn.topnode.if.ua/mod/quiz/attempt.php?attempt=309&page=5" "Mozilla/5.0 (Windows NT 6.3; WOW64) AppleWebKit/537.36 (KHTML, like Gecko) Chrome/57.0.2987.133 Safari/537.36"
193.41.185.22 - - [07/May/2017:11:13:20 +0300] "POST /mod/quiz/processattempt.php HTTP/1.0" 303 468 "http://learn.topnode.if.ua/mod/quiz/attempt.php?attempt=308&page=6" "Mozilla/5.0 (Windows NT 6.3; WOW64) AppleWebKit/537.36 (KHTML, like Gecko) Chrome/57.0.2987.133 Safari/537.36"
193.41.185.22 - - [07/May/2017:11:13:20 +0300] "GET /mod/quiz/attempt.php?attempt=308&page=7 HTTP/1.0" 200 59939 "http://learn.topnode.if.ua/mod/quiz/attempt.php?attempt=308&page=6" "Mozilla/5.0 (Windows NT 6.3; WOW64) AppleWebKit/537.36 (KHTML, like Gecko) Chrome/57.0.2987.133 Safari/537.36"
109.251.68.52 - - [07/May/2017:11:13:27 +0300] "POST /mod/quiz/processattempt.php HTTP/1.0" 303 468 "http://learn.topnode.if.ua/mod/quiz/attempt.php?attempt=311&page=2" "Mozilla/5.0 (Macintosh; Intel Mac OS X 10_12_4) AppleWebKit/603.1.30 (KHTML, like Gecko) Version/10.1 Safari/603.1.30"
109.251.68.52 - - [07/May/2017:11:13:29 +0300] "GET /mod/quiz/attempt.php?attempt=311&page=3 HTTP/1.0" 200 59536 "http://learn.topnode.if.ua/mod/quiz/attempt.php?attempt=311&page=2" "Mozilla/5.0 (Macintosh; Intel Mac OS X 10_12_4) AppleWebKit/603.1.30 (KHTML, like Gecko) Version/10.1 Safari/603.1.30"
193.41.185.22 - - [07/May/2017:11:13:32 +0300] "POST /mod/quiz/processattempt.php HTTP/1.0" 303 468 "http://learn.topnode.if.ua/mod/quiz/attempt.php?attempt=308&page=7" "Mozilla/5.0 (Windows NT 6.3; WOW64) AppleWebKit/537.36 (KHTML, like Gecko) Chrome/57.0.2987.133 Safari/537.36"
193.41.185.22 - - [07/May/2017:11:13:33 +0300] "GET /mod/quiz/attempt.php?attempt=308&page=8 HTTP/1.0" 200 60077 "http://learn.topnode.if.ua/mod/quiz/attempt.php?attempt=308&page=7" "Mozilla/5.0 (Windows NT 6.3; WOW64) AppleWebKit/537.36 (KHTML, like Gecko) Chrome/57.0.2987.133 Safari/537.36"
109.251.68.52 - - [07/May/2017:11:13:35 +0300] "POST /mod/quiz/processattempt.php HTTP/1.0" 303 468 "http://learn.topnode.if.ua/mod/quiz/attempt.php?attempt=311&page=3" "Mozilla/5.0 (Macintosh; Intel Mac OS X 10_12_4) AppleWebKit/603.1.30 (KHTML, like Gecko) Version/10.1 Safari/603.1.30"
109.251.68.52 - - [07/May/2017:11:13:35 +0300] "GET /mod/quiz/attempt.php?attempt=311&page=4 HTTP/1.0" 200 59412 "http://learn.topnode.if.ua/mod/quiz/attempt.php?attempt=311&page=3" "Mozilla/5.0 (Macintosh; Intel Mac OS X 10_12_4) AppleWebKit/603.1.30 (KHTML, like Gecko) Version/10.1 Safari/603.1.30"
193.41.185.22 - - [07/May/2017:11:13:37 +0300] "POST /mod/quiz/processattempt.php HTTP/1.0" 303 468 "http://learn.topnode.if.ua/mod/quiz/attempt.php?attempt=309&page=6" "Mozilla/5.0 (Windows NT 6.3; WOW64) AppleWebKit/537.36 (KHTML, like Gecko) Chrome/57.0.2987.133 Safari/537.36"
193.41.185.22 - - [07/May/2017:11:13:37 +0300] "GET /mod/quiz/attempt.php?attempt=309&page=7 HTTP/1.0" 200 60213 "http://learn.topnode.if.ua/mod/quiz/attempt.php?attempt=309&page=6" "Mozilla/5.0 (Windows NT 6.3; WOW64) AppleWebKit/537.36 (KHTML, like Gecko) Chrome/57.0.2987.133 Safari/537.36"
109.251.68.52 - - [07/May/2017:11:13:43 +0300] "POST /mod/quiz/processattempt.php HTTP/1.0" 303 468 "http://learn.topnode.if.ua/mod/quiz/attempt.php?attempt=311&page=4" "Mozilla/5.0 (Macintosh; Intel Mac OS X 10_12_4) AppleWebKit/603.1.30 (KHTML, like Gecko) Version/10.1 Safari/603.1.30"
109.251.68.52 - - [07/May/2017:11:13:44 +0300] "GET /mod/quiz/attempt.php?attempt=311&page=5 HTTP/1.0" 200 59530 "http://learn.topnode.if.ua/mod/quiz/attempt.php?attempt=311&page=4" "Mozilla/5.0 (Macintosh; Intel Mac OS X 10_12_4) AppleWebKit/603.1.30 (KHTML, like Gecko) Version/10.1 Safari/603.1.30"
193.41.185.22 - - [07/May/2017:11:13:46 +0300] "POST /mod/quiz/processattempt.php HTTP/1.0" 303 468 "http://learn.topnode.if.ua/mod/quiz/attempt.php?attempt=308&page=8" "Mozilla/5.0 (Windows NT 6.3; WOW64) AppleWebKit/537.36 (KHTML, like Gecko) Chrome/57.0.2987.133 Safari/537.36"
193.41.185.22 - - [07/May/2017:11:13:46 +0300] "GET /mod/quiz/attempt.php?attempt=308&page=9 HTTP/1.0" 200 62722 "http://learn.topnode.if.ua/mod/quiz/attempt.php?attempt=308&page=8" "Mozilla/5.0 (Windows NT 6.3; WOW64) AppleWebKit/537.36 (KHTML, like Gecko) Chrome/57.0.2987.133 Safari/537.36"
193.41.185.22 - - [07/May/2017:11:13:47 +0300] "POST /mod/quiz/processattempt.php HTTP/1.0" 303 469 "http://learn.topnode.if.ua/mod/quiz/attempt.php?attempt=310&page=9" "Mozilla/5.0 (Windows NT 6.3; WOW64) AppleWebKit/537.36 (KHTML, like Gecko) Chrome/57.0.2987.133 Safari/537.36"
193.41.185.22 - - [07/May/2017:11:13:48 +0300] "GET /mod/quiz/attempt.php?attempt=310&page=10 HTTP/1.0" 200 58965 "http://learn.topnode.if.ua/mod/quiz/attempt.php?attempt=310&page=9" "Mozilla/5.0 (Windows NT 6.3; WOW64) AppleWebKit/537.36 (KHTML, like Gecko) Chrome/57.0.2987.133 Safari/537.36"
193.41.185.22 - - [07/May/2017:11:13:54 +0300] "POST /mod/quiz/processattempt.php HTTP/1.0" 303 469 "http://learn.topnode.if.ua/mod/quiz/attempt.php?attempt=310&page=10" "Mozilla/5.0 (Windows NT 6.3; WOW64) AppleWebKit/537.36 (KHTML, like Gecko) Chrome/57.0.2987.133 Safari/537.36"
193.41.185.22 - - [07/May/2017:11:13:54 +0300] "GET /mod/quiz/attempt.php?attempt=310&page=11 HTTP/1.0" 200 59465 "http://learn.topnode.if.ua/mod/quiz/attempt.php?attempt=310&page=10" "Mozilla/5.0 (Windows NT 6.3; WOW64) AppleWebKit/537.36 (KHTML, like Gecko) Chrome/57.0.2987.133 Safari/537.36"
109.251.68.52 - - [07/May/2017:11:13:57 +0300] "POST /mod/quiz/processattempt.php HTTP/1.0" 303 468 "http://learn.topnode.if.ua/mod/quiz/attempt.php?attempt=311&page=5" "Mozilla/5.0 (Macintosh; Intel Mac OS X 10_12_4) AppleWebKit/603.1.30 (KHTML, like Gecko) Version/10.1 Safari/603.1.30"
109.251.68.52 - - [07/May/2017:11:13:58 +0300] "GET /mod/quiz/attempt.php?attempt=311&page=6 HTTP/1.0" 200 59779 "http://learn.topnode.if.ua/mod/quiz/attempt.php?attempt=311&page=5" "Mozilla/5.0 (Macintosh; Intel Mac OS X 10_12_4) AppleWebKit/603.1.30 (KHTML, like Gecko) Version/10.1 Safari/603.1.30"
193.41.185.22 - - [07/May/2017:11:13:58 +0300] "POST /mod/quiz/processattempt.php HTTP/1.0" 303 468 "http://learn.topnode.if.ua/mod/quiz/attempt.php?attempt=309&page=7" "Mozilla/5.0 (Windows NT 6.3; WOW64) AppleWebKit/537.36 (KHTML, like Gecko) Chrome/57.0.2987.133 Safari/537.36"
193.41.185.22 - - [07/May/2017:11:13:59 +0300] "GET /mod/quiz/attempt.php?attempt=309&page=8 HTTP/1.0" 200 60129 "http://learn.topnode.if.ua/mod/quiz/attempt.php?attempt=309&page=7" "Mozilla/5.0 (Windows NT 6.3; WOW64) AppleWebKit/537.36 (KHTML, like Gecko) Chrome/57.0.2987.133 Safari/537.36"
193.41.185.22 - - [07/May/2017:11:14:04 +0300] "POST /mod/quiz/processattempt.php HTTP/1.0" 303 469 "http://learn.topnode.if.ua/mod/quiz/attempt.php?attempt=310&page=11" "Mozilla/5.0 (Windows NT 6.3; WOW64) AppleWebKit/537.36 (KHTML, like Gecko) Chrome/57.0.2987.133 Safari/537.36"
193.41.185.22 - - [07/May/2017:11:14:05 +0300] "GET /mod/quiz/attempt.php?attempt=310&page=12 HTTP/1.0" 200 59108 "http://learn.topnode.if.ua/mod/quiz/attempt.php?attempt=310&page=11" "Mozilla/5.0 (Windows NT 6.3; WOW64) AppleWebKit/537.36 (KHTML, like Gecko) Chrome/57.0.2987.133 Safari/537.36"
193.41.185.22 - - [07/May/2017:11:14:18 +0300] "POST /mod/quiz/processattempt.php HTTP/1.0" 303 469 "http://learn.topnode.if.ua/mod/quiz/attempt.php?attempt=308&page=9" "Mozilla/5.0 (Windows NT 6.3; WOW64) AppleWebKit/537.36 (KHTML, like Gecko) Chrome/57.0.2987.133 Safari/537.36"
193.41.185.22 - - [07/May/2017:11:14:19 +0300] "GET /mod/quiz/attempt.php?attempt=308&page=10 HTTP/1.0" 200 59074 "http://learn.topnode.if.ua/mod/quiz/attempt.php?attempt=308&page=9" "Mozilla/5.0 (Windows NT 6.3; WOW64) AppleWebKit/537.36 (KHTML, like Gecko) Chrome/57.0.2987.133 Safari/537.36"
193.41.185.22 - - [07/May/2017:11:14:19 +0300] "POST /mod/quiz/processattempt.php HTTP/1.0" 303 469 "http://learn.topnode.if.ua/mod/quiz/attempt.php?attempt=310&page=12" "Mozilla/5.0 (Windows NT 6.3; WOW64) AppleWebKit/537.36 (KHTML, like Gecko) Chrome/57.0.2987.133 Safari/537.36"
193.41.185.22 - - [07/May/2017:11:14:19 +0300] "GET /mod/quiz/attempt.php?attempt=310&page=13 HTTP/1.0" 200 59086 "http://learn.topnode.if.ua/mod/quiz/attempt.php?attempt=310&page=12" "Mozilla/5.0 (Windows NT 6.3; WOW64) AppleWebKit/537.36 (KHTML, like Gecko) Chrome/57.0.2987.133 Safari/537.36"
193.41.185.22 - - [07/May/2017:11:14:32 +0300] "POST /mod/quiz/processattempt.php HTTP/1.0" 303 469 "http://learn.topnode.if.ua/mod/quiz/attempt.php?attempt=308&page=10" "Mozilla/5.0 (Windows NT 6.3; WOW64) AppleWebKit/537.36 (KHTML, like Gecko) Chrome/57.0.2987.133 Safari/537.36"
193.41.185.22 - - [07/May/2017:11:14:32 +0300] "GET /mod/quiz/attempt.php?attempt=308&page=11 HTTP/1.0" 200 58784 "http://learn.topnode.if.ua/mod/quiz/attempt.php?attempt=308&page=10" "Mozilla/5.0 (Windows NT 6.3; WOW64) AppleWebKit/537.36 (KHTML, like Gecko) Chrome/57.0.2987.133 Safari/537.36"
109.251.68.52 - - [07/May/2017:11:14:33 +0300] "POST /mod/quiz/processattempt.php HTTP/1.0" 303 468 "http://learn.topnode.if.ua/mod/quiz/attempt.php?attempt=311&page=6" "Mozilla/5.0 (Macintosh; Intel Mac OS X 10_12_4) AppleWebKit/603.1.30 (KHTML, like Gecko) Version/10.1 Safari/603.1.30"
109.251.68.52 - - [07/May/2017:11:14:34 +0300] "GET /mod/quiz/attempt.php?attempt=311&page=7 HTTP/1.0" 200 59926 "http://learn.topnode.if.ua/mod/quiz/attempt.php?attempt=311&page=6" "Mozilla/5.0 (Macintosh; Intel Mac OS X 10_12_4) AppleWebKit/603.1.30 (KHTML, like Gecko) Version/10.1 Safari/603.1.30"
193.41.185.22 - - [07/May/2017:11:14:37 +0300] "POST /mod/quiz/processattempt.php HTTP/1.0" 303 468 "http://learn.topnode.if.ua/mod/quiz/attempt.php?attempt=309&page=8" "Mozilla/5.0 (Windows NT 6.3; WOW64) AppleWebKit/537.36 (KHTML, like Gecko) Chrome/57.0.2987.133 Safari/537.36"
193.41.185.22 - - [07/May/2017:11:14:37 +0300] "GET /mod/quiz/attempt.php?attempt=309&page=9 HTTP/1.0" 200 59408 "http://learn.topnode.if.ua/mod/quiz/attempt.php?attempt=309&page=8" "Mozilla/5.0 (Windows NT 6.3; WOW64) AppleWebKit/537.36 (KHTML, like Gecko) Chrome/57.0.2987.133 Safari/537.36"
193.41.185.22 - - [07/May/2017:11:14:45 +0300] "POST /mod/quiz/processattempt.php HTTP/1.0" 303 469 "http://learn.topnode.if.ua/mod/quiz/attempt.php?attempt=308&page=11" "Mozilla/5.0 (Windows NT 6.3; WOW64) AppleWebKit/537.36 (KHTML, like Gecko) Chrome/57.0.2987.133 Safari/537.36"
193.41.185.22 - - [07/May/2017:11:14:45 +0300] "GET /mod/quiz/attempt.php?attempt=308&page=12 HTTP/1.0" 200 61728 "http://learn.topnode.if.ua/mod/quiz/attempt.php?attempt=308&page=11" "Mozilla/5.0 (Windows NT 6.3; WOW64) AppleWebKit/537.36 (KHTML, like Gecko) Chrome/57.0.2987.133 Safari/537.36"
193.41.185.22 - - [07/May/2017:11:14:48 +0300] "POST /mod/quiz/processattempt.php HTTP/1.0" 303 469 "http://learn.topnode.if.ua/mod/quiz/attempt.php?attempt=309&page=9" "Mozilla/5.0 (Windows NT 6.3; WOW64) AppleWebKit/537.36 (KHTML, like Gecko) Chrome/57.0.2987.133 Safari/537.36"
193.41.185.22 - - [07/May/2017:11:14:48 +0300] "GET /mod/quiz/attempt.php?attempt=309&page=10 HTTP/1.0" 200 59504 "http://learn.topnode.if.ua/mod/quiz/attempt.php?attempt=309&page=9" "Mozilla/5.0 (Windows NT 6.3; WOW64) AppleWebKit/537.36 (KHTML, like Gecko) Chrome/57.0.2987.133 Safari/537.36"
109.251.68.52 - - [07/May/2017:11:14:53 +0300] "POST /mod/quiz/processattempt.php HTTP/1.0" 303 468 "http://learn.topnode.if.ua/mod/quiz/attempt.php?attempt=311&page=7" "Mozilla/5.0 (Macintosh; Intel Mac OS X 10_12_4) AppleWebKit/603.1.30 (KHTML, like Gecko) Version/10.1 Safari/603.1.30"
109.251.68.52 - - [07/May/2017:11:14:54 +0300] "GET /mod/quiz/attempt.php?attempt=311&page=8 HTTP/1.0" 200 59439 "http://learn.topnode.if.ua/mod/quiz/attempt.php?attempt=311&page=7" "Mozilla/5.0 (Macintosh; Intel Mac OS X 10_12_4) AppleWebKit/603.1.30 (KHTML, like Gecko) Version/10.1 Safari/603.1.30"
193.41.185.22 - - [07/May/2017:11:15:14 +0300] "POST /mod/quiz/processattempt.php HTTP/1.0" 303 469 "http://learn.topnode.if.ua/mod/quiz/attempt.php?attempt=310&page=13" "Mozilla/5.0 (Windows NT 6.3; WOW64) AppleWebKit/537.36 (KHTML, like Gecko) Chrome/57.0.2987.133 Safari/537.36"
109.251.68.52 - - [07/May/2017:11:15:14 +0300] "POST /mod/quiz/processattempt.php HTTP/1.0" 303 468 "http://learn.topnode.if.ua/mod/quiz/attempt.php?attempt=311&page=8" "Mozilla/5.0 (Macintosh; Intel Mac OS X 10_12_4) AppleWebKit/603.1.30 (KHTML, like Gecko) Version/10.1 Safari/603.1.30"
193.41.185.22 - - [07/May/2017:11:15:14 +0300] "GET /mod/quiz/attempt.php?attempt=310&page=14 HTTP/1.0" 200 59556 "http://learn.topnode.if.ua/mod/quiz/attempt.php?attempt=310&page=13" "Mozilla/5.0 (Windows NT 6.3; WOW64) AppleWebKit/537.36 (KHTML, like Gecko) Chrome/57.0.2987.133 Safari/537.36"
109.251.68.52 - - [07/May/2017:11:15:15 +0300] "GET /mod/quiz/attempt.php?attempt=311&page=9 HTTP/1.0" 200 59093 "http://learn.topnode.if.ua/mod/quiz/attempt.php?attempt=311&page=8" "Mozilla/5.0 (Macintosh; Intel Mac OS X 10_12_4) AppleWebKit/603.1.30 (KHTML, like Gecko) Version/10.1 Safari/603.1.30"
193.41.185.22 - - [07/May/2017:11:15:24 +0300] "POST /mod/quiz/processattempt.php HTTP/1.0" 303 469 "http://learn.topnode.if.ua/mod/quiz/attempt.php?attempt=310&page=14" "Mozilla/5.0 (Windows NT 6.3; WOW64) AppleWebKit/537.36 (KHTML, like Gecko) Chrome/57.0.2987.133 Safari/537.36"
193.41.185.22 - - [07/May/2017:11:15:24 +0300] "POST /mod/quiz/processattempt.php HTTP/1.0" 303 469 "http://learn.topnode.if.ua/mod/quiz/attempt.php?attempt=308&page=12" "Mozilla/5.0 (Windows NT 6.3; WOW64) AppleWebKit/537.36 (KHTML, like Gecko) Chrome/57.0.2987.133 Safari/537.36"
193.41.185.22 - - [07/May/2017:11:15:24 +0300] "GET /mod/quiz/attempt.php?attempt=310&page=15 HTTP/1.0" 200 59983 "http://learn.topnode.if.ua/mod/quiz/attempt.php?attempt=310&page=14" "Mozilla/5.0 (Windows NT 6.3; WOW64) AppleWebKit/537.36 (KHTML, like Gecko) Chrome/57.0.2987.133 Safari/537.36"
193.41.185.22 - - [07/May/2017:11:15:25 +0300] "GET /mod/quiz/attempt.php?attempt=308&page=13 HTTP/1.0" 200 59911 "http://learn.topnode.if.ua/mod/quiz/attempt.php?attempt=308&page=12" "Mozilla/5.0 (Windows NT 6.3; WOW64) AppleWebKit/537.36 (KHTML, like Gecko) Chrome/57.0.2987.133 Safari/537.36"
109.251.68.52 - - [07/May/2017:11:15:30 +0300] "POST /mod/quiz/processattempt.php HTTP/1.0" 303 469 "http://learn.topnode.if.ua/mod/quiz/attempt.php?attempt=311&page=9" "Mozilla/5.0 (Macintosh; Intel Mac OS X 10_12_4) AppleWebKit/603.1.30 (KHTML, like Gecko) Version/10.1 Safari/603.1.30"
109.251.68.52 - - [07/May/2017:11:15:30 +0300] "GET /mod/quiz/attempt.php?attempt=311&page=10 HTTP/1.0" 200 59991 "http://learn.topnode.if.ua/mod/quiz/attempt.php?attempt=311&page=9" "Mozilla/5.0 (Macintosh; Intel Mac OS X 10_12_4) AppleWebKit/603.1.30 (KHTML, like Gecko) Version/10.1 Safari/603.1.30"
193.41.185.22 - - [07/May/2017:11:15:37 +0300] "POST /mod/quiz/processattempt.php HTTP/1.0" 303 469 "http://learn.topnode.if.ua/mod/quiz/attempt.php?attempt=310&page=15" "Mozilla/5.0 (Windows NT 6.3; WOW64) AppleWebKit/537.36 (KHTML, like Gecko) Chrome/57.0.2987.133 Safari/537.36"
193.41.185.22 - - [07/May/2017:11:15:37 +0300] "GET /mod/quiz/attempt.php?attempt=310&page=16 HTTP/1.0" 200 59093 "http://learn.topnode.if.ua/mod/quiz/attempt.php?attempt=310&page=15" "Mozilla/5.0 (Windows NT 6.3; WOW64) AppleWebKit/537.36 (KHTML, like Gecko) Chrome/57.0.2987.133 Safari/537.36"
193.41.185.22 - - [07/May/2017:11:15:38 +0300] "POST /mod/quiz/processattempt.php HTTP/1.0" 303 469 "http://learn.topnode.if.ua/mod/quiz/attempt.php?attempt=308&page=13" "Mozilla/5.0 (Windows NT 6.3; WOW64) AppleWebKit/537.36 (KHTML, like Gecko) Chrome/57.0.2987.133 Safari/537.36"
193.41.185.22 - - [07/May/2017:11:15:39 +0300] "GET /mod/quiz/attempt.php?attempt=308&page=14 HTTP/1.0" 200 61051 "http://learn.topnode.if.ua/mod/quiz/attempt.php?attempt=308&page=13" "Mozilla/5.0 (Windows NT 6.3; WOW64) AppleWebKit/537.36 (KHTML, like Gecko) Chrome/57.0.2987.133 Safari/537.36"
193.41.185.22 - - [07/May/2017:11:15:40 +0300] "POST /mod/quiz/processattempt.php HTTP/1.0" 303 469 "http://learn.topnode.if.ua/mod/quiz/attempt.php?attempt=309&page=10" "Mozilla/5.0 (Windows NT 6.3; WOW64) AppleWebKit/537.36 (KHTML, like Gecko) Chrome/57.0.2987.133 Safari/537.36"
193.41.185.22 - - [07/May/2017:11:15:40 +0300] "GET /mod/quiz/attempt.php?attempt=309&page=11 HTTP/1.0" 200 59863 "http://learn.topnode.if.ua/mod/quiz/attempt.php?attempt=309&page=10" "Mozilla/5.0 (Windows NT 6.3; WOW64) AppleWebKit/537.36 (KHTML, like Gecko) Chrome/57.0.2987.133 Safari/537.36"
193.41.185.22 - - [07/May/2017:11:15:47 +0300] "POST /mod/quiz/processattempt.php HTTP/1.0" 303 469 "http://learn.topnode.if.ua/mod/quiz/attempt.php?attempt=310&page=16" "Mozilla/5.0 (Windows NT 6.3; WOW64) AppleWebKit/537.36 (KHTML, like Gecko) Chrome/57.0.2987.133 Safari/537.36"
193.41.185.22 - - [07/May/2017:11:15:48 +0300] "GET /mod/quiz/attempt.php?attempt=310&page=17 HTTP/1.0" 200 59625 "http://learn.topnode.if.ua/mod/quiz/attempt.php?attempt=310&page=16" "Mozilla/5.0 (Windows NT 6.3; WOW64) AppleWebKit/537.36 (KHTML, like Gecko) Chrome/57.0.2987.133 Safari/537.36"
193.41.185.22 - - [07/May/2017:11:15:57 +0300] "POST /mod/quiz/processattempt.php HTTP/1.0" 303 469 "http://learn.topnode.if.ua/mod/quiz/attempt.php?attempt=310&page=17" "Mozilla/5.0 (Windows NT 6.3; WOW64) AppleWebKit/537.36 (KHTML, like Gecko) Chrome/57.0.2987.133 Safari/537.36"
193.41.185.22 - - [07/May/2017:11:15:57 +0300] "GET /mod/quiz/attempt.php?attempt=310&page=18 HTTP/1.0" 200 59102 "http://learn.topnode.if.ua/mod/quiz/attempt.php?attempt=310&page=17" "Mozilla/5.0 (Windows NT 6.3; WOW64) AppleWebKit/537.36 (KHTML, like Gecko) Chrome/57.0.2987.133 Safari/537.36"
109.251.68.52 - - [07/May/2017:11:16:03 +0300] "GET / HTTP/1.0" 200 23712 "-" "Mozilla/5.0 (Windows NT 6.1) AppleWebKit/537.36 (KHTML, like Gecko) Chrome/57.0.2987.133 Safari/537.36"
109.251.68.52 - - [07/May/2017:11:16:03 +0300] "GET /theme/yui_combo.php?rollup/3.17.2/yui-moodlesimple-min.css HTTP/1.0" 200 1031 "http://learn.topnode.if.ua/" "Mozilla/5.0 (Windows NT 6.1) AppleWebKit/537.36 (KHTML, like Gecko) Chrome/57.0.2987.133 Safari/537.36"
109.251.68.52 - - [07/May/2017:11:16:03 +0300] "GET /lib/javascript.php/1436263095/lib/javascript-static.js HTTP/1.0" 200 10018 "http://learn.topnode.if.ua/" "Mozilla/5.0 (Windows NT 6.1) AppleWebKit/537.36 (KHTML, like Gecko) Chrome/57.0.2987.133 Safari/537.36"
109.251.68.52 - - [07/May/2017:11:16:03 +0300] "GET /theme/yui_combo.php?rollup/3.17.2/yui-moodlesimple-min.js&rollup/1436263095/mcore-min.js HTTP/1.0" 200 88667 "http://learn.topnode.if.ua/" "Mozilla/5.0 (Windows NT 6.1) AppleWebKit/537.36 (KHTML, like Gecko) Chrome/57.0.2987.133 Safari/537.36"
109.251.68.52 - - [07/May/2017:11:16:03 +0300] "GET /theme/styles.php/clean/1436263095/all HTTP/1.0" 200 85685 "http://learn.topnode.if.ua/" "Mozilla/5.0 (Windows NT 6.1) AppleWebKit/537.36 (KHTML, like Gecko) Chrome/57.0.2987.133 Safari/537.36"
109.251.68.52 - - [07/May/2017:11:16:03 +0300] "GET /theme/javascript.php/clean/1436263095/footer HTTP/1.0" 200 529 "http://learn.topnode.if.ua/" "Mozilla/5.0 (Windows NT 6.1) AppleWebKit/537.36 (KHTML, like Gecko) Chrome/57.0.2987.133 Safari/537.36"
109.251.68.52 - - [07/May/2017:11:16:03 +0300] "GET /theme/image.php/clean/core/1436263095/moodlelogo HTTP/1.0" 200 2450 "http://learn.topnode.if.ua/" "Mozilla/5.0 (Windows NT 6.1) AppleWebKit/537.36 (KHTML, like Gecko) Chrome/57.0.2987.133 Safari/537.36"
109.251.68.52 - - [07/May/2017:11:16:04 +0300] "GET /theme/image.php/clean/core/1436263095/t/collapsed HTTP/1.0" 200 767 "http://learn.topnode.if.ua/theme/styles.php/clean/1436263095/all" "Mozilla/5.0 (Windows NT 6.1) AppleWebKit/537.36 (KHTML, like Gecko) Chrome/57.0.2987.133 Safari/537.36"
109.251.68.52 - - [07/May/2017:11:16:04 +0300] "GET /theme/yui_combo.php?m/1436263095/theme_bootstrapbase/bootstrap/bootstrap-min.js HTTP/1.0" 200 1924 "http://learn.topnode.if.ua/" "Mozilla/5.0 (Windows NT 6.1) AppleWebKit/537.36 (KHTML, like Gecko) Chrome/57.0.2987.133 Safari/537.36"
109.251.68.52 - - [07/May/2017:11:16:04 +0300] "GET /theme/image.php/clean/core/1436263095/t/block_to_dock HTTP/1.0" 200 1030 "http://learn.topnode.if.ua/" "Mozilla/5.0 (Windows NT 6.1) AppleWebKit/537.36 (KHTML, like Gecko) Chrome/57.0.2987.133 Safari/537.36"
109.251.68.52 - - [07/May/2017:11:16:04 +0300] "GET /theme/yui_combo.php?m/1436263095/block_navigation/navigation/navigation-min.js HTTP/1.0" 200 3030 "http://learn.topnode.if.ua/" "Mozilla/5.0 (Windows NT 6.1) AppleWebKit/537.36 (KHTML, like Gecko) Chrome/57.0.2987.133 Safari/537.36"
109.251.68.52 - - [07/May/2017:11:16:04 +0300] "GET /theme/yui_combo.php?3.17.2/plugin/plugin-min.js&3.17.2/event-mousewheel/event-mousewheel-min.js&3.17.2/event-resize/event-resize-min.js&3.17.2/event-hover/event-hover-min.js&3.17.2/event-touch/event-touch-min.js&3.17.2/event-move/event-move-min.js&3.17.2/event-flick/event-flick-min.js&3.17.2/event-valuechange/event-valuechange-min.js&3.17.2/event-tap/event-tap-min.js HTTP/1.0" 200 5190 "http://learn.topnode.if.ua/" "Mozilla/5.0 (Windows NT 6.1) AppleWebKit/537.36 (KHTML, like Gecko) Chrome/57.0.2987.133 Safari/537.36"
109.251.68.52 - - [07/May/2017:11:16:04 +0300] "GET /theme/yui_combo.php?m/1436263095/calendar/eventmanager/eventmanager.css HTTP/1.0" 200 203 "http://learn.topnode.if.ua/" "Mozilla/5.0 (Windows NT 6.1) AppleWebKit/537.36 (KHTML, like Gecko) Chrome/57.0.2987.133 Safari/537.36"
109.251.68.52 - - [07/May/2017:11:16:04 +0300] "GET /theme/yui_combo.php?m/1436263095/calendar/eventmanager/eventmanager-min.js HTTP/1.0" 200 1038 "http://learn.topnode.if.ua/" "Mozilla/5.0 (Windows NT 6.1) AppleWebKit/537.36 (KHTML, like Gecko) Chrome/57.0.2987.133 Safari/537.36"
109.251.68.52 - - [07/May/2017:11:16:05 +0300] "GET /theme/yui_combo.php?3.17.2/cssbutton/cssbutton-min.css HTTP/1.0" 200 1106 "http://learn.topnode.if.ua/" "Mozilla/5.0 (Windows NT 6.1) AppleWebKit/537.36 (KHTML, like Gecko) Chrome/57.0.2987.133 Safari/537.36"
109.251.68.52 - - [07/May/2017:11:16:05 +0300] "GET /theme/yui_combo.php?m/1436263095/core/lockscroll/lockscroll-min.js HTTP/1.0" 200 488 "http://learn.topnode.if.ua/" "Mozilla/5.0 (Windows NT 6.1) AppleWebKit/537.36 (KHTML, like Gecko) Chrome/57.0.2987.133 Safari/537.36"
109.251.68.52 - - [07/May/2017:11:16:05 +0300] "GET /theme/image.php/clean/core/1436263095/t/switch_minus HTTP/1.0" 200 936 "http://learn.topnode.if.ua/" "Mozilla/5.0 (Windows NT 6.1) AppleWebKit/537.36 (KHTML, like Gecko) Chrome/57.0.2987.133 Safari/537.36"
109.251.68.52 - - [07/May/2017:11:16:05 +0300] "GET /theme/image.php/clean/core/1436263095/t/switch_plus HTTP/1.0" 200 1036 "http://learn.topnode.if.ua/" "Mozilla/5.0 (Windows NT 6.1) AppleWebKit/537.36 (KHTML, like Gecko) Chrome/57.0.2987.133 Safari/537.36"
109.251.68.52 - - [07/May/2017:11:16:05 +0300] "GET /theme/image.php/clean/theme/1436263095/favicon HTTP/1.0" 200 1150 "http://learn.topnode.if.ua/" "Mozilla/5.0 (Windows NT 6.1) AppleWebKit/537.36 (KHTML, like Gecko) Chrome/57.0.2987.133 Safari/537.36"
193.41.185.22 - - [07/May/2017:11:16:05 +0300] "POST /mod/quiz/processattempt.php HTTP/1.0" 303 469 "http://learn.topnode.if.ua/mod/quiz/attempt.php?attempt=310&page=18" "Mozilla/5.0 (Windows NT 6.3; WOW64) AppleWebKit/537.36 (KHTML, like Gecko) Chrome/57.0.2987.133 Safari/537.36"
193.41.185.22 - - [07/May/2017:11:16:06 +0300] "GET /mod/quiz/attempt.php?attempt=310&page=19 HTTP/1.0" 200 59358 "http://learn.topnode.if.ua/mod/quiz/attempt.php?attempt=310&page=18" "Mozilla/5.0 (Windows NT 6.3; WOW64) AppleWebKit/537.36 (KHTML, like Gecko) Chrome/57.0.2987.133 Safari/537.36"
193.41.185.22 - - [07/May/2017:11:16:08 +0300] "POST /mod/quiz/processattempt.php HTTP/1.0" 303 469 "http://learn.topnode.if.ua/mod/quiz/attempt.php?attempt=308&page=14" "Mozilla/5.0 (Windows NT 6.3; WOW64) AppleWebKit/537.36 (KHTML, like Gecko) Chrome/57.0.2987.133 Safari/537.36"
193.41.185.22 - - [07/May/2017:11:16:09 +0300] "GET /mod/quiz/attempt.php?attempt=308&page=15 HTTP/1.0" 200 58853 "http://learn.topnode.if.ua/mod/quiz/attempt.php?attempt=308&page=14" "Mozilla/5.0 (Windows NT 6.3; WOW64) AppleWebKit/537.36 (KHTML, like Gecko) Chrome/57.0.2987.133 Safari/537.36"
193.41.185.22 - - [07/May/2017:11:16:11 +0300] "POST /login/index.php HTTP/1.0" 303 455 "http://learn.topnode.if.ua/login/index.php" "Mozilla/5.0 (Windows NT 6.3; WOW64) AppleWebKit/537.36 (KHTML, like Gecko) Chrome/57.0.2987.133 Safari/537.36"
193.41.185.22 - - [07/May/2017:11:16:11 +0300] "GET /login/index.php?testsession=10 HTTP/1.0" 303 425 "http://learn.topnode.if.ua/login/index.php" "Mozilla/5.0 (Windows NT 6.3; WOW64) AppleWebKit/537.36 (KHTML, like Gecko) Chrome/57.0.2987.133 Safari/537.36"
109.251.68.52 - - [07/May/2017:11:16:11 +0300] "POST /mod/quiz/processattempt.php HTTP/1.0" 303 469 "http://learn.topnode.if.ua/mod/quiz/attempt.php?attempt=311&page=10" "Mozilla/5.0 (Macintosh; Intel Mac OS X 10_12_4) AppleWebKit/603.1.30 (KHTML, like Gecko) Version/10.1 Safari/603.1.30"
193.41.185.22 - - [07/May/2017:11:16:11 +0300] "GET / HTTP/1.0" 200 37951 "http://learn.topnode.if.ua/login/index.php" "Mozilla/5.0 (Windows NT 6.3; WOW64) AppleWebKit/537.36 (KHTML, like Gecko) Chrome/57.0.2987.133 Safari/537.36"
193.41.185.22 - - [07/May/2017:11:16:11 +0300] "GET /theme/image.php/clean/core/1436263095/t/award HTTP/1.0" 200 1312 "http://learn.topnode.if.ua/" "Mozilla/5.0 (Windows NT 6.3; WOW64) AppleWebKit/537.36 (KHTML, like Gecko) Chrome/57.0.2987.133 Safari/537.36"
193.41.185.22 - - [07/May/2017:11:16:11 +0300] "GET /theme/image.php/clean/core/1436263095/i/course HTTP/1.0" 200 1426 "http://learn.topnode.if.ua/" "Mozilla/5.0 (Windows NT 6.3; WOW64) AppleWebKit/537.36 (KHTML, like Gecko) Chrome/57.0.2987.133 Safari/537.36"
193.41.185.22 - - [07/May/2017:11:16:11 +0300] "GET /theme/image.php/clean/core/1436263095/t/message HTTP/1.0" 200 762 "http://learn.topnode.if.ua/" "Mozilla/5.0 (Windows NT 6.3; WOW64) AppleWebKit/537.36 (KHTML, like Gecko) Chrome/57.0.2987.133 Safari/537.36"
193.41.185.22 - - [07/May/2017:11:16:11 +0300] "GET /theme/image.php/clean/core/1436263095/t/download HTTP/1.0" 200 2212 "http://learn.topnode.if.ua/" "Mozilla/5.0 (Windows NT 6.3; WOW64) AppleWebKit/537.36 (KHTML, like Gecko) Chrome/57.0.2987.133 Safari/537.36"
193.41.185.22 - - [07/May/2017:11:16:11 +0300] "GET /theme/image.php/clean/core/1436263095/i/user HTTP/1.0" 200 827 "http://learn.topnode.if.ua/" "Mozilla/5.0 (Windows NT 6.3; WOW64) AppleWebKit/537.36 (KHTML, like Gecko) Chrome/57.0.2987.133 Safari/537.36"
193.41.185.22 - - [07/May/2017:11:16:11 +0300] "GET /pluginfile.php/33/user/icon/clean/f2?rev=270 HTTP/1.0" 200 3635 "http://learn.topnode.if.ua/" "Mozilla/5.0 (Windows NT 6.3; WOW64) AppleWebKit/537.36 (KHTML, like Gecko) Chrome/57.0.2987.133 Safari/537.36"
193.41.185.22 - - [07/May/2017:11:16:11 +0300] "GET /theme/image.php/clean/core/1436263095/a/logout HTTP/1.0" 200 957 "http://learn.topnode.if.ua/" "Mozilla/5.0 (Windows NT 6.3; WOW64) AppleWebKit/537.36 (KHTML, like Gecko) Chrome/57.0.2987.133 Safari/537.36"
193.41.185.22 - - [07/May/2017:11:16:11 +0300] "GET /theme/image.php/clean/core/1436263095/i/navigationitem HTTP/1.0" 200 754 "http://learn.topnode.if.ua/" "Mozilla/5.0 (Windows NT 6.3; WOW64) AppleWebKit/537.36 (KHTML, like Gecko) Chrome/57.0.2987.133 Safari/537.36"
193.41.185.22 - - [07/May/2017:11:16:11 +0300] "GET /theme/yui_combo.php?3.17.2/event-simulate/event-simulate-min.js&3.17.2/async-queue/async-queue-min.js&3.17.2/gesture-simulate/gesture-simulate-min.js&3.17.2/node-event-simulate/node-event-simulate-min.js&m/1436263095/core/actionmenu/actionmenu-min.js HTTP/1.0" 200 8142 "http://learn.topnode.if.ua/" "Mozilla/5.0 (Windows NT 6.3; WOW64) AppleWebKit/537.36 (KHTML, like Gecko) Chrome/57.0.2987.133 Safari/537.36"
109.251.68.52 - - [07/May/2017:11:16:12 +0300] "GET /mod/quiz/attempt.php?attempt=311&page=11 HTTP/1.0" 200 58820 "http://learn.topnode.if.ua/mod/quiz/attempt.php?attempt=311&page=10" "Mozilla/5.0 (Macintosh; Intel Mac OS X 10_12_4) AppleWebKit/603.1.30 (KHTML, like Gecko) Version/10.1 Safari/603.1.30"
109.251.68.52 - - [07/May/2017:11:16:13 +0300] "GET /login/index.php HTTP/1.0" 200 20866 "http://learn.topnode.if.ua/" "Mozilla/5.0 (Windows NT 6.1) AppleWebKit/537.36 (KHTML, like Gecko) Chrome/57.0.2987.133 Safari/537.36"
109.251.68.52 - - [07/May/2017:11:16:13 +0300] "GET /theme/image.php/clean/core/1436263095/help HTTP/1.0" 200 1114 "http://learn.topnode.if.ua/login/index.php" "Mozilla/5.0 (Windows NT 6.1) AppleWebKit/537.36 (KHTML, like Gecko) Chrome/57.0.2987.133 Safari/537.36"
109.251.68.52 - - [07/May/2017:11:16:14 +0300] "GET /theme/yui_combo.php?3.17.2/plugin/plugin-min.js&m/1436263095/core/lockscroll/lockscroll-min.js HTTP/1.0" 200 990 "http://learn.topnode.if.ua/login/index.php" "Mozilla/5.0 (Windows NT 6.1) AppleWebKit/537.36 (KHTML, like Gecko) Chrome/57.0.2987.133 Safari/537.36"
109.251.68.52 - - [07/May/2017:11:16:14 +0300] "GET /theme/yui_combo.php?3.17.2/event-mousewheel/event-mousewheel-min.js&3.17.2/event-resize/event-resize-min.js&3.17.2/event-hover/event-hover-min.js&3.17.2/event-touch/event-touch-min.js&3.17.2/event-move/event-move-min.js&3.17.2/event-flick/event-flick-min.js&3.17.2/event-valuechange/event-valuechange-min.js&3.17.2/event-tap/event-tap-min.js HTTP/1.0" 200 4808 "http://learn.topnode.if.ua/login/index.php" "Mozilla/5.0 (Windows NT 6.1) AppleWebKit/537.36 (KHTML, like Gecko) Chrome/57.0.2987.133 Safari/537.36"
193.41.185.22 - - [07/May/2017:11:16:15 +0300] "POST /mod/quiz/processattempt.php HTTP/1.0" 303 469 "http://learn.topnode.if.ua/mod/quiz/attempt.php?attempt=309&page=11" "Mozilla/5.0 (Windows NT 6.3; WOW64) AppleWebKit/537.36 (KHTML, like Gecko) Chrome/57.0.2987.133 Safari/537.36"
193.41.185.22 - - [07/May/2017:11:16:15 +0300] "GET /mod/quiz/attempt.php?attempt=309&page=12 HTTP/1.0" 200 59538 "http://learn.topnode.if.ua/mod/quiz/attempt.php?attempt=309&page=11" "Mozilla/5.0 (Windows NT 6.3; WOW64) AppleWebKit/537.36 (KHTML, like Gecko) Chrome/57.0.2987.133 Safari/537.36"
193.41.185.22 - - [07/May/2017:11:16:16 +0300] "POST /mod/quiz/processattempt.php HTTP/1.0" 303 469 "http://learn.topnode.if.ua/mod/quiz/attempt.php?attempt=310&page=19" "Mozilla/5.0 (Windows NT 6.3; WOW64) AppleWebKit/537.36 (KHTML, like Gecko) Chrome/57.0.2987.133 Safari/537.36"
193.41.185.22 - - [07/May/2017:11:16:17 +0300] "GET /mod/quiz/attempt.php?attempt=310&page=20 HTTP/1.0" 200 59327 "http://learn.topnode.if.ua/mod/quiz/attempt.php?attempt=310&page=19" "Mozilla/5.0 (Windows NT 6.3; WOW64) AppleWebKit/537.36 (KHTML, like Gecko) Chrome/57.0.2987.133 Safari/537.36"
193.41.185.22 - - [07/May/2017:11:16:20 +0300] "GET /course/view.php?id=3 HTTP/1.0" 200 56922 "http://learn.topnode.if.ua/" "Mozilla/5.0 (Windows NT 6.3; WOW64) AppleWebKit/537.36 (KHTML, like Gecko) Chrome/57.0.2987.133 Safari/537.36"
193.41.185.22 - - [07/May/2017:11:16:20 +0300] "GET /theme/image.php/clean/core/1436263095/spacer HTTP/1.0" 200 43 "http://learn.topnode.if.ua/course/view.php?id=3" "Mozilla/5.0 (Windows NT 6.3; WOW64) AppleWebKit/537.36 (KHTML, like Gecko) Chrome/57.0.2987.133 Safari/537.36"
193.41.185.22 - - [07/May/2017:11:16:20 +0300] "GET /lib/javascript.php/1436263095/course/format/topics/format.js HTTP/1.0" 200 521 "http://learn.topnode.if.ua/course/view.php?id=3" "Mozilla/5.0 (Windows NT 6.3; WOW64) AppleWebKit/537.36 (KHTML, like Gecko) Chrome/57.0.2987.133 Safari/537.36"
193.41.185.22 - - [07/May/2017:11:16:20 +0300] "GET /theme/image.php/clean/forum/1436263095/icon HTTP/1.0" 200 4348 "http://learn.topnode.if.ua/course/view.php?id=3" "Mozilla/5.0 (Windows NT 6.3; WOW64) AppleWebKit/537.36 (KHTML, like Gecko) Chrome/57.0.2987.133 Safari/537.36"
193.41.185.22 - - [07/May/2017:11:16:20 +0300] "GET /theme/image.php/clean/quiz/1436263095/icon HTTP/1.0" 200 5240 "http://learn.topnode.if.ua/course/view.php?id=3" "Mozilla/5.0 (Windows NT 6.3; WOW64) AppleWebKit/537.36 (KHTML, like Gecko) Chrome/57.0.2987.133 Safari/537.36"
193.41.185.22 - - [07/May/2017:11:16:20 +0300] "GET /theme/image.php/clean/chat/1436263095/icon HTTP/1.0" 200 5364 "http://learn.topnode.if.ua/course/view.php?id=3" "Mozilla/5.0 (Windows NT 6.3; WOW64) AppleWebKit/537.36 (KHTML, like Gecko) Chrome/57.0.2987.133 Safari/537.36"
193.41.185.22 - - [07/May/2017:11:16:20 +0300] "GET /theme/image.php/clean/core/1436263095/i/grades HTTP/1.0" 200 912 "http://learn.topnode.if.ua/course/view.php?id=3" "Mozilla/5.0 (Windows NT 6.3; WOW64) AppleWebKit/537.36 (KHTML, like Gecko) Chrome/57.0.2987.133 Safari/537.36"
193.41.185.22 - - [07/May/2017:11:16:20 +0300] "GET /theme/image.php/clean/assign/1436263095/icon HTTP/1.0" 200 5648 "http://learn.topnode.if.ua/course/view.php?id=3" "Mozilla/5.0 (Windows NT 6.3; WOW64) AppleWebKit/537.36 (KHTML, like Gecko) Chrome/57.0.2987.133 Safari/537.36"
193.41.185.22 - - [07/May/2017:11:16:20 +0300] "GET /theme/image.php/clean/core/1436263095/i/badge HTTP/1.0" 200 1263 "http://learn.topnode.if.ua/course/view.php?id=3" "Mozilla/5.0 (Windows NT 6.3; WOW64) AppleWebKit/537.36 (KHTML, like Gecko) Chrome/57.0.2987.133 Safari/537.36"
193.41.185.22 - - [07/May/2017:11:16:20 +0300] "GET /theme/image.php/clean/core/1436263095/t/expanded HTTP/1.0" 200 761 "http://learn.topnode.if.ua/theme/styles.php/clean/1436263095/all" "Mozilla/5.0 (Windows NT 6.3; WOW64) AppleWebKit/537.36 (KHTML, like Gecko) Chrome/57.0.2987.133 Safari/537.36"
193.41.185.22 - - [07/May/2017:11:16:26 +0300] "GET /mod/quiz/view.php?id=32 HTTP/1.0" 200 45573 "http://learn.topnode.if.ua/course/view.php?id=3" "Mozilla/5.0 (Windows NT 6.3; WOW64) AppleWebKit/537.36 (KHTML, like Gecko) Chrome/57.0.2987.133 Safari/537.36"
193.41.185.22 - - [07/May/2017:11:16:26 +0300] "GET /theme/yui_combo.php?m/1436263095/core/event/event-min.js&m/1436263095/filter_mathjaxloader/loader/loader-min.js HTTP/1.0" 200 711 "http://learn.topnode.if.ua/mod/quiz/view.php?id=32" "Mozilla/5.0 (Windows NT 6.3; WOW64) AppleWebKit/537.36 (KHTML, like Gecko) Chrome/57.0.2987.133 Safari/537.36"
193.41.185.22 - - [07/May/2017:11:16:28 +0300] "POST /mod/quiz/processattempt.php HTTP/1.0" 303 469 "http://learn.topnode.if.ua/mod/quiz/attempt.php?attempt=310&page=20" "Mozilla/5.0 (Windows NT 6.3; WOW64) AppleWebKit/537.36 (KHTML, like Gecko) Chrome/57.0.2987.133 Safari/537.36"
193.41.185.22 - - [07/May/2017:11:16:29 +0300] "GET /mod/quiz/attempt.php?attempt=310&page=21 HTTP/1.0" 200 59052 "http://learn.topnode.if.ua/mod/quiz/attempt.php?attempt=310&page=20" "Mozilla/5.0 (Windows NT 6.3; WOW64) AppleWebKit/537.36 (KHTML, like Gecko) Chrome/57.0.2987.133 Safari/537.36"
193.41.185.22 - - [07/May/2017:11:16:30 +0300] "GET /theme/yui_combo.php?m/1436263095/core/notification/notification-confirm-min.js HTTP/1.0" 200 1009 "http://learn.topnode.if.ua/mod/quiz/view.php?id=32" "Mozilla/5.0 (Windows NT 6.3; WOW64) AppleWebKit/537.36 (KHTML, like Gecko) Chrome/57.0.2987.133 Safari/537.36"
193.41.185.22 - - [07/May/2017:11:16:30 +0300] "GET /theme/image.php/clean/theme/1436263095/sprite HTTP/1.0" 200 1002 "http://learn.topnode.if.ua/theme/styles.php/clean/1436263095/all" "Mozilla/5.0 (Windows NT 6.3; WOW64) AppleWebKit/537.36 (KHTML, like Gecko) Chrome/57.0.2987.133 Safari/537.36"
193.41.185.22 - - [07/May/2017:11:16:33 +0300] "POST /mod/quiz/startattempt.php HTTP/1.0" 303 457 "http://learn.topnode.if.ua/mod/quiz/view.php?id=32" "Mozilla/5.0 (Windows NT 6.3; WOW64) AppleWebKit/537.36 (KHTML, like Gecko) Chrome/57.0.2987.133 Safari/537.36"
193.41.185.22 - - [07/May/2017:11:16:34 +0300] "GET /mod/quiz/attempt.php?attempt=312 HTTP/1.0" 200 60005 "http://learn.topnode.if.ua/mod/quiz/view.php?id=32" "Mozilla/5.0 (Windows NT 6.3; WOW64) AppleWebKit/537.36 (KHTML, like Gecko) Chrome/57.0.2987.133 Safari/537.36"
193.41.185.22 - - [07/May/2017:11:16:34 +0300] "GET /theme/image.php/clean/core/1436263095/i/unflagged HTTP/1.0" 200 288 "http://learn.topnode.if.ua/mod/quiz/attempt.php?attempt=312" "Mozilla/5.0 (Windows NT 6.3; WOW64) AppleWebKit/537.36 (KHTML, like Gecko) Chrome/57.0.2987.133 Safari/537.36"
193.41.185.22 - - [07/May/2017:11:16:34 +0300] "GET /theme/yui_combo.php?3.17.2/event-mousewheel/event-mousewheel-min.js&3.17.2/event-resize/event-resize-min.js&3.17.2/event-hover/event-hover-min.js&3.17.2/event-touch/event-touch-min.js&3.17.2/event-move/event-move-min.js&3.17.2/event-flick/event-flick-min.js&3.17.2/event-valuechange/event-valuechange-min.js&3.17.2/event-tap/event-tap-min.js&3.17.2/io-form/io-form-min.js&m/1436263095/mod_quiz/autosave/autosave-min.js HTTP/1.0" 200 6516 "http://learn.topnode.if.ua/mod/quiz/attempt.php?attempt=312" "Mozilla/5.0 (Windows NT 6.3; WOW64) AppleWebKit/537.36 (KHTML, like Gecko) Chrome/57.0.2987.133 Safari/537.36"
193.41.185.22 - - [07/May/2017:11:16:34 +0300] "GET /theme/yui_combo.php?3.17.2/plugin/plugin-min.js HTTP/1.0" 200 634 "http://learn.topnode.if.ua/mod/quiz/attempt.php?attempt=312" "Mozilla/5.0 (Windows NT 6.3; WOW64) AppleWebKit/537.36 (KHTML, like Gecko) Chrome/57.0.2987.133 Safari/537.36"
193.41.185.22 - - [07/May/2017:11:16:34 +0300] "GET /lib/javascript.php/1436263095/question/flags.js HTTP/1.0" 200 678 "http://learn.topnode.if.ua/mod/quiz/attempt.php?attempt=312" "Mozilla/5.0 (Windows NT 6.3; WOW64) AppleWebKit/537.36 (KHTML, like Gecko) Chrome/57.0.2987.133 Safari/537.36"
193.41.185.22 - - [07/May/2017:11:16:34 +0300] "GET /theme/yui_combo.php?m/1436263095/core/formchangechecker/formchangechecker-min.js HTTP/1.0" 200 811 "http://learn.topnode.if.ua/mod/quiz/attempt.php?attempt=312" "Mozilla/5.0 (Windows NT 6.3; WOW64) AppleWebKit/537.36 (KHTML, like Gecko) Chrome/57.0.2987.133 Safari/537.36"
193.41.185.22 - - [07/May/2017:11:16:34 +0300] "GET /lib/javascript.php/1436263095/question/qengine.js HTTP/1.0" 200 858 "http://learn.topnode.if.ua/mod/quiz/attempt.php?attempt=312" "Mozilla/5.0 (Windows NT 6.3; WOW64) AppleWebKit/537.36 (KHTML, like Gecko) Chrome/57.0.2987.133 Safari/537.36"
193.41.185.22 - - [07/May/2017:11:16:34 +0300] "GET /lib/javascript.php/1436263095/mod/quiz/module.js HTTP/1.0" 200 1874 "http://learn.topnode.if.ua/mod/quiz/attempt.php?attempt=312" "Mozilla/5.0 (Windows NT 6.3; WOW64) AppleWebKit/537.36 (KHTML, like Gecko) Chrome/57.0.2987.133 Safari/537.36"
193.41.185.22 - - [07/May/2017:11:16:34 +0300] "POST /mod/quiz/processattempt.php HTTP/1.0" 303 469 "http://learn.topnode.if.ua/mod/quiz/attempt.php?attempt=310&page=21" "Mozilla/5.0 (Windows NT 6.3; WOW64) AppleWebKit/537.36 (KHTML, like Gecko) Chrome/57.0.2987.133 Safari/537.36"
193.41.185.22 - - [07/May/2017:11:16:35 +0300] "GET /mod/quiz/attempt.php?attempt=310&page=22 HTTP/1.0" 200 59904 "http://learn.topnode.if.ua/mod/quiz/attempt.php?attempt=310&page=21" "Mozilla/5.0 (Windows NT 6.3; WOW64) AppleWebKit/537.36 (KHTML, like Gecko) Chrome/57.0.2987.133 Safari/537.36"
109.251.68.52 - - [07/May/2017:11:16:37 +0300] "POST /mod/quiz/processattempt.php HTTP/1.0" 303 469 "http://learn.topnode.if.ua/mod/quiz/attempt.php?attempt=311&page=11" "Mozilla/5.0 (Macintosh; Intel Mac OS X 10_12_4) AppleWebKit/603.1.30 (KHTML, like Gecko) Version/10.1 Safari/603.1.30"
109.251.68.52 - - [07/May/2017:11:16:37 +0300] "GET /mod/quiz/attempt.php?attempt=311&page=12 HTTP/1.0" 200 59675 "http://learn.topnode.if.ua/mod/quiz/attempt.php?attempt=311&page=11" "Mozilla/5.0 (Macintosh; Intel Mac OS X 10_12_4) AppleWebKit/603.1.30 (KHTML, like Gecko) Version/10.1 Safari/603.1.30"
193.41.185.22 - - [07/May/2017:11:16:38 +0300] "POST /mod/quiz/processattempt.php HTTP/1.0" 303 469 "http://learn.topnode.if.ua/mod/quiz/attempt.php?attempt=309&page=12" "Mozilla/5.0 (Windows NT 6.3; WOW64) AppleWebKit/537.36 (KHTML, like Gecko) Chrome/57.0.2987.133 Safari/537.36"
193.41.185.22 - - [07/May/2017:11:16:39 +0300] "GET /mod/quiz/attempt.php?attempt=309&page=13 HTTP/1.0" 200 59593 "http://learn.topnode.if.ua/mod/quiz/attempt.php?attempt=309&page=12" "Mozilla/5.0 (Windows NT 6.3; WOW64) AppleWebKit/537.36 (KHTML, like Gecko) Chrome/57.0.2987.133 Safari/537.36"
193.41.185.22 - - [07/May/2017:11:16:46 +0300] "POST /mod/quiz/processattempt.php HTTP/1.0" 303 469 "http://learn.topnode.if.ua/mod/quiz/attempt.php?attempt=310&page=22" "Mozilla/5.0 (Windows NT 6.3; WOW64) AppleWebKit/537.36 (KHTML, like Gecko) Chrome/57.0.2987.133 Safari/537.36"
193.41.185.22 - - [07/May/2017:11:16:47 +0300] "GET /mod/quiz/attempt.php?attempt=310&page=23 HTTP/1.0" 200 59443 "http://learn.topnode.if.ua/mod/quiz/attempt.php?attempt=310&page=22" "Mozilla/5.0 (Windows NT 6.3; WOW64) AppleWebKit/537.36 (KHTML, like Gecko) Chrome/57.0.2987.133 Safari/537.36"
109.251.68.52 - - [07/May/2017:11:16:54 +0300] "POST /mod/quiz/processattempt.php HTTP/1.0" 303 469 "http://learn.topnode.if.ua/mod/quiz/attempt.php?attempt=311&page=12" "Mozilla/5.0 (Macintosh; Intel Mac OS X 10_12_4) AppleWebKit/603.1.30 (KHTML, like Gecko) Version/10.1 Safari/603.1.30"
109.251.68.52 - - [07/May/2017:11:16:55 +0300] "GET /mod/quiz/attempt.php?attempt=311&page=13 HTTP/1.0" 200 59577 "http://learn.topnode.if.ua/mod/quiz/attempt.php?attempt=311&page=12" "Mozilla/5.0 (Macintosh; Intel Mac OS X 10_12_4) AppleWebKit/603.1.30 (KHTML, like Gecko) Version/10.1 Safari/603.1.30"
109.251.68.52 - - [07/May/2017:11:16:56 +0300] "GET /theme/yui_combo.php?3.17.2/io-form/io-form-min.js&m/1436263095/mod_quiz/autosave/autosave-min.js HTTP/1.0" 200 2052 "http://learn.topnode.if.ua/mod/quiz/attempt.php?attempt=311&page=13" "Mozilla/5.0 (Macintosh; Intel Mac OS X 10_12_4) AppleWebKit/603.1.30 (KHTML, like Gecko) Version/10.1 Safari/603.1.30"
193.41.185.22 - - [07/May/2017:11:16:57 +0300] "GET /theme/image.php/clean/core/1436263095/i/flagged HTTP/1.0" 200 321 "http://learn.topnode.if.ua/mod/quiz/attempt.php?attempt=312" "Mozilla/5.0 (Windows NT 6.3; WOW64) AppleWebKit/537.36 (KHTML, like Gecko) Chrome/57.0.2987.133 Safari/537.36"
193.41.185.22 - - [07/May/2017:11:16:57 +0300] "GET /theme/image.php/clean/quiz/1436263095/navflagged HTTP/1.0" 200 101 "http://learn.topnode.if.ua/theme/styles.php/clean/1436263095/all" "Mozilla/5.0 (Windows NT 6.3; WOW64) AppleWebKit/537.36 (KHTML, like Gecko) Chrome/57.0.2987.133 Safari/537.36"
193.41.185.22 - - [07/May/2017:11:16:57 +0300] "POST /question/toggleflag.php HTTP/1.0" 200 2 "http://learn.topnode.if.ua/mod/quiz/attempt.php?attempt=312" "Mozilla/5.0 (Windows NT 6.3; WOW64) AppleWebKit/537.36 (KHTML, like Gecko) Chrome/57.0.2987.133 Safari/537.36"
193.41.185.22 - - [07/May/2017:11:16:58 +0300] "POST /mod/quiz/processattempt.php HTTP/1.0" 303 468 "http://learn.topnode.if.ua/mod/quiz/attempt.php?attempt=312" "Mozilla/5.0 (Windows NT 6.3; WOW64) AppleWebKit/537.36 (KHTML, like Gecko) Chrome/57.0.2987.133 Safari/537.36"
193.41.185.22 - - [07/May/2017:11:16:59 +0300] "GET /mod/quiz/attempt.php?attempt=312&page=1 HTTP/1.0" 200 59085 "http://learn.topnode.if.ua/mod/quiz/attempt.php?attempt=312" "Mozilla/5.0 (Windows NT 6.3; WOW64) AppleWebKit/537.36 (KHTML, like Gecko) Chrome/57.0.2987.133 Safari/537.36"
193.41.185.22 - - [07/May/2017:11:17:00 +0300] "POST /mod/quiz/processattempt.php HTTP/1.0" 303 469 "http://learn.topnode.if.ua/mod/quiz/attempt.php?attempt=308&page=15" "Mozilla/5.0 (Windows NT 6.3; WOW64) AppleWebKit/537.36 (KHTML, like Gecko) Chrome/57.0.2987.133 Safari/537.36"
193.41.185.22 - - [07/May/2017:11:17:01 +0300] "GET /mod/quiz/attempt.php?attempt=308&page=16 HTTP/1.0" 200 59380 "http://learn.topnode.if.ua/mod/quiz/attempt.php?attempt=308&page=15" "Mozilla/5.0 (Windows NT 6.3; WOW64) AppleWebKit/537.36 (KHTML, like Gecko) Chrome/57.0.2987.133 Safari/537.36"
193.41.185.22 - - [07/May/2017:11:17:03 +0300] "POST /mod/quiz/processattempt.php HTTP/1.0" 303 469 "http://learn.topnode.if.ua/mod/quiz/attempt.php?attempt=309&page=13" "Mozilla/5.0 (Windows NT 6.3; WOW64) AppleWebKit/537.36 (KHTML, like Gecko) Chrome/57.0.2987.133 Safari/537.36"
193.41.185.22 - - [07/May/2017:11:17:05 +0300] "GET /mod/quiz/attempt.php?attempt=309&page=14 HTTP/1.0" 200 59499 "http://learn.topnode.if.ua/mod/quiz/attempt.php?attempt=309&page=13" "Mozilla/5.0 (Windows NT 6.3; WOW64) AppleWebKit/537.36 (KHTML, like Gecko) Chrome/57.0.2987.133 Safari/537.36"
193.41.185.22 - - [07/May/2017:11:17:17 +0300] "POST /mod/quiz/processattempt.php HTTP/1.0" 303 469 "http://learn.topnode.if.ua/mod/quiz/attempt.php?attempt=309&page=14" "Mozilla/5.0 (Windows NT 6.3; WOW64) AppleWebKit/537.36 (KHTML, like Gecko) Chrome/57.0.2987.133 Safari/537.36"
193.41.185.22 - - [07/May/2017:11:17:18 +0300] "GET /mod/quiz/attempt.php?attempt=309&page=15 HTTP/1.0" 200 58894 "http://learn.topnode.if.ua/mod/quiz/attempt.php?attempt=309&page=14" "Mozilla/5.0 (Windows NT 6.3; WOW64) AppleWebKit/537.36 (KHTML, like Gecko) Chrome/57.0.2987.133 Safari/537.36"
193.41.185.22 - - [07/May/2017:11:17:20 +0300] "POST /mod/quiz/processattempt.php HTTP/1.0" 303 468 "http://learn.topnode.if.ua/mod/quiz/attempt.php?attempt=312&page=1" "Mozilla/5.0 (Windows NT 6.3; WOW64) AppleWebKit/537.36 (KHTML, like Gecko) Chrome/57.0.2987.133 Safari/537.36"
193.41.185.22 - - [07/May/2017:11:17:20 +0300] "GET /mod/quiz/attempt.php?attempt=312&page=2 HTTP/1.0" 200 59030 "http://learn.topnode.if.ua/mod/quiz/attempt.php?attempt=312&page=1" "Mozilla/5.0 (Windows NT 6.3; WOW64) AppleWebKit/537.36 (KHTML, like Gecko) Chrome/57.0.2987.133 Safari/537.36"
193.41.185.22 - - [07/May/2017:11:17:30 +0300] "POST /mod/quiz/processattempt.php HTTP/1.0" 303 468 "http://learn.topnode.if.ua/mod/quiz/attempt.php?attempt=312&page=2" "Mozilla/5.0 (Windows NT 6.3; WOW64) AppleWebKit/537.36 (KHTML, like Gecko) Chrome/57.0.2987.133 Safari/537.36"
193.41.185.22 - - [07/May/2017:11:17:30 +0300] "GET /mod/quiz/attempt.php?attempt=312&page=3 HTTP/1.0" 200 59762 "http://learn.topnode.if.ua/mod/quiz/attempt.php?attempt=312&page=2" "Mozilla/5.0 (Windows NT 6.3; WOW64) AppleWebKit/537.36 (KHTML, like Gecko) Chrome/57.0.2987.133 Safari/537.36"
193.41.185.22 - - [07/May/2017:11:17:37 +0300] "POST /mod/quiz/processattempt.php HTTP/1.0" 303 469 "http://learn.topnode.if.ua/mod/quiz/attempt.php?attempt=310&page=23" "Mozilla/5.0 (Windows NT 6.3; WOW64) AppleWebKit/537.36 (KHTML, like Gecko) Chrome/57.0.2987.133 Safari/537.36"
193.41.185.22 - - [07/May/2017:11:17:37 +0300] "GET /mod/quiz/attempt.php?attempt=310&page=24 HTTP/1.0" 200 58958 "http://learn.topnode.if.ua/mod/quiz/attempt.php?attempt=310&page=23" "Mozilla/5.0 (Windows NT 6.3; WOW64) AppleWebKit/537.36 (KHTML, like Gecko) Chrome/57.0.2987.133 Safari/537.36"
109.251.68.52 - - [07/May/2017:11:17:38 +0300] "POST /mod/quiz/processattempt.php HTTP/1.0" 303 469 "http://learn.topnode.if.ua/mod/quiz/attempt.php?attempt=311&page=13" "Mozilla/5.0 (Macintosh; Intel Mac OS X 10_12_4) AppleWebKit/603.1.30 (KHTML, like Gecko) Version/10.1 Safari/603.1.30"
109.251.68.52 - - [07/May/2017:11:17:39 +0300] "GET /mod/quiz/attempt.php?attempt=311&page=14 HTTP/1.0" 200 59040 "http://learn.topnode.if.ua/mod/quiz/attempt.php?attempt=311&page=13" "Mozilla/5.0 (Macintosh; Intel Mac OS X 10_12_4) AppleWebKit/603.1.30 (KHTML, like Gecko) Version/10.1 Safari/603.1.30"
193.41.185.22 - - [07/May/2017:11:17:41 +0300] "POST /mod/quiz/processattempt.php HTTP/1.0" 303 469 "http://learn.topnode.if.ua/mod/quiz/attempt.php?attempt=309&page=15" "Mozilla/5.0 (Windows NT 6.3; WOW64) AppleWebKit/537.36 (KHTML, like Gecko) Chrome/57.0.2987.133 Safari/537.36"
193.41.185.22 - - [07/May/2017:11:17:42 +0300] "GET /mod/quiz/attempt.php?attempt=309&page=16 HTTP/1.0" 200 59173 "http://learn.topnode.if.ua/mod/quiz/attempt.php?attempt=309&page=15" "Mozilla/5.0 (Windows NT 6.3; WOW64) AppleWebKit/537.36 (KHTML, like Gecko) Chrome/57.0.2987.133 Safari/537.36"
109.251.68.52 - - [07/May/2017:11:17:45 +0300] "POST /mod/quiz/processattempt.php HTTP/1.0" 303 469 "http://learn.topnode.if.ua/mod/quiz/attempt.php?attempt=311&page=14" "Mozilla/5.0 (Macintosh; Intel Mac OS X 10_12_4) AppleWebKit/603.1.30 (KHTML, like Gecko) Version/10.1 Safari/603.1.30"
109.251.68.52 - - [07/May/2017:11:17:46 +0300] "GET /mod/quiz/attempt.php?attempt=311&page=15 HTTP/1.0" 200 59351 "http://learn.topnode.if.ua/mod/quiz/attempt.php?attempt=311&page=14" "Mozilla/5.0 (Macintosh; Intel Mac OS X 10_12_4) AppleWebKit/603.1.30 (KHTML, like Gecko) Version/10.1 Safari/603.1.30"
193.41.185.22 - - [07/May/2017:11:17:54 +0300] "POST /mod/quiz/processattempt.php HTTP/1.0" 303 468 "http://learn.topnode.if.ua/mod/quiz/attempt.php?attempt=312&page=3" "Mozilla/5.0 (Windows NT 6.3; WOW64) AppleWebKit/537.36 (KHTML, like Gecko) Chrome/57.0.2987.133 Safari/537.36"
193.41.185.22 - - [07/May/2017:11:17:54 +0300] "GET /mod/quiz/attempt.php?attempt=312&page=4 HTTP/1.0" 200 61692 "http://learn.topnode.if.ua/mod/quiz/attempt.php?attempt=312&page=3" "Mozilla/5.0 (Windows NT 6.3; WOW64) AppleWebKit/537.36 (KHTML, like Gecko) Chrome/57.0.2987.133 Safari/537.36"
109.251.68.52 - - [07/May/2017:11:17:58 +0300] "POST /mod/quiz/processattempt.php HTTP/1.0" 303 469 "http://learn.topnode.if.ua/mod/quiz/attempt.php?attempt=311&page=15" "Mozilla/5.0 (Macintosh; Intel Mac OS X 10_12_4) AppleWebKit/603.1.30 (KHTML, like Gecko) Version/10.1 Safari/603.1.30"
