193.41.185.22 - - [07/May/2017:10:53:15 +0300] "GET /lib/javascript.php/1436263095/message/module.js HTTP/1.0" 200 950 "http://learn.topnode.if.ua/" "Mozilla/5.0 (Windows NT 6.3; WOW64) AppleWebKit/537.36 (KHTML, like Gecko) Chrome/57.0.2987.133 Safari/537.36"
193.41.185.22 - - [07/May/2017:10:53:15 +0300] "GET /theme/yui_combo.php?3.17.2/event-mousewheel/event-mousewheel-min.js&3.17.2/event-resize/event-resize-min.js&3.17.2/event-hover/event-hover-min.js&3.17.2/event-touch/event-touch-min.js&3.17.2/event-move/event-move-min.js&3.17.2/event-flick/event-flick-min.js&3.17.2/event-valuechange/event-valuechange-min.js&3.17.2/event-tap/event-tap-min.js&3.17.2/event-simulate/event-simulate-min.js&3.17.2/async-queue/async-queue-min.js&3.17.2/gesture-simulate/gesture-simulate-min.js&3.17.2/node-event-simulate/node-event-simulate-min.js HTTP/1.0" 200 10444 "http://learn.topnode.if.ua/" "Mozilla/5.0 (Windows NT 6.3; WOW64) AppleWebKit/537.36 (KHTML, like Gecko) Chrome/57.0.2987.133 Safari/537.36"
193.41.185.22 - - [07/May/2017:10:53:15 +0300] "GET /theme/yui_combo.php?3.17.2/plugin/plugin-min.js HTTP/1.0" 200 634 "http://learn.topnode.if.ua/" "Mozilla/5.0 (Windows NT 6.3; WOW64) AppleWebKit/537.36 (KHTML, like Gecko) Chrome/57.0.2987.133 Safari/537.36"
193.41.185.22 - - [07/May/2017:10:53:15 +0300] "GET /theme/yui_combo.php?m/1436263095/core/actionmenu/actionmenu-min.js HTTP/1.0" 200 2213 "http://learn.topnode.if.ua/" "Mozilla/5.0 (Windows NT 6.3; WOW64) AppleWebKit/537.36 (KHTML, like Gecko) Chrome/57.0.2987.133 Safari/537.36"
193.41.185.22 - - [07/May/2017:10:53:19 +0300] "GET /course/view.php?id=3 HTTP/1.0" 200 57113 "http://learn.topnode.if.ua/" "Mozilla/5.0 (Windows NT 6.3; WOW64) AppleWebKit/537.36 (KHTML, like Gecko) Chrome/57.0.2987.133 Safari/537.36"
193.41.185.22 - - [07/May/2017:10:53:19 +0300] "GET /lib/javascript.php/1436263095/course/format/topics/format.js HTTP/1.0" 200 521 "http://learn.topnode.if.ua/course/view.php?id=3" "Mozilla/5.0 (Windows NT 6.3; WOW64) AppleWebKit/537.36 (KHTML, like Gecko) Chrome/57.0.2987.133 Safari/537.36"
193.41.185.22 - - [07/May/2017:10:53:19 +0300] "GET /theme/image.php/clean/core/1436263095/spacer HTTP/1.0" 200 43 "http://learn.topnode.if.ua/course/view.php?id=3" "Mozilla/5.0 (Windows NT 6.3; WOW64) AppleWebKit/537.36 (KHTML, like Gecko) Chrome/57.0.2987.133 Safari/537.36"
193.41.185.22 - - [07/May/2017:10:53:19 +0300] "GET /theme/image.php/clean/forum/1436263095/icon HTTP/1.0" 200 4348 "http://learn.topnode.if.ua/course/view.php?id=3" "Mozilla/5.0 (Windows NT 6.3; WOW64) AppleWebKit/537.36 (KHTML, like Gecko) Chrome/57.0.2987.133 Safari/537.36"
193.41.185.22 - - [07/May/2017:10:53:19 +0300] "GET /theme/image.php/clean/chat/1436263095/icon HTTP/1.0" 200 5364 "http://learn.topnode.if.ua/course/view.php?id=3" "Mozilla/5.0 (Windows NT 6.3; WOW64) AppleWebKit/537.36 (KHTML, like Gecko) Chrome/57.0.2987.133 Safari/537.36"
193.41.185.22 - - [07/May/2017:10:53:19 +0300] "GET /theme/image.php/clean/assign/1436263095/icon HTTP/1.0" 200 5648 "http://learn.topnode.if.ua/course/view.php?id=3" "Mozilla/5.0 (Windows NT 6.3; WOW64) AppleWebKit/537.36 (KHTML, like Gecko) Chrome/57.0.2987.133 Safari/537.36"
193.41.185.22 - - [07/May/2017:10:53:19 +0300] "GET /theme/image.php/clean/quiz/1436263095/icon HTTP/1.0" 200 5240 "http://learn.topnode.if.ua/course/view.php?id=3" "Mozilla/5.0 (Windows NT 6.3; WOW64) AppleWebKit/537.36 (KHTML, like Gecko) Chrome/57.0.2987.133 Safari/537.36"
193.41.185.22 - - [07/May/2017:10:53:19 +0300] "GET /theme/image.php/clean/core/1436263095/i/badge HTTP/1.0" 200 1263 "http://learn.topnode.if.ua/course/view.php?id=3" "Mozilla/5.0 (Windows NT 6.3; WOW64) AppleWebKit/537.36 (KHTML, like Gecko) Chrome/57.0.2987.133 Safari/537.36"
193.41.185.22 - - [07/May/2017:10:53:19 +0300] "GET /theme/image.php/clean/core/1436263095/i/grades HTTP/1.0" 200 912 "http://learn.topnode.if.ua/course/view.php?id=3" "Mozilla/5.0 (Windows NT 6.3; WOW64) AppleWebKit/537.36 (KHTML, like Gecko) Chrome/57.0.2987.133 Safari/537.36"
193.41.185.22 - - [07/May/2017:10:53:19 +0300] "GET /theme/image.php/clean/core/1436263095/t/expanded HTTP/1.0" 200 761 "http://learn.topnode.if.ua/theme/styles.php/clean/1436263095/all" "Mozilla/5.0 (Windows NT 6.3; WOW64) AppleWebKit/537.36 (KHTML, like Gecko) Chrome/57.0.2987.133 Safari/537.36"
193.41.185.22 - - [07/May/2017:10:53:19 +0300] "GET /theme/yui_combo.php?3.17.2/event-simulate/event-simulate-min.js&3.17.2/async-queue/async-queue-min.js&3.17.2/gesture-simulate/gesture-simulate-min.js&3.17.2/node-event-simulate/node-event-simulate-min.js&m/1436263095/core/actionmenu/actionmenu-min.js HTTP/1.0" 200 8142 "http://learn.topnode.if.ua/course/view.php?id=3" "Mozilla/5.0 (Windows NT 6.3; WOW64) AppleWebKit/537.36 (KHTML, like Gecko) Chrome/57.0.2987.133 Safari/537.36"
193.41.185.22 - - [07/May/2017:10:53:23 +0300] "GET /mod/quiz/view.php?id=32 HTTP/1.0" 200 45657 "http://learn.topnode.if.ua/course/view.php?id=3" "Mozilla/5.0 (Windows NT 6.3; WOW64) AppleWebKit/537.36 (KHTML, like Gecko) Chrome/57.0.2987.133 Safari/537.36"
193.41.185.22 - - [07/May/2017:10:53:23 +0300] "GET /theme/yui_combo.php?m/1436263095/core/event/event-min.js&m/1436263095/filter_mathjaxloader/loader/loader-min.js HTTP/1.0" 200 711 "http://learn.topnode.if.ua/mod/quiz/view.php?id=32" "Mozilla/5.0 (Windows NT 6.3; WOW64) AppleWebKit/537.36 (KHTML, like Gecko) Chrome/57.0.2987.133 Safari/537.36"
34.207.98.73 - - [07/May/2017:11:05:15 +0300] "GET /robots.txt HTTP/1.0" 404 208 "-" "ia_archiver"
34.207.98.73 - - [07/May/2017:11:05:16 +0300] "GET /login/index.php HTTP/1.0" 200 20859 "-" "ia_archiver"
193.41.185.22 - - [07/May/2017:11:10:12 +0300] "POST /login/index.php HTTP/1.0" 303 455 "http://learn.topnode.if.ua/login/index.php" "Mozilla/5.0 (Windows NT 6.3; WOW64) AppleWebKit/537.36 (KHTML, like Gecko) Chrome/57.0.2987.133 Safari/537.36"
193.41.185.22 - - [07/May/2017:11:10:12 +0300] "GET /login/index.php?testsession=88 HTTP/1.0" 303 425 "http://learn.topnode.if.ua/login/index.php" "Mozilla/5.0 (Windows NT 6.3; WOW64) AppleWebKit/537.36 (KHTML, like Gecko) Chrome/57.0.2987.133 Safari/537.36"
193.41.185.22 - - [07/May/2017:11:10:13 +0300] "GET / HTTP/1.0" 200 37968 "http://learn.topnode.if.ua/login/index.php" "Mozilla/5.0 (Windows NT 6.3; WOW64) AppleWebKit/537.36 (KHTML, like Gecko) Chrome/57.0.2987.133 Safari/537.36"
193.41.185.22 - - [07/May/2017:11:10:13 +0300] "GET /theme/image.php/clean/core/1436263095/u/f2 HTTP/1.0" 200 354 "http://learn.topnode.if.ua/" "Mozilla/5.0 (Windows NT 6.3; WOW64) AppleWebKit/537.36 (KHTML, like Gecko) Chrome/57.0.2987.133 Safari/537.36"
193.41.185.22 - - [07/May/2017:11:10:13 +0300] "GET /theme/image.php/clean/core/1436263095/i/course HTTP/1.0" 200 1426 "http://learn.topnode.if.ua/" "Mozilla/5.0 (Windows NT 6.3; WOW64) AppleWebKit/537.36 (KHTML, like Gecko) Chrome/57.0.2987.133 Safari/537.36"
193.41.185.22 - - [07/May/2017:11:10:13 +0300] "GET /theme/image.php/clean/core/1436263095/i/user HTTP/1.0" 200 827 "http://learn.topnode.if.ua/" "Mozilla/5.0 (Windows NT 6.3; WOW64) AppleWebKit/537.36 (KHTML, like Gecko) Chrome/57.0.2987.133 Safari/537.36"
193.41.185.22 - - [07/May/2017:11:10:13 +0300] "GET /theme/image.php/clean/core/1436263095/t/message HTTP/1.0" 200 762 "http://learn.topnode.if.ua/" "Mozilla/5.0 (Windows NT 6.3; WOW64) AppleWebKit/537.36 (KHTML, like Gecko) Chrome/57.0.2987.133 Safari/537.36"
193.41.185.22 - - [07/May/2017:11:10:13 +0300] "GET /theme/image.php/clean/core/1436263095/t/download HTTP/1.0" 200 2212 "http://learn.topnode.if.ua/" "Mozilla/5.0 (Windows NT 6.3; WOW64) AppleWebKit/537.36 (KHTML, like Gecko) Chrome/57.0.2987.133 Safari/537.36"
193.41.185.22 - - [07/May/2017:11:10:14 +0300] "GET /theme/image.php/clean/core/1436263095/t/award HTTP/1.0" 200 1312 "http://learn.topnode.if.ua/" "Mozilla/5.0 (Windows NT 6.3; WOW64) AppleWebKit/537.36 (KHTML, like Gecko) Chrome/57.0.2987.133 Safari/537.36"
193.41.185.22 - - [07/May/2017:11:10:14 +0300] "GET /theme/image.php/clean/core/1436263095/a/logout HTTP/1.0" 200 957 "http://learn.topnode.if.ua/" "Mozilla/5.0 (Windows NT 6.3; WOW64) AppleWebKit/537.36 (KHTML, like Gecko) Chrome/57.0.2987.133 Safari/537.36"
193.41.185.22 - - [07/May/2017:11:10:14 +0300] "GET /theme/image.php/clean/core/1436263095/i/navigationitem HTTP/1.0" 200 754 "http://learn.topnode.if.ua/" "Mozilla/5.0 (Windows NT 6.3; WOW64) AppleWebKit/537.36 (KHTML, like Gecko) Chrome/57.0.2987.133 Safari/537.36"
193.41.185.22 - - [07/May/2017:11:10:14 +0300] "GET /theme/yui_combo.php?3.17.2/event-simulate/event-simulate-min.js&3.17.2/async-queue/async-queue-min.js&3.17.2/gesture-simulate/gesture-simulate-min.js&3.17.2/node-event-simulate/node-event-simulate-min.js&m/1436263095/core/actionmenu/actionmenu-min.js HTTP/1.0" 200 8142 "http://learn.topnode.if.ua/" "Mozilla/5.0 (Windows NT 6.3; WOW64) AppleWebKit/537.36 (KHTML, like Gecko) Chrome/57.0.2987.133 Safari/537.36"
193.41.185.22 - - [07/May/2017:11:10:18 +0300] "GET /course/view.php?id=3 HTTP/1.0" 200 57048 "http://learn.topnode.if.ua/" "Mozilla/5.0 (Windows NT 6.3; WOW64) AppleWebKit/537.36 (KHTML, like Gecko) Chrome/57.0.2987.133 Safari/537.36"
193.41.185.22 - - [07/May/2017:11:10:19 +0300] "GET /theme/image.php/clean/core/1436263095/spacer HTTP/1.0" 200 43 "http://learn.topnode.if.ua/course/view.php?id=3" "Mozilla/5.0 (Windows NT 6.3; WOW64) AppleWebKit/537.36 (KHTML, like Gecko) Chrome/57.0.2987.133 Safari/537.36"
193.41.185.22 - - [07/May/2017:11:10:19 +0300] "GET /lib/javascript.php/1436263095/course/format/topics/format.js HTTP/1.0" 200 521 "http://learn.topnode.if.ua/course/view.php?id=3" "Mozilla/5.0 (Windows NT 6.3; WOW64) AppleWebKit/537.36 (KHTML, like Gecko) Chrome/57.0.2987.133 Safari/537.36"
193.41.185.22 - - [07/May/2017:11:10:19 +0300] "GET /theme/image.php/clean/forum/1436263095/icon HTTP/1.0" 200 4348 "http://learn.topnode.if.ua/course/view.php?id=3" "Mozilla/5.0 (Windows NT 6.3; WOW64) AppleWebKit/537.36 (KHTML, like Gecko) Chrome/57.0.2987.133 Safari/537.36"
193.41.185.22 - - [07/May/2017:11:10:19 +0300] "GET /theme/image.php/clean/chat/1436263095/icon HTTP/1.0" 200 5364 "http://learn.topnode.if.ua/course/view.php?id=3" "Mozilla/5.0 (Windows NT 6.3; WOW64) AppleWebKit/537.36 (KHTML, like Gecko) Chrome/57.0.2987.133 Safari/537.36"
193.41.185.22 - - [07/May/2017:11:10:19 +0300] "GET /theme/image.php/clean/assign/1436263095/icon HTTP/1.0" 200 5648 "http://learn.topnode.if.ua/course/view.php?id=3" "Mozilla/5.0 (Windows NT 6.3; WOW64) AppleWebKit/537.36 (KHTML, like Gecko) Chrome/57.0.2987.133 Safari/537.36"
193.41.185.22 - - [07/May/2017:11:10:19 +0300] "GET /theme/image.php/clean/quiz/1436263095/icon HTTP/1.0" 200 5240 "http://learn.topnode.if.ua/course/view.php?id=3" "Mozilla/5.0 (Windows NT 6.3; WOW64) AppleWebKit/537.36 (KHTML, like Gecko) Chrome/57.0.2987.133 Safari/537.36"
193.41.185.22 - - [07/May/2017:11:10:19 +0300] "GET /theme/image.php/clean/core/1436263095/i/badge HTTP/1.0" 200 1263 "http://learn.topnode.if.ua/course/view.php?id=3" "Mozilla/5.0 (Windows NT 6.3; WOW64) AppleWebKit/537.36 (KHTML, like Gecko) Chrome/57.0.2987.133 Safari/537.36"
193.41.185.22 - - [07/May/2017:11:10:19 +0300] "GET /theme/image.php/clean/core/1436263095/i/grades HTTP/1.0" 200 912 "http://learn.topnode.if.ua/course/view.php?id=3" "Mozilla/5.0 (Windows NT 6.3; WOW64) AppleWebKit/537.36 (KHTML, like Gecko) Chrome/57.0.2987.133 Safari/537.36"
193.41.185.22 - - [07/May/2017:11:10:19 +0300] "GET /theme/image.php/clean/core/1436263095/t/expanded HTTP/1.0" 200 761 "http://learn.topnode.if.ua/theme/styles.php/clean/1436263095/all" "Mozilla/5.0 (Windows NT 6.3; WOW64) AppleWebKit/537.36 (KHTML, like Gecko) Chrome/57.0.2987.133 Safari/537.36"
193.41.185.22 - - [07/May/2017:11:10:25 +0300] "GET /grade/report/index.php?id=3 HTTP/1.0" 303 457 "http://learn.topnode.if.ua/course/view.php?id=3" "Mozilla/5.0 (Windows NT 6.3; WOW64) AppleWebKit/537.36 (KHTML, like Gecko) Chrome/57.0.2987.133 Safari/537.36"
193.41.185.22 - - [07/May/2017:11:10:25 +0300] "GET /grade/report/user/index.php?id=3 HTTP/1.0" 200 60381 "http://learn.topnode.if.ua/course/view.php?id=3" "Mozilla/5.0 (Windows NT 6.3; WOW64) AppleWebKit/537.36 (KHTML, like Gecko) Chrome/57.0.2987.133 Safari/537.36"
193.41.185.22 - - [07/May/2017:11:10:25 +0300] "GET /theme/image.php/clean/core/1436263095/i/folder HTTP/1.0" 200 818 "http://learn.topnode.if.ua/grade/report/user/index.php?id=3" "Mozilla/5.0 (Windows NT 6.3; WOW64) AppleWebKit/537.36 (KHTML, like Gecko) Chrome/57.0.2987.133 Safari/537.36"
193.41.185.22 - - [07/May/2017:11:10:25 +0300] "GET /theme/image.php/clean/core/1436263095/i/agg_sum HTTP/1.0" 200 886 "http://learn.topnode.if.ua/grade/report/user/index.php?id=3" "Mozilla/5.0 (Windows NT 6.3; WOW64) AppleWebKit/537.36 (KHTML, like Gecko) Chrome/57.0.2987.133 Safari/537.36"
193.41.185.22 - - [07/May/2017:11:10:25 +0300] "GET /theme/image.php/clean/core/1436263095/i/report HTTP/1.0" 200 876 "http://learn.topnode.if.ua/grade/report/user/index.php?id=3" "Mozilla/5.0 (Windows NT 6.3; WOW64) AppleWebKit/537.36 (KHTML, like Gecko) Chrome/57.0.2987.133 Safari/537.36"
193.41.185.22 - - [07/May/2017:11:10:26 +0300] "GET /theme/yui_combo.php?m/1436263095/core/formautosubmit/formautosubmit-min.js HTTP/1.0" 200 650 "http://learn.topnode.if.ua/grade/report/user/index.php?id=3" "Mozilla/5.0 (Windows NT 6.3; WOW64) AppleWebKit/537.36 (KHTML, like Gecko) Chrome/57.0.2987.133 Safari/537.36"
193.41.185.22 - - [07/May/2017:11:10:26 +0300] "GET /theme/yui_combo.php?m/1436263095/core/event/event-min.js&m/1436263095/filter_mathjaxloader/loader/loader-min.js HTTP/1.0" 200 711 "http://learn.topnode.if.ua/grade/report/user/index.php?id=3" "Mozilla/5.0 (Windows NT 6.3; WOW64) AppleWebKit/537.36 (KHTML, like Gecko) Chrome/57.0.2987.133 Safari/537.36"
193.41.185.22 - - [07/May/2017:11:10:36 +0300] "GET /course/view.php?id=3 HTTP/1.0" 200 57048 "http://learn.topnode.if.ua/grade/report/user/index.php?id=3" "Mozilla/5.0 (Windows NT 6.3; WOW64) AppleWebKit/537.36 (KHTML, like Gecko) Chrome/57.0.2987.133 Safari/537.36"
193.41.185.22 - - [07/May/2017:11:10:39 +0300] "GET /mod/quiz/view.php?id=32 HTTP/1.0" 200 45592 "http://learn.topnode.if.ua/course/view.php?id=3" "Mozilla/5.0 (Windows NT 6.3; WOW64) AppleWebKit/537.36 (KHTML, like Gecko) Chrome/57.0.2987.133 Safari/537.36"
193.41.185.22 - - [07/May/2017:11:10:43 +0300] "GET /theme/yui_combo.php?m/1436263095/core/notification/notification-confirm-min.js HTTP/1.0" 200 1009 "http://learn.topnode.if.ua/mod/quiz/view.php?id=32" "Mozilla/5.0 (Windows NT 6.3; WOW64) AppleWebKit/537.36 (KHTML, like Gecko) Chrome/57.0.2987.133 Safari/537.36"
193.41.185.22 - - [07/May/2017:11:10:43 +0300] "GET /theme/image.php/clean/theme/1436263095/sprite HTTP/1.0" 200 1002 "http://learn.topnode.if.ua/theme/styles.php/clean/1436263095/all" "Mozilla/5.0 (Windows NT 6.3; WOW64) AppleWebKit/537.36 (KHTML, like Gecko) Chrome/57.0.2987.133 Safari/537.36"
193.41.185.22 - - [07/May/2017:11:10:45 +0300] "GET /theme/yui_combo.php?m/1436263095/core/notification/notification-confirm-min.js HTTP/1.0" 200 1009 "http://learn.topnode.if.ua/mod/quiz/view.php?id=32" "Mozilla/5.0 (Windows NT 6.3; WOW64) AppleWebKit/537.36 (KHTML, like Gecko) Chrome/57.0.2987.133 Safari/537.36"
193.41.185.22 - - [07/May/2017:11:10:45 +0300] "GET /theme/image.php/clean/theme/1436263095/sprite HTTP/1.0" 200 1002 "http://learn.topnode.if.ua/theme/styles.php/clean/1436263095/all" "Mozilla/5.0 (Windows NT 6.3; WOW64) AppleWebKit/537.36 (KHTML, like Gecko) Chrome/57.0.2987.133 Safari/537.36"
193.41.185.22 - - [07/May/2017:11:10:45 +0300] "GET /theme/yui_combo.php?m/1436263095/core/notification/notification-confirm-min.js HTTP/1.0" 200 1009 "http://learn.topnode.if.ua/mod/quiz/view.php?id=32" "Mozilla/5.0 (Windows NT 6.3; WOW64) AppleWebKit/537.36 (KHTML, like Gecko) Chrome/57.0.2987.133 Safari/537.36"
193.41.185.22 - - [07/May/2017:11:10:45 +0300] "GET /theme/image.php/clean/theme/1436263095/sprite HTTP/1.0" 200 1002 "http://learn.topnode.if.ua/theme/styles.php/clean/1436263095/all" "Mozilla/5.0 (Windows NT 6.3; WOW64) AppleWebKit/537.36 (KHTML, like Gecko) Chrome/57.0.2987.133 Safari/537.36"
193.41.185.22 - - [07/May/2017:11:10:48 +0300] "POST /mod/quiz/startattempt.php HTTP/1.0" 303 457 "http://learn.topnode.if.ua/mod/quiz/view.php?id=32" "Mozilla/5.0 (Windows NT 6.3; WOW64) AppleWebKit/537.36 (KHTML, like Gecko) Chrome/57.0.2987.133 Safari/537.36"
193.41.185.22 - - [07/May/2017:11:10:48 +0300] "GET /mod/quiz/attempt.php?attempt=308 HTTP/1.0" 200 59099 "http://learn.topnode.if.ua/mod/quiz/view.php?id=32" "Mozilla/5.0 (Windows NT 6.3; WOW64) AppleWebKit/537.36 (KHTML, like Gecko) Chrome/57.0.2987.133 Safari/537.36"
193.41.185.22 - - [07/May/2017:11:10:48 +0300] "GET /theme/image.php/clean/core/1436263095/i/unflagged HTTP/1.0" 200 288 "http://learn.topnode.if.ua/mod/quiz/attempt.php?attempt=308" "Mozilla/5.0 (Windows NT 6.3; WOW64) AppleWebKit/537.36 (KHTML, like Gecko) Chrome/57.0.2987.133 Safari/537.36"
193.41.185.22 - - [07/May/2017:11:10:48 +0300] "GET /theme/yui_combo.php?3.17.2/event-mousewheel/event-mousewheel-min.js&3.17.2/event-resize/event-resize-min.js&3.17.2/event-hover/event-hover-min.js&3.17.2/event-touch/event-touch-min.js&3.17.2/event-move/event-move-min.js&3.17.2/event-flick/event-flick-min.js&3.17.2/event-valuechange/event-valuechange-min.js&3.17.2/event-tap/event-tap-min.js&3.17.2/io-form/io-form-min.js&m/1436263095/mod_quiz/autosave/autosave-min.js HTTP/1.0" 200 6516 "http://learn.topnode.if.ua/mod/quiz/attempt.php?attempt=308" "Mozilla/5.0 (Windows NT 6.3; WOW64) AppleWebKit/537.36 (KHTML, like Gecko) Chrome/57.0.2987.133 Safari/537.36"
193.41.185.22 - - [07/May/2017:11:10:48 +0300] "GET /theme/yui_combo.php?3.17.2/plugin/plugin-min.js HTTP/1.0" 200 634 "http://learn.topnode.if.ua/mod/quiz/attempt.php?attempt=308" "Mozilla/5.0 (Windows NT 6.3; WOW64) AppleWebKit/537.36 (KHTML, like Gecko) Chrome/57.0.2987.133 Safari/537.36"
193.41.185.22 - - [07/May/2017:11:10:48 +0300] "GET /lib/javascript.php/1436263095/question/flags.js HTTP/1.0" 200 678 "http://learn.topnode.if.ua/mod/quiz/attempt.php?attempt=308" "Mozilla/5.0 (Windows NT 6.3; WOW64) AppleWebKit/537.36 (KHTML, like Gecko) Chrome/57.0.2987.133 Safari/537.36"
193.41.185.22 - - [07/May/2017:11:10:48 +0300] "GET /theme/yui_combo.php?m/1436263095/core/formchangechecker/formchangechecker-min.js HTTP/1.0" 200 811 "http://learn.topnode.if.ua/mod/quiz/attempt.php?attempt=308" "Mozilla/5.0 (Windows NT 6.3; WOW64) AppleWebKit/537.36 (KHTML, like Gecko) Chrome/57.0.2987.133 Safari/537.36"
193.41.185.22 - - [07/May/2017:11:10:49 +0300] "GET /lib/javascript.php/1436263095/mod/quiz/module.js HTTP/1.0" 200 1874 "http://learn.topnode.if.ua/mod/quiz/attempt.php?attempt=308" "Mozilla/5.0 (Windows NT 6.3; WOW64) AppleWebKit/537.36 (KHTML, like Gecko) Chrome/57.0.2987.133 Safari/537.36"
193.41.185.22 - - [07/May/2017:11:10:49 +0300] "GET /lib/javascript.php/1436263095/question/qengine.js HTTP/1.0" 200 858 "http://learn.topnode.if.ua/mod/quiz/attempt.php?attempt=308" "Mozilla/5.0 (Windows NT 6.3; WOW64) AppleWebKit/537.36 (KHTML, like Gecko) Chrome/57.0.2987.133 Safari/537.36"
193.41.185.22 - - [07/May/2017:11:10:50 +0300] "POST /mod/quiz/startattempt.php HTTP/1.0" 303 457 "http://learn.topnode.if.ua/mod/quiz/view.php?id=32" "Mozilla/5.0 (Windows NT 6.3; WOW64) AppleWebKit/537.36 (KHTML, like Gecko) Chrome/57.0.2987.133 Safari/537.36"
193.41.185.22 - - [07/May/2017:11:10:50 +0300] "GET /mod/quiz/attempt.php?attempt=309 HTTP/1.0" 200 59486 "http://learn.topnode.if.ua/mod/quiz/view.php?id=32" "Mozilla/5.0 (Windows NT 6.3; WOW64) AppleWebKit/537.36 (KHTML, like Gecko) Chrome/57.0.2987.133 Safari/537.36"
193.41.185.22 - - [07/May/2017:11:10:50 +0300] "POST /mod/quiz/startattempt.php HTTP/1.0" 303 457 "http://learn.topnode.if.ua/mod/quiz/view.php?id=32" "Mozilla/5.0 (Windows NT 6.3; WOW64) AppleWebKit/537.36 (KHTML, like Gecko) Chrome/57.0.2987.133 Safari/537.36"
193.41.185.22 - - [07/May/2017:11:10:50 +0300] "GET /theme/image.php/clean/core/1436263095/i/unflagged HTTP/1.0" 200 288 "http://learn.topnode.if.ua/mod/quiz/attempt.php?attempt=309" "Mozilla/5.0 (Windows NT 6.3; WOW64) AppleWebKit/537.36 (KHTML, like Gecko) Chrome/57.0.2987.133 Safari/537.36"
193.41.185.22 - - [07/May/2017:11:10:50 +0300] "GET /theme/yui_combo.php?3.17.2/event-mousewheel/event-mousewheel-min.js&3.17.2/event-resize/event-resize-min.js&3.17.2/event-hover/event-hover-min.js&3.17.2/event-touch/event-touch-min.js&3.17.2/event-move/event-move-min.js&3.17.2/event-flick/event-flick-min.js&3.17.2/event-valuechange/event-valuechange-min.js&3.17.2/event-tap/event-tap-min.js&3.17.2/io-form/io-form-min.js&m/1436263095/mod_quiz/autosave/autosave-min.js HTTP/1.0" 200 6516 "http://learn.topnode.if.ua/mod/quiz/attempt.php?attempt=309" "Mozilla/5.0 (Windows NT 6.3; WOW64) AppleWebKit/537.36 (KHTML, like Gecko) Chrome/57.0.2987.133 Safari/537.36"
193.41.185.22 - - [07/May/2017:11:10:50 +0300] "GET /lib/javascript.php/1436263095/question/flags.js HTTP/1.0" 200 678 "http://learn.topnode.if.ua/mod/quiz/attempt.php?attempt=309" "Mozilla/5.0 (Windows NT 6.3; WOW64) AppleWebKit/537.36 (KHTML, like Gecko) Chrome/57.0.2987.133 Safari/537.36"
193.41.185.22 - - [07/May/2017:11:10:50 +0300] "GET /lib/javascript.php/1436263095/question/qengine.js HTTP/1.0" 200 858 "http://learn.topnode.if.ua/mod/quiz/attempt.php?attempt=309" "Mozilla/5.0 (Windows NT 6.3; WOW64) AppleWebKit/537.36 (KHTML, like Gecko) Chrome/57.0.2987.133 Safari/537.36"
193.41.185.22 - - [07/May/2017:11:10:50 +0300] "GET /lib/javascript.php/1436263095/mod/quiz/module.js HTTP/1.0" 200 1874 "http://learn.topnode.if.ua/mod/quiz/attempt.php?attempt=309" "Mozilla/5.0 (Windows NT 6.3; WOW64) AppleWebKit/537.36 (KHTML, like Gecko) Chrome/57.0.2987.133 Safari/537.36"
193.41.185.22 - - [07/May/2017:11:10:50 +0300] "GET /theme/yui_combo.php?m/1436263095/core/formchangechecker/formchangechecker-min.js HTTP/1.0" 200 811 "http://learn.topnode.if.ua/mod/quiz/attempt.php?attempt=309" "Mozilla/5.0 (Windows NT 6.3; WOW64) AppleWebKit/537.36 (KHTML, like Gecko) Chrome/57.0.2987.133 Safari/537.36"
193.41.185.22 - - [07/May/2017:11:10:50 +0300] "GET /mod/quiz/attempt.php?attempt=310 HTTP/1.0" 200 60588 "http://learn.topnode.if.ua/mod/quiz/view.php?id=32" "Mozilla/5.0 (Windows NT 6.3; WOW64) AppleWebKit/537.36 (KHTML, like Gecko) Chrome/57.0.2987.133 Safari/537.36"
193.41.185.22 - - [07/May/2017:11:10:51 +0300] "GET /theme/image.php/clean/core/1436263095/i/unflagged HTTP/1.0" 200 288 "http://learn.topnode.if.ua/mod/quiz/attempt.php?attempt=310" "Mozilla/5.0 (Windows NT 6.3; WOW64) AppleWebKit/537.36 (KHTML, like Gecko) Chrome/57.0.2987.133 Safari/537.36"
193.41.185.22 - - [07/May/2017:11:10:51 +0300] "GET /theme/yui_combo.php?3.17.2/event-mousewheel/event-mousewheel-min.js&3.17.2/event-resize/event-resize-min.js&3.17.2/event-hover/event-hover-min.js&3.17.2/event-touch/event-touch-min.js&3.17.2/event-move/event-move-min.js&3.17.2/event-flick/event-flick-min.js&3.17.2/event-valuechange/event-valuechange-min.js&3.17.2/event-tap/event-tap-min.js&3.17.2/io-form/io-form-min.js&m/1436263095/mod_quiz/autosave/autosave-min.js HTTP/1.0" 200 6516 "http://learn.topnode.if.ua/mod/quiz/attempt.php?attempt=310" "Mozilla/5.0 (Windows NT 6.3; WOW64) AppleWebKit/537.36 (KHTML, like Gecko) Chrome/57.0.2987.133 Safari/537.36"
193.41.185.22 - - [07/May/2017:11:10:51 +0300] "GET /lib/javascript.php/1436263095/question/flags.js HTTP/1.0" 200 678 "http://learn.topnode.if.ua/mod/quiz/attempt.php?attempt=310" "Mozilla/5.0 (Windows NT 6.3; WOW64) AppleWebKit/537.36 (KHTML, like Gecko) Chrome/57.0.2987.133 Safari/537.36"
193.41.185.22 - - [07/May/2017:11:10:51 +0300] "GET /lib/javascript.php/1436263095/question/qengine.js HTTP/1.0" 200 858 "http://learn.topnode.if.ua/mod/quiz/attempt.php?attempt=310" "Mozilla/5.0 (Windows NT 6.3; WOW64) AppleWebKit/537.36 (KHTML, like Gecko) Chrome/57.0.2987.133 Safari/537.36"
193.41.185.22 - - [07/May/2017:11:10:51 +0300] "GET /lib/javascript.php/1436263095/mod/quiz/module.js HTTP/1.0" 200 1874 "http://learn.topnode.if.ua/mod/quiz/attempt.php?attempt=310" "Mozilla/5.0 (Windows NT 6.3; WOW64) AppleWebKit/537.36 (KHTML, like Gecko) Chrome/57.0.2987.133 Safari/537.36"
193.41.185.22 - - [07/May/2017:11:10:51 +0300] "GET /theme/yui_combo.php?m/1436263095/core/formchangechecker/formchangechecker-min.js HTTP/1.0" 200 811 "http://learn.topnode.if.ua/mod/quiz/attempt.php?attempt=310" "Mozilla/5.0 (Windows NT 6.3; WOW64) AppleWebKit/537.36 (KHTML, like Gecko) Chrome/57.0.2987.133 Safari/537.36"
193.41.185.22 - - [07/May/2017:11:10:51 +0300] "GET /theme/yui_combo.php?3.17.2/event-simulate/event-simulate-min.js&3.17.2/async-queue/async-queue-min.js&3.17.2/gesture-simulate/gesture-simulate-min.js&3.17.2/node-event-simulate/node-event-simulate-min.js HTTP/1.0" 200 6149 "http://learn.topnode.if.ua/mod/quiz/attempt.php?attempt=310" "Mozilla/5.0 (Windows NT 6.3; WOW64) AppleWebKit/537.36 (KHTML, like Gecko) Chrome/57.0.2987.133 Safari/537.36"
193.41.185.22 - - [07/May/2017:11:10:54 +0300] "POST /mod/quiz/processattempt.php HTTP/1.0" 303 468 "http://learn.topnode.if.ua/mod/quiz/attempt.php?attempt=308" "Mozilla/5.0 (Windows NT 6.3; WOW64) AppleWebKit/537.36 (KHTML, like Gecko) Chrome/57.0.2987.133 Safari/537.36"
193.41.185.22 - - [07/May/2017:11:10:54 +0300] "GET /mod/quiz/attempt.php?attempt=308&page=1 HTTP/1.0" 200 59547 "http://learn.topnode.if.ua/mod/quiz/attempt.php?attempt=308" "Mozilla/5.0 (Windows NT 6.3; WOW64) AppleWebKit/537.36 (KHTML, like Gecko) Chrome/57.0.2987.133 Safari/537.36"
193.41.185.22 - - [07/May/2017:11:10:58 +0300] "POST /mod/quiz/processattempt.php HTTP/1.0" 303 468 "http://learn.topnode.if.ua/mod/quiz/attempt.php?attempt=309" "Mozilla/5.0 (Windows NT 6.3; WOW64) AppleWebKit/537.36 (KHTML, like Gecko) Chrome/57.0.2987.133 Safari/537.36"
193.41.185.22 - - [07/May/2017:11:10:58 +0300] "GET /mod/quiz/attempt.php?attempt=309&page=1 HTTP/1.0" 200 59124 "http://learn.topnode.if.ua/mod/quiz/attempt.php?attempt=309" "Mozilla/5.0 (Windows NT 6.3; WOW64) AppleWebKit/537.36 (KHTML, like Gecko) Chrome/57.0.2987.133 Safari/537.36"
193.41.185.22 - - [07/May/2017:11:11:02 +0300] "POST /mod/quiz/processattempt.php HTTP/1.0" 303 468 "http://learn.topnode.if.ua/mod/quiz/attempt.php?attempt=310" "Mozilla/5.0 (Windows NT 6.3; WOW64) AppleWebKit/537.36 (KHTML, like Gecko) Chrome/57.0.2987.133 Safari/537.36"
193.41.185.22 - - [07/May/2017:11:11:02 +0300] "GET /mod/quiz/attempt.php?attempt=310&page=1 HTTP/1.0" 200 60201 "http://learn.topnode.if.ua/mod/quiz/attempt.php?attempt=310" "Mozilla/5.0 (Windows NT 6.3; WOW64) AppleWebKit/537.36 (KHTML, like Gecko) Chrome/57.0.2987.133 Safari/537.36"
193.41.185.22 - - [07/May/2017:11:11:04 +0300] "POST /mod/quiz/processattempt.php HTTP/1.0" 303 468 "http://learn.topnode.if.ua/mod/quiz/attempt.php?attempt=309&page=1" "Mozilla/5.0 (Windows NT 6.3; WOW64) AppleWebKit/537.36 (KHTML, like Gecko) Chrome/57.0.2987.133 Safari/537.36"
193.41.185.22 - - [07/May/2017:11:11:04 +0300] "GET /mod/quiz/attempt.php?attempt=309&page=2 HTTP/1.0" 200 60528 "http://learn.topnode.if.ua/mod/quiz/attempt.php?attempt=309&page=1" "Mozilla/5.0 (Windows NT 6.3; WOW64) AppleWebKit/537.36 (KHTML, like Gecko) Chrome/57.0.2987.133 Safari/537.36"
193.41.185.22 - - [07/May/2017:11:11:12 +0300] "POST /mod/quiz/processattempt.php HTTP/1.0" 303 468 "http://learn.topnode.if.ua/mod/quiz/attempt.php?attempt=308&page=1" "Mozilla/5.0 (Windows NT 6.3; WOW64) AppleWebKit/537.36 (KHTML, like Gecko) Chrome/57.0.2987.133 Safari/537.36"
193.41.185.22 - - [07/May/2017:11:11:13 +0300] "GET /mod/quiz/attempt.php?attempt=308&page=2 HTTP/1.0" 200 59643 "http://learn.topnode.if.ua/mod/quiz/attempt.php?attempt=308&page=1" "Mozilla/5.0 (Windows NT 6.3; WOW64) AppleWebKit/537.36 (KHTML, like Gecko) Chrome/57.0.2987.133 Safari/537.36"
109.251.68.52 - - [07/May/2017:11:11:15 +0300] "GET / HTTP/1.0" 200 23712 "-" "Mozilla/5.0 (Macintosh; Intel Mac OS X 10_12_4) AppleWebKit/603.1.30 (KHTML, like Gecko) Version/10.1 Safari/603.1.30"
193.41.185.22 - - [07/May/2017:11:11:17 +0300] "POST /mod/quiz/processattempt.php HTTP/1.0" 303 468 "http://learn.topnode.if.ua/mod/quiz/attempt.php?attempt=310&page=1" "Mozilla/5.0 (Windows NT 6.3; WOW64) AppleWebKit/537.36 (KHTML, like Gecko) Chrome/57.0.2987.133 Safari/537.36"
109.251.68.52 - - [07/May/2017:11:11:18 +0300] "GET /login/index.php HTTP/1.0" 303 440 "http://learn.topnode.if.ua/" "Mozilla/5.0 (Macintosh; Intel Mac OS X 10_12_4) AppleWebKit/603.1.30 (KHTML, like Gecko) Version/10.1 Safari/603.1.30"
109.251.68.52 - - [07/May/2017:11:11:18 +0300] "GET /login/index.php HTTP/1.0" 200 21352 "http://learn.topnode.if.ua/" "Mozilla/5.0 (Macintosh; Intel Mac OS X 10_12_4) AppleWebKit/603.1.30 (KHTML, like Gecko) Version/10.1 Safari/603.1.30"
193.41.185.22 - - [07/May/2017:11:11:18 +0300] "GET /mod/quiz/attempt.php?attempt=310&page=2 HTTP/1.0" 200 59790 "http://learn.topnode.if.ua/mod/quiz/attempt.php?attempt=310&page=1" "Mozilla/5.0 (Windows NT 6.3; WOW64) AppleWebKit/537.36 (KHTML, like Gecko) Chrome/57.0.2987.133 Safari/537.36"
109.251.68.52 - - [07/May/2017:11:11:18 +0300] "GET /theme/image.php/clean/core/1436263095/i/warning HTTP/1.0" 200 974 "http://learn.topnode.if.ua/login/index.php" "Mozilla/5.0 (Macintosh; Intel Mac OS X 10_12_4) AppleWebKit/603.1.30 (KHTML, like Gecko) Version/10.1 Safari/603.1.30"
109.251.68.52 - - [07/May/2017:11:11:22 +0300] "POST /login/index.php HTTP/1.0" 303 455 "http://learn.topnode.if.ua/login/index.php" "Mozilla/5.0 (Macintosh; Intel Mac OS X 10_12_4) AppleWebKit/603.1.30 (KHTML, like Gecko) Version/10.1 Safari/603.1.30"
109.251.68.52 - - [07/May/2017:11:11:22 +0300] "GET /login/index.php?testsession=90 HTTP/1.0" 303 425 "http://learn.topnode.if.ua/login/index.php" "Mozilla/5.0 (Macintosh; Intel Mac OS X 10_12_4) AppleWebKit/603.1.30 (KHTML, like Gecko) Version/10.1 Safari/603.1.30"
109.251.68.52 - - [07/May/2017:11:11:22 +0300] "GET / HTTP/1.0" 200 38004 "http://learn.topnode.if.ua/login/index.php" "Mozilla/5.0 (Macintosh; Intel Mac OS X 10_12_4) AppleWebKit/603.1.30 (KHTML, like Gecko) Version/10.1 Safari/603.1.30"
193.41.185.22 - - [07/May/2017:11:11:23 +0300] "POST /mod/quiz/processattempt.php HTTP/1.0" 303 468 "http://learn.topnode.if.ua/mod/quiz/attempt.php?attempt=308&page=2" "Mozilla/5.0 (Windows NT 6.3; WOW64) AppleWebKit/537.36 (KHTML, like Gecko) Chrome/57.0.2987.133 Safari/537.36"
193.41.185.22 - - [07/May/2017:11:11:23 +0300] "GET /mod/quiz/attempt.php?attempt=308&page=3 HTTP/1.0" 200 59498 "http://learn.topnode.if.ua/mod/quiz/attempt.php?attempt=308&page=2" "Mozilla/5.0 (Windows NT 6.3; WOW64) AppleWebKit/537.36 (KHTML, like Gecko) Chrome/57.0.2987.133 Safari/537.36"
193.41.185.22 - - [07/May/2017:11:11:24 +0300] "POST /mod/quiz/processattempt.php HTTP/1.0" 303 468 "http://learn.topnode.if.ua/mod/quiz/attempt.php?attempt=310&page=2" "Mozilla/5.0 (Windows NT 6.3; WOW64) AppleWebKit/537.36 (KHTML, like Gecko) Chrome/57.0.2987.133 Safari/537.36"
193.41.185.22 - - [07/May/2017:11:11:25 +0300] "GET /mod/quiz/attempt.php?attempt=310&page=3 HTTP/1.0" 200 59605 "http://learn.topnode.if.ua/mod/quiz/attempt.php?attempt=310&page=2" "Mozilla/5.0 (Windows NT 6.3; WOW64) AppleWebKit/537.36 (KHTML, like Gecko) Chrome/57.0.2987.133 Safari/537.36"
193.41.185.22 - - [07/May/2017:11:11:25 +0300] "POST /mod/quiz/processattempt.php HTTP/1.0" 303 468 "http://learn.topnode.if.ua/mod/quiz/attempt.php?attempt=309&page=2" "Mozilla/5.0 (Windows NT 6.3; WOW64) AppleWebKit/537.36 (KHTML, like Gecko) Chrome/57.0.2987.133 Safari/537.36"
109.251.68.52 - - [07/May/2017:11:11:26 +0300] "GET /course/view.php?id=3 HTTP/1.0" 200 57093 "http://learn.topnode.if.ua/" "Mozilla/5.0 (Macintosh; Intel Mac OS X 10_12_4) AppleWebKit/603.1.30 (KHTML, like Gecko) Version/10.1 Safari/603.1.30"
193.41.185.22 - - [07/May/2017:11:11:27 +0300] "GET /mod/quiz/attempt.php?attempt=309&page=3 HTTP/1.0" 200 59425 "http://learn.topnode.if.ua/mod/quiz/attempt.php?attempt=309&page=2" "Mozilla/5.0 (Windows NT 6.3; WOW64) AppleWebKit/537.36 (KHTML, like Gecko) Chrome/57.0.2987.133 Safari/537.36"
109.251.68.52 - - [07/May/2017:11:11:30 +0300] "GET /mod/quiz/view.php?id=32 HTTP/1.0" 200 45637 "http://learn.topnode.if.ua/course/view.php?id=3" "Mozilla/5.0 (Macintosh; Intel Mac OS X 10_12_4) AppleWebKit/603.1.30 (KHTML, like Gecko) Version/10.1 Safari/603.1.30"
193.41.185.22 - - [07/May/2017:11:11:33 +0300] "POST /mod/quiz/processattempt.php HTTP/1.0" 303 468 "http://learn.topnode.if.ua/mod/quiz/attempt.php?attempt=310&page=3" "Mozilla/5.0 (Windows NT 6.3; WOW64) AppleWebKit/537.36 (KHTML, like Gecko) Chrome/57.0.2987.133 Safari/537.36"
193.41.185.22 - - [07/May/2017:11:11:33 +0300] "GET /mod/quiz/attempt.php?attempt=310&page=4 HTTP/1.0" 200 60044 "http://learn.topnode.if.ua/mod/quiz/attempt.php?attempt=310&page=3" "Mozilla/5.0 (Windows NT 6.3; WOW64) AppleWebKit/537.36 (KHTML, like Gecko) Chrome/57.0.2987.133 Safari/537.36"
109.251.68.52 - - [07/May/2017:11:11:51 +0300] "GET /theme/yui_combo.php?m/1436263095/core/notification/notification-confirm-min.js HTTP/1.0" 200 1009 "http://learn.topnode.if.ua/mod/quiz/view.php?id=32" "Mozilla/5.0 (Macintosh; Intel Mac OS X 10_12_4) AppleWebKit/603.1.30 (KHTML, like Gecko) Version/10.1 Safari/603.1.30"
109.251.68.52 - - [07/May/2017:11:11:51 +0300] "GET /theme/image.php/clean/theme/1436263095/sprite HTTP/1.0" 200 1002 "http://learn.topnode.if.ua/mod/quiz/view.php?id=32" "Mozilla/5.0 (Macintosh; Intel Mac OS X 10_12_4) AppleWebKit/603.1.30 (KHTML, like Gecko) Version/10.1 Safari/603.1.30"
193.41.185.22 - - [07/May/2017:11:11:51 +0300] "POST /mod/quiz/processattempt.php HTTP/1.0" 303 468 "http://learn.topnode.if.ua/mod/quiz/attempt.php?attempt=308&page=3" "Mozilla/5.0 (Windows NT 6.3; WOW64) AppleWebKit/537.36 (KHTML, like Gecko) Chrome/57.0.2987.133 Safari/537.36"
193.41.185.22 - - [07/May/2017:11:11:52 +0300] "GET / HTTP/1.0" 200 23712 "-" "Mozilla/5.0 (Windows NT 6.3; WOW64) AppleWebKit/537.36 (KHTML, like Gecko) Chrome/57.0.2987.133 Safari/537.36"
193.41.185.22 - - [07/May/2017:11:11:52 +0300] "GET /theme/yui_combo.php?rollup/3.17.2/yui-moodlesimple-min.css HTTP/1.0" 200 1031 "http://learn.topnode.if.ua/" "Mozilla/5.0 (Windows NT 6.3; WOW64) AppleWebKit/537.36 (KHTML, like Gecko) Chrome/57.0.2987.133 Safari/537.36"
193.41.185.22 - - [07/May/2017:11:11:52 +0300] "GET /lib/javascript.php/1436263095/lib/javascript-static.js HTTP/1.0" 200 10018 "http://learn.topnode.if.ua/" "Mozilla/5.0 (Windows NT 6.3; WOW64) AppleWebKit/537.36 (KHTML, like Gecko) Chrome/57.0.2987.133 Safari/537.36"
193.41.185.22 - - [07/May/2017:11:11:52 +0300] "GET /theme/yui_combo.php?rollup/3.17.2/yui-moodlesimple-min.js&rollup/1436263095/mcore-min.js HTTP/1.0" 200 88667 "http://learn.topnode.if.ua/" "Mozilla/5.0 (Windows NT 6.3; WOW64) AppleWebKit/537.36 (KHTML, like Gecko) Chrome/57.0.2987.133 Safari/537.36"
193.41.185.22 - - [07/May/2017:11:11:52 +0300] "GET /theme/styles.php/clean/1436263095/all HTTP/1.0" 200 85685 "http://learn.topnode.if.ua/" "Mozilla/5.0 (Windows NT 6.3; WOW64) AppleWebKit/537.36 (KHTML, like Gecko) Chrome/57.0.2987.133 Safari/537.36"
193.41.185.22 - - [07/May/2017:11:11:52 +0300] "GET /theme/javascript.php/clean/1436263095/footer HTTP/1.0" 200 529 "http://learn.topnode.if.ua/" "Mozilla/5.0 (Windows NT 6.3; WOW64) AppleWebKit/537.36 (KHTML, like Gecko) Chrome/57.0.2987.133 Safari/537.36"
193.41.185.22 - - [07/May/2017:11:11:52 +0300] "GET /theme/image.php/clean/core/1436263095/moodlelogo HTTP/1.0" 200 2450 "http://learn.topnode.if.ua/" "Mozilla/5.0 (Windows NT 6.3; WOW64) AppleWebKit/537.36 (KHTML, like Gecko) Chrome/57.0.2987.133 Safari/537.36"
193.41.185.22 - - [07/May/2017:11:11:52 +0300] "GET /mod/quiz/attempt.php?attempt=308&page=4 HTTP/1.0" 200 59815 "http://learn.topnode.if.ua/mod/quiz/attempt.php?attempt=308&page=3" "Mozilla/5.0 (Windows NT 6.3; WOW64) AppleWebKit/537.36 (KHTML, like Gecko) Chrome/57.0.2987.133 Safari/537.36"
193.41.185.22 - - [07/May/2017:11:11:52 +0300] "GET /theme/yui_combo.php?m/1436263095/theme_bootstrapbase/bootstrap/bootstrap-min.js HTTP/1.0" 200 1924 "http://learn.topnode.if.ua/" "Mozilla/5.0 (Windows NT 6.3; WOW64) AppleWebKit/537.36 (KHTML, like Gecko) Chrome/57.0.2987.133 Safari/537.36"
193.41.185.22 - - [07/May/2017:11:11:52 +0300] "GET /theme/image.php/clean/core/1436263095/t/collapsed HTTP/1.0" 200 767 "http://learn.topnode.if.ua/theme/styles.php/clean/1436263095/all" "Mozilla/5.0 (Windows NT 6.3; WOW64) AppleWebKit/537.36 (KHTML, like Gecko) Chrome/57.0.2987.133 Safari/537.36"
193.41.185.22 - - [07/May/2017:11:11:52 +0300] "GET /theme/image.php/clean/core/1436263095/t/block_to_dock HTTP/1.0" 200 1030 "http://learn.topnode.if.ua/" "Mozilla/5.0 (Windows NT 6.3; WOW64) AppleWebKit/537.36 (KHTML, like Gecko) Chrome/57.0.2987.133 Safari/537.36"
193.41.185.22 - - [07/May/2017:11:11:52 +0300] "GET /theme/yui_combo.php?m/1436263095/block_navigation/navigation/navigation-min.js HTTP/1.0" 200 3030 "http://learn.topnode.if.ua/" "Mozilla/5.0 (Windows NT 6.3; WOW64) AppleWebKit/537.36 (KHTML, like Gecko) Chrome/57.0.2987.133 Safari/537.36"
193.41.185.22 - - [07/May/2017:11:11:52 +0300] "GET /theme/yui_combo.php?3.17.2/plugin/plugin-min.js&3.17.2/event-mousewheel/event-mousewheel-min.js&3.17.2/event-resize/event-resize-min.js&3.17.2/event-hover/event-hover-min.js&3.17.2/event-touch/event-touch-min.js&3.17.2/event-move/event-move-min.js&3.17.2/event-flick/event-flick-min.js&3.17.2/event-valuechange/event-valuechange-min.js&3.17.2/event-tap/event-tap-min.js HTTP/1.0" 200 5190 "http://learn.topnode.if.ua/" "Mozilla/5.0 (Windows NT 6.3; WOW64) AppleWebKit/537.36 (KHTML, like Gecko) Chrome/57.0.2987.133 Safari/537.36"
193.41.185.22 - - [07/May/2017:11:11:52 +0300] "GET /theme/yui_combo.php?m/1436263095/calendar/eventmanager/eventmanager.css HTTP/1.0" 200 203 "http://learn.topnode.if.ua/" "Mozilla/5.0 (Windows NT 6.3; WOW64) AppleWebKit/537.36 (KHTML, like Gecko) Chrome/57.0.2987.133 Safari/537.36"
193.41.185.22 - - [07/May/2017:11:11:52 +0300] "GET /theme/yui_combo.php?m/1436263095/calendar/eventmanager/eventmanager-min.js HTTP/1.0" 200 1038 "http://learn.topnode.if.ua/" "Mozilla/5.0 (Windows NT 6.3; WOW64) AppleWebKit/537.36 (KHTML, like Gecko) Chrome/57.0.2987.133 Safari/537.36"
193.41.185.22 - - [07/May/2017:11:11:52 +0300] "GET /theme/yui_combo.php?3.17.2/cssbutton/cssbutton-min.css HTTP/1.0" 200 1106 "http://learn.topnode.if.ua/" "Mozilla/5.0 (Windows NT 6.3; WOW64) AppleWebKit/537.36 (KHTML, like Gecko) Chrome/57.0.2987.133 Safari/537.36"
193.41.185.22 - - [07/May/2017:11:11:52 +0300] "GET /theme/yui_combo.php?m/1436263095/core/lockscroll/lockscroll-min.js HTTP/1.0" 200 488 "http://learn.topnode.if.ua/" "Mozilla/5.0 (Windows NT 6.3; WOW64) AppleWebKit/537.36 (KHTML, like Gecko) Chrome/57.0.2987.133 Safari/537.36"
193.41.185.22 - - [07/May/2017:11:11:52 +0300] "GET /theme/image.php/clean/core/1436263095/t/switch_minus HTTP/1.0" 200 936 "http://learn.topnode.if.ua/" "Mozilla/5.0 (Windows NT 6.3; WOW64) AppleWebKit/537.36 (KHTML, like Gecko) Chrome/57.0.2987.133 Safari/537.36"
193.41.185.22 - - [07/May/2017:11:11:52 +0300] "GET /theme/image.php/clean/core/1436263095/t/switch_plus HTTP/1.0" 200 1036 "http://learn.topnode.if.ua/" "Mozilla/5.0 (Windows NT 6.3; WOW64) AppleWebKit/537.36 (KHTML, like Gecko) Chrome/57.0.2987.133 Safari/537.36"
193.41.185.22 - - [07/May/2017:11:11:52 +0300] "GET /theme/image.php/clean/theme/1436263095/favicon HTTP/1.0" 200 1150 "http://learn.topnode.if.ua/" "Mozilla/5.0 (Windows NT 6.3; WOW64) AppleWebKit/537.36 (KHTML, like Gecko) Chrome/57.0.2987.133 Safari/537.36"
109.251.68.52 - - [07/May/2017:11:11:53 +0300] "POST /mod/quiz/startattempt.php HTTP/1.0" 303 457 "http://learn.topnode.if.ua/mod/quiz/view.php?id=32" "Mozilla/5.0 (Macintosh; Intel Mac OS X 10_12_4) AppleWebKit/603.1.30 (KHTML, like Gecko) Version/10.1 Safari/603.1.30"
109.251.68.52 - - [07/May/2017:11:11:54 +0300] "GET /mod/quiz/attempt.php?attempt=311 HTTP/1.0" 200 60054 "http://learn.topnode.if.ua/mod/quiz/view.php?id=32" "Mozilla/5.0 (Macintosh; Intel Mac OS X 10_12_4) AppleWebKit/603.1.30 (KHTML, like Gecko) Version/10.1 Safari/603.1.30"
109.251.68.52 - - [07/May/2017:11:11:54 +0300] "GET /theme/image.php/clean/core/1436263095/i/unflagged HTTP/1.0" 200 288 "http://learn.topnode.if.ua/mod/quiz/attempt.php?attempt=311" "Mozilla/5.0 (Macintosh; Intel Mac OS X 10_12_4) AppleWebKit/603.1.30 (KHTML, like Gecko) Version/10.1 Safari/603.1.30"
109.251.68.52 - - [07/May/2017:11:11:54 +0300] "GET /theme/yui_combo.php?3.17.2/event-mousewheel/event-mousewheel-min.js&3.17.2/event-resize/event-resize-min.js&3.17.2/event-hover/event-hover-min.js&3.17.2/event-touch/event-touch-min.js&3.17.2/event-move/event-move-min.js&3.17.2/event-flick/event-flick-min.js&3.17.2/event-valuechange/event-valuechange-min.js&3.17.2/event-tap/event-tap-min.js&3.17.2/io-form/io-form-min.js&m/1436263095/mod_quiz/autosave/autosave-min.js HTTP/1.0" 200 6516 "http://learn.topnode.if.ua/mod/quiz/attempt.php?attempt=311" "Mozilla/5.0 (Macintosh; Intel Mac OS X 10_12_4) AppleWebKit/603.1.30 (KHTML, like Gecko) Version/10.1 Safari/603.1.30"
109.251.68.52 - - [07/May/2017:11:11:54 +0300] "GET /theme/yui_combo.php?3.17.2/plugin/plugin-min.js HTTP/1.0" 200 634 "http://learn.topnode.if.ua/mod/quiz/attempt.php?attempt=311" "Mozilla/5.0 (Macintosh; Intel Mac OS X 10_12_4) AppleWebKit/603.1.30 (KHTML, like Gecko) Version/10.1 Safari/603.1.30"
109.251.68.52 - - [07/May/2017:11:11:54 +0300] "GET /lib/javascript.php/1436263095/question/flags.js HTTP/1.0" 200 678 "http://learn.topnode.if.ua/mod/quiz/attempt.php?attempt=311" "Mozilla/5.0 (Macintosh; Intel Mac OS X 10_12_4) AppleWebKit/603.1.30 (KHTML, like Gecko) Version/10.1 Safari/603.1.30"
109.251.68.52 - - [07/May/2017:11:11:54 +0300] "GET /lib/javascript.php/1436263095/question/qengine.js HTTP/1.0" 200 858 "http://learn.topnode.if.ua/mod/quiz/attempt.php?attempt=311" "Mozilla/5.0 (Macintosh; Intel Mac OS X 10_12_4) AppleWebKit/603.1.30 (KHTML, like Gecko) Version/10.1 Safari/603.1.30"
109.251.68.52 - - [07/May/2017:11:11:54 +0300] "GET /theme/yui_combo.php?m/1436263095/core/formchangechecker/formchangechecker-min.js HTTP/1.0" 200 811 "http://learn.topnode.if.ua/mod/quiz/attempt.php?attempt=311" "Mozilla/5.0 (Macintosh; Intel Mac OS X 10_12_4) AppleWebKit/603.1.30 (KHTML, like Gecko) Version/10.1 Safari/603.1.30"
109.251.68.52 - - [07/May/2017:11:11:54 +0300] "GET /lib/javascript.php/1436263095/mod/quiz/module.js HTTP/1.0" 200 1874 "http://learn.topnode.if.ua/mod/quiz/attempt.php?attempt=311" "Mozilla/5.0 (Macintosh; Intel Mac OS X 10_12_4) AppleWebKit/603.1.30 (KHTML, like Gecko) Version/10.1 Safari/603.1.30"
193.41.185.22 - - [07/May/2017:11:11:54 +0300] "POST /mod/quiz/processattempt.php HTTP/1.0" 303 468 "http://learn.topnode.if.ua/mod/quiz/attempt.php?attempt=310&page=4" "Mozilla/5.0 (Windows NT 6.3; WOW64) AppleWebKit/537.36 (KHTML, like Gecko) Chrome/57.0.2987.133 Safari/537.36"
193.41.185.22 - - [07/May/2017:11:11:55 +0300] "GET /mod/quiz/attempt.php?attempt=310&page=5 HTTP/1.0" 200 60259 "http://learn.topnode.if.ua/mod/quiz/attempt.php?attempt=310&page=4" "Mozilla/5.0 (Windows NT 6.3; WOW64) AppleWebKit/537.36 (KHTML, like Gecko) Chrome/57.0.2987.133 Safari/537.36"
193.41.185.22 - - [07/May/2017:11:12:01 +0300] "POST /mod/quiz/processattempt.php HTTP/1.0" 303 468 "http://learn.topnode.if.ua/mod/quiz/attempt.php?attempt=309&page=3" "Mozilla/5.0 (Windows NT 6.3; WOW64) AppleWebKit/537.36 (KHTML, like Gecko) Chrome/57.0.2987.133 Safari/537.36"
193.41.185.22 - - [07/May/2017:11:12:02 +0300] "GET /mod/quiz/attempt.php?attempt=309&page=4 HTTP/1.0" 200 59843 "http://learn.topnode.if.ua/mod/quiz/attempt.php?attempt=309&page=3" "Mozilla/5.0 (Windows NT 6.3; WOW64) AppleWebKit/537.36 (KHTML, like Gecko) Chrome/57.0.2987.133 Safari/537.36"
193.41.185.22 - - [07/May/2017:11:12:02 +0300] "GET /login/index.php HTTP/1.0" 200 20866 "http://learn.topnode.if.ua/" "Mozilla/5.0 (Windows NT 6.3; WOW64) AppleWebKit/537.36 (KHTML, like Gecko) Chrome/57.0.2987.133 Safari/537.36"
193.41.185.22 - - [07/May/2017:11:12:02 +0300] "GET /theme/image.php/clean/core/1436263095/help HTTP/1.0" 200 1114 "http://learn.topnode.if.ua/login/index.php" "Mozilla/5.0 (Windows NT 6.3; WOW64) AppleWebKit/537.36 (KHTML, like Gecko) Chrome/57.0.2987.133 Safari/537.36"
193.41.185.22 - - [07/May/2017:11:12:02 +0300] "GET /theme/yui_combo.php?3.17.2/plugin/plugin-min.js&m/1436263095/core/lockscroll/lockscroll-min.js HTTP/1.0" 200 990 "http://learn.topnode.if.ua/login/index.php" "Mozilla/5.0 (Windows NT 6.3; WOW64) AppleWebKit/537.36 (KHTML, like Gecko) Chrome/57.0.2987.133 Safari/537.36"
193.41.185.22 - - [07/May/2017:11:12:03 +0300] "GET /theme/yui_combo.php?3.17.2/event-mousewheel/event-mousewheel-min.js&3.17.2/event-resize/event-resize-min.js&3.17.2/event-hover/event-hover-min.js&3.17.2/event-touch/event-touch-min.js&3.17.2/event-move/event-move-min.js&3.17.2/event-flick/event-flick-min.js&3.17.2/event-valuechange/event-valuechange-min.js&3.17.2/event-tap/event-tap-min.js HTTP/1.0" 200 4808 "http://learn.topnode.if.ua/login/index.php" "Mozilla/5.0 (Windows NT 6.3; WOW64) AppleWebKit/537.36 (KHTML, like Gecko) Chrome/57.0.2987.133 Safari/537.36"
193.41.185.22 - - [07/May/2017:11:12:05 +0300] "POST /mod/quiz/processattempt.php HTTP/1.0" 303 468 "http://learn.topnode.if.ua/mod/quiz/attempt.php?attempt=308&page=4" "Mozilla/5.0 (Windows NT 6.3; WOW64) AppleWebKit/537.36 (KHTML, like Gecko) Chrome/57.0.2987.133 Safari/537.36"
193.41.185.22 - - [07/May/2017:11:12:05 +0300] "GET /mod/quiz/attempt.php?attempt=308&page=5 HTTP/1.0" 200 59966 "http://learn.topnode.if.ua/mod/quiz/attempt.php?attempt=308&page=4" "Mozilla/5.0 (Windows NT 6.3; WOW64) AppleWebKit/537.36 (KHTML, like Gecko) Chrome/57.0.2987.133 Safari/537.36"
193.41.185.22 - - [07/May/2017:11:12:13 +0300] "POST /mod/quiz/processattempt.php HTTP/1.0" 303 468 "http://learn.topnode.if.ua/mod/quiz/attempt.php?attempt=310&page=5" "Mozilla/5.0 (Windows NT 6.3; WOW64) AppleWebKit/537.36 (KHTML, like Gecko) Chrome/57.0.2987.133 Safari/537.36"
193.41.185.22 - - [07/May/2017:11:12:13 +0300] "GET /mod/quiz/attempt.php?attempt=310&page=6 HTTP/1.0" 200 59177 "http://learn.topnode.if.ua/mod/quiz/attempt.php?attempt=310&page=5" "Mozilla/5.0 (Windows NT 6.3; WOW64) AppleWebKit/537.36 (KHTML, like Gecko) Chrome/57.0.2987.133 Safari/537.36"
193.41.185.22 - - [07/May/2017:11:12:27 +0300] "POST /mod/quiz/processattempt.php HTTP/1.0" 303 468 "http://learn.topnode.if.ua/mod/quiz/attempt.php?attempt=308&page=5" "Mozilla/5.0 (Windows NT 6.3; WOW64) AppleWebKit/537.36 (KHTML, like Gecko) Chrome/57.0.2987.133 Safari/537.36"
193.41.185.22 - - [07/May/2017:11:12:28 +0300] "GET /mod/quiz/attempt.php?attempt=308&page=6 HTTP/1.0" 200 59980 "http://learn.topnode.if.ua/mod/quiz/attempt.php?attempt=308&page=5" "Mozilla/5.0 (Windows NT 6.3; WOW64) AppleWebKit/537.36 (KHTML, like Gecko) Chrome/57.0.2987.133 Safari/537.36"
109.251.68.52 - - [07/May/2017:11:12:30 +0300] "POST /mod/quiz/processattempt.php HTTP/1.0" 303 468 "http://learn.topnode.if.ua/mod/quiz/attempt.php?attempt=311" "Mozilla/5.0 (Macintosh; Intel Mac OS X 10_12_4) AppleWebKit/603.1.30 (KHTML, like Gecko) Version/10.1 Safari/603.1.30"
109.251.68.52 - - [07/May/2017:11:12:30 +0300] "GET /mod/quiz/attempt.php?attempt=311&page=1 HTTP/1.0" 200 60134 "http://learn.topnode.if.ua/mod/quiz/attempt.php?attempt=311" "Mozilla/5.0 (Macintosh; Intel Mac OS X 10_12_4) AppleWebKit/603.1.30 (KHTML, like Gecko) Version/10.1 Safari/603.1.30"
193.41.185.22 - - [07/May/2017:11:12:31 +0300] "POST /mod/quiz/processattempt.php HTTP/1.0" 303 468 "http://learn.topnode.if.ua/mod/quiz/attempt.php?attempt=310&page=6" "Mozilla/5.0 (Windows NT 6.3; WOW64) AppleWebKit/537.36 (KHTML, like Gecko) Chrome/57.0.2987.133 Safari/537.36"
193.41.185.22 - - [07/May/2017:11:12:31 +0300] "GET /mod/quiz/attempt.php?attempt=310&page=7 HTTP/1.0" 200 59143 "http://learn.topnode.if.ua/mod/quiz/attempt.php?attempt=310&page=6" "Mozilla/5.0 (Windows NT 6.3; WOW64) AppleWebKit/537.36 (KHTML, like Gecko) Chrome/57.0.2987.133 Safari/537.36"
193.41.185.22 - - [07/May/2017:11:12:52 +0300] "POST /mod/quiz/processattempt.php HTTP/1.0" 303 468 "http://learn.topnode.if.ua/mod/quiz/attempt.php?attempt=310&page=7" "Mozilla/5.0 (Windows NT 6.3; WOW64) AppleWebKit/537.36 (KHTML, like Gecko) Chrome/57.0.2987.133 Safari/537.36"
193.41.185.22 - - [07/May/2017:11:12:53 +0300] "GET /mod/quiz/attempt.php?attempt=310&page=8 HTTP/1.0" 200 61174 "http://learn.topnode.if.ua/mod/quiz/attempt.php?attempt=310&page=7" "Mozilla/5.0 (Windows NT 6.3; WOW64) AppleWebKit/537.36 (KHTML, like Gecko) Chrome/57.0.2987.133 Safari/537.36"
109.251.68.52 - - [07/May/2017:11:12:54 +0300] "POST /mod/quiz/processattempt.php HTTP/1.0" 303 468 "http://learn.topnode.if.ua/mod/quiz/attempt.php?attempt=311&page=1" "Mozilla/5.0 (Macintosh; Intel Mac OS X 10_12_4) AppleWebKit/603.1.30 (KHTML, like Gecko) Version/10.1 Safari/603.1.30"
193.41.185.22 - - [07/May/2017:11:12:54 +0300] "POST /mod/quiz/processattempt.php HTTP/1.0" 303 468 "http://learn.topnode.if.ua/mod/quiz/attempt.php?attempt=309&page=4" "Mozilla/5.0 (Windows NT 6.3; WOW64) AppleWebKit/537.36 (KHTML, like Gecko) Chrome/57.0.2987.133 Safari/537.36"
109.251.68.52 - - [07/May/2017:11:12:54 +0300] "GET /mod/quiz/attempt.php?attempt=311&page=2 HTTP/1.0" 200 59173 "http://learn.topnode.if.ua/mod/quiz/attempt.php?attempt=311&page=1" "Mozilla/5.0 (Macintosh; Intel Mac OS X 10_12_4) AppleWebKit/603.1.30 (KHTML, like Gecko) Version/10.1 Safari/603.1.30"
193.41.185.22 - - [07/May/2017:11:12:54 +0300] "GET /mod/quiz/attempt.php?attempt=309&page=5 HTTP/1.0" 200 60122 "http://learn.topnode.if.ua/mod/quiz/attempt.php?attempt=309&page=4" "Mozilla/5.0 (Windows NT 6.3; WOW64) AppleWebKit/537.36 (KHTML, like Gecko) Chrome/57.0.2987.133 Safari/537.36"
