109.251.68.52 - - [07/May/2017:11:17:59 +0300] "GET /mod/quiz/attempt.php?attempt=311&page=16 HTTP/1.0" 200 59618 "http://learn.topnode.if.ua/mod/quiz/attempt.php?attempt=311&page=15" "Mozilla/5.0 (Macintosh; Intel Mac OS X 10_12_4) AppleWebKit/603.1.30 (KHTML, like Gecko) Version/10.1 Safari/603.1.30"
193.41.185.22 - - [07/May/2017:11:18:04 +0300] "POST /mod/quiz/processattempt.php HTTP/1.0" 303 469 "http://learn.topnode.if.ua/mod/quiz/attempt.php?attempt=309&page=16" "Mozilla/5.0 (Windows NT 6.3; WOW64) AppleWebKit/537.36 (KHTML, like Gecko) Chrome/57.0.2987.133 Safari/537.36"
193.41.185.22 - - [07/May/2017:11:18:05 +0300] "GET /mod/quiz/attempt.php?attempt=309&page=17 HTTP/1.0" 200 59048 "http://learn.topnode.if.ua/mod/quiz/attempt.php?attempt=309&page=16" "Mozilla/5.0 (Windows NT 6.3; WOW64) AppleWebKit/537.36 (KHTML, like Gecko) Chrome/57.0.2987.133 Safari/537.36"
193.41.185.22 - - [07/May/2017:11:18:11 +0300] "POST /mod/quiz/processattempt.php HTTP/1.0" 303 469 "http://learn.topnode.if.ua/mod/quiz/attempt.php?attempt=309&page=17" "Mozilla/5.0 (Windows NT 6.3; WOW64) AppleWebKit/537.36 (KHTML, like Gecko) Chrome/57.0.2987.133 Safari/537.36"
193.41.185.22 - - [07/May/2017:11:18:11 +0300] "GET /mod/quiz/attempt.php?attempt=309&page=18 HTTP/1.0" 200 59046 "http://learn.topnode.if.ua/mod/quiz/attempt.php?attempt=309&page=17" "Mozilla/5.0 (Windows NT 6.3; WOW64) AppleWebKit/537.36 (KHTML, like Gecko) Chrome/57.0.2987.133 Safari/537.36"
193.41.185.22 - - [07/May/2017:11:18:12 +0300] "POST /mod/quiz/processattempt.php HTTP/1.0" 303 469 "http://learn.topnode.if.ua/mod/quiz/attempt.php?attempt=310&page=24" "Mozilla/5.0 (Windows NT 6.3; WOW64) AppleWebKit/537.36 (KHTML, like Gecko) Chrome/57.0.2987.133 Safari/537.36"
193.41.185.22 - - [07/May/2017:11:18:12 +0300] "GET /mod/quiz/attempt.php?attempt=310&page=25 HTTP/1.0" 200 59329 "http://learn.topnode.if.ua/mod/quiz/attempt.php?attempt=310&page=24" "Mozilla/5.0 (Windows NT 6.3; WOW64) AppleWebKit/537.36 (KHTML, like Gecko) Chrome/57.0.2987.133 Safari/537.36"
193.41.185.22 - - [07/May/2017:11:18:19 +0300] "POST /mod/quiz/processattempt.php HTTP/1.0" 303 469 "http://learn.topnode.if.ua/mod/quiz/attempt.php?attempt=309&page=18" "Mozilla/5.0 (Windows NT 6.3; WOW64) AppleWebKit/537.36 (KHTML, like Gecko) Chrome/57.0.2987.133 Safari/537.36"
193.41.185.22 - - [07/May/2017:11:18:19 +0300] "POST /mod/quiz/processattempt.php HTTP/1.0" 303 469 "http://learn.topnode.if.ua/mod/quiz/attempt.php?attempt=308&page=16" "Mozilla/5.0 (Windows NT 6.3; WOW64) AppleWebKit/537.36 (KHTML, like Gecko) Chrome/57.0.2987.133 Safari/537.36"
193.41.185.22 - - [07/May/2017:11:18:19 +0300] "POST /mod/quiz/processattempt.php HTTP/1.0" 303 469 "http://learn.topnode.if.ua/mod/quiz/attempt.php?attempt=310&page=25" "Mozilla/5.0 (Windows NT 6.3; WOW64) AppleWebKit/537.36 (KHTML, like Gecko) Chrome/57.0.2987.133 Safari/537.36"
193.41.185.22 - - [07/May/2017:11:18:19 +0300] "GET /mod/quiz/attempt.php?attempt=309&page=19 HTTP/1.0" 200 61068 "http://learn.topnode.if.ua/mod/quiz/attempt.php?attempt=309&page=18" "Mozilla/5.0 (Windows NT 6.3; WOW64) AppleWebKit/537.36 (KHTML, like Gecko) Chrome/57.0.2987.133 Safari/537.36"
193.41.185.22 - - [07/May/2017:11:18:19 +0300] "GET /mod/quiz/attempt.php?attempt=308&page=17 HTTP/1.0" 200 59902 "http://learn.topnode.if.ua/mod/quiz/attempt.php?attempt=308&page=16" "Mozilla/5.0 (Windows NT 6.3; WOW64) AppleWebKit/537.36 (KHTML, like Gecko) Chrome/57.0.2987.133 Safari/537.36"
193.41.185.22 - - [07/May/2017:11:18:20 +0300] "GET /mod/quiz/attempt.php?attempt=310&page=26 HTTP/1.0" 200 59437 "http://learn.topnode.if.ua/mod/quiz/attempt.php?attempt=310&page=25" "Mozilla/5.0 (Windows NT 6.3; WOW64) AppleWebKit/537.36 (KHTML, like Gecko) Chrome/57.0.2987.133 Safari/537.36"
193.41.185.22 - - [07/May/2017:11:18:25 +0300] "POST /mod/quiz/processattempt.php HTTP/1.0" 303 469 "http://learn.topnode.if.ua/mod/quiz/attempt.php?attempt=310&page=26" "Mozilla/5.0 (Windows NT 6.3; WOW64) AppleWebKit/537.36 (KHTML, like Gecko) Chrome/57.0.2987.133 Safari/537.36"
193.41.185.22 - - [07/May/2017:11:18:25 +0300] "GET /mod/quiz/attempt.php?attempt=310&page=27 HTTP/1.0" 200 59357 "http://learn.topnode.if.ua/mod/quiz/attempt.php?attempt=310&page=26" "Mozilla/5.0 (Windows NT 6.3; WOW64) AppleWebKit/537.36 (KHTML, like Gecko) Chrome/57.0.2987.133 Safari/537.36"
109.251.68.52 - - [07/May/2017:11:18:29 +0300] "POST /mod/quiz/processattempt.php HTTP/1.0" 303 469 "http://learn.topnode.if.ua/mod/quiz/attempt.php?attempt=311&page=16" "Mozilla/5.0 (Macintosh; Intel Mac OS X 10_12_4) AppleWebKit/603.1.30 (KHTML, like Gecko) Version/10.1 Safari/603.1.30"
109.251.68.52 - - [07/May/2017:11:18:30 +0300] "GET /mod/quiz/attempt.php?attempt=311&page=17 HTTP/1.0" 200 59150 "http://learn.topnode.if.ua/mod/quiz/attempt.php?attempt=311&page=16" "Mozilla/5.0 (Macintosh; Intel Mac OS X 10_12_4) AppleWebKit/603.1.30 (KHTML, like Gecko) Version/10.1 Safari/603.1.30"
193.41.185.22 - - [07/May/2017:11:18:36 +0300] "POST /mod/quiz/processattempt.php HTTP/1.0" 303 469 "http://learn.topnode.if.ua/mod/quiz/attempt.php?attempt=310&page=27" "Mozilla/5.0 (Windows NT 6.3; WOW64) AppleWebKit/537.36 (KHTML, like Gecko) Chrome/57.0.2987.133 Safari/537.36"
193.41.185.22 - - [07/May/2017:11:18:37 +0300] "GET /mod/quiz/attempt.php?attempt=310&page=28 HTTP/1.0" 200 59746 "http://learn.topnode.if.ua/mod/quiz/attempt.php?attempt=310&page=27" "Mozilla/5.0 (Windows NT 6.3; WOW64) AppleWebKit/537.36 (KHTML, like Gecko) Chrome/57.0.2987.133 Safari/537.36"
193.41.185.22 - - [07/May/2017:11:18:43 +0300] "POST /mod/quiz/processattempt.php HTTP/1.0" 303 469 "http://learn.topnode.if.ua/mod/quiz/attempt.php?attempt=310&page=28" "Mozilla/5.0 (Windows NT 6.3; WOW64) AppleWebKit/537.36 (KHTML, like Gecko) Chrome/57.0.2987.133 Safari/537.36"
193.41.185.22 - - [07/May/2017:11:18:43 +0300] "GET /mod/quiz/attempt.php?attempt=310&page=29 HTTP/1.0" 200 59413 "http://learn.topnode.if.ua/mod/quiz/attempt.php?attempt=310&page=28" "Mozilla/5.0 (Windows NT 6.3; WOW64) AppleWebKit/537.36 (KHTML, like Gecko) Chrome/57.0.2987.133 Safari/537.36"
109.251.68.52 - - [07/May/2017:11:18:53 +0300] "POST /mod/quiz/processattempt.php HTTP/1.0" 303 469 "http://learn.topnode.if.ua/mod/quiz/attempt.php?attempt=311&page=17" "Mozilla/5.0 (Macintosh; Intel Mac OS X 10_12_4) AppleWebKit/603.1.30 (KHTML, like Gecko) Version/10.1 Safari/603.1.30"
109.251.68.52 - - [07/May/2017:11:18:53 +0300] "GET /mod/quiz/attempt.php?attempt=311&page=18 HTTP/1.0" 200 59156 "http://learn.topnode.if.ua/mod/quiz/attempt.php?attempt=311&page=17" "Mozilla/5.0 (Macintosh; Intel Mac OS X 10_12_4) AppleWebKit/603.1.30 (KHTML, like Gecko) Version/10.1 Safari/603.1.30"
193.41.185.22 - - [07/May/2017:11:18:53 +0300] "POST /mod/quiz/processattempt.php HTTP/1.0" 303 469 "http://learn.topnode.if.ua/mod/quiz/attempt.php?attempt=310&page=29" "Mozilla/5.0 (Windows NT 6.3; WOW64) AppleWebKit/537.36 (KHTML, like Gecko) Chrome/57.0.2987.133 Safari/537.36"
193.41.185.22 - - [07/May/2017:11:18:54 +0300] "GET /mod/quiz/attempt.php?attempt=310&page=30 HTTP/1.0" 200 62527 "http://learn.topnode.if.ua/mod/quiz/attempt.php?attempt=310&page=29" "Mozilla/5.0 (Windows NT 6.3; WOW64) AppleWebKit/537.36 (KHTML, like Gecko) Chrome/57.0.2987.133 Safari/537.36"
193.41.185.22 - - [07/May/2017:11:19:03 +0300] "POST /mod/quiz/processattempt.php HTTP/1.0" 303 469 "http://learn.topnode.if.ua/mod/quiz/attempt.php?attempt=308&page=17" "Mozilla/5.0 (Windows NT 6.3; WOW64) AppleWebKit/537.36 (KHTML, like Gecko) Chrome/57.0.2987.133 Safari/537.36"
193.41.185.22 - - [07/May/2017:11:19:03 +0300] "GET /mod/quiz/attempt.php?attempt=308&page=18 HTTP/1.0" 200 59332 "http://learn.topnode.if.ua/mod/quiz/attempt.php?attempt=308&page=17" "Mozilla/5.0 (Windows NT 6.3; WOW64) AppleWebKit/537.36 (KHTML, like Gecko) Chrome/57.0.2987.133 Safari/537.36"
193.41.185.22 - - [07/May/2017:11:19:14 +0300] "POST /mod/quiz/processattempt.php HTTP/1.0" 303 469 "http://learn.topnode.if.ua/mod/quiz/attempt.php?attempt=309&page=19" "Mozilla/5.0 (Windows NT 6.3; WOW64) AppleWebKit/537.36 (KHTML, like Gecko) Chrome/57.0.2987.133 Safari/537.36"
193.41.185.22 - - [07/May/2017:11:19:14 +0300] "GET /mod/quiz/attempt.php?attempt=309&page=20 HTTP/1.0" 200 60078 "http://learn.topnode.if.ua/mod/quiz/attempt.php?attempt=309&page=19" "Mozilla/5.0 (Windows NT 6.3; WOW64) AppleWebKit/537.36 (KHTML, like Gecko) Chrome/57.0.2987.133 Safari/537.36"
193.41.185.22 - - [07/May/2017:11:19:15 +0300] "POST /mod/quiz/processattempt.php HTTP/1.0" 303 468 "http://learn.topnode.if.ua/mod/quiz/attempt.php?attempt=312&page=4" "Mozilla/5.0 (Windows NT 6.3; WOW64) AppleWebKit/537.36 (KHTML, like Gecko) Chrome/57.0.2987.133 Safari/537.36"
193.41.185.22 - - [07/May/2017:11:19:16 +0300] "GET /mod/quiz/attempt.php?attempt=312&page=5 HTTP/1.0" 200 60087 "http://learn.topnode.if.ua/mod/quiz/attempt.php?attempt=312&page=4" "Mozilla/5.0 (Windows NT 6.3; WOW64) AppleWebKit/537.36 (KHTML, like Gecko) Chrome/57.0.2987.133 Safari/537.36"
109.251.68.52 - - [07/May/2017:11:19:16 +0300] "POST /mod/quiz/processattempt.php HTTP/1.0" 303 469 "http://learn.topnode.if.ua/mod/quiz/attempt.php?attempt=311&page=18" "Mozilla/5.0 (Macintosh; Intel Mac OS X 10_12_4) AppleWebKit/603.1.30 (KHTML, like Gecko) Version/10.1 Safari/603.1.30"
109.251.68.52 - - [07/May/2017:11:19:17 +0300] "GET /mod/quiz/attempt.php?attempt=311&page=19 HTTP/1.0" 200 59460 "http://learn.topnode.if.ua/mod/quiz/attempt.php?attempt=311&page=18" "Mozilla/5.0 (Macintosh; Intel Mac OS X 10_12_4) AppleWebKit/603.1.30 (KHTML, like Gecko) Version/10.1 Safari/603.1.30"
193.41.185.22 - - [07/May/2017:11:19:18 +0300] "POST /mod/quiz/processattempt.php HTTP/1.0" 303 469 "http://learn.topnode.if.ua/mod/quiz/attempt.php?attempt=310&page=30" "Mozilla/5.0 (Windows NT 6.3; WOW64) AppleWebKit/537.36 (KHTML, like Gecko) Chrome/57.0.2987.133 Safari/537.36"
193.41.185.22 - - [07/May/2017:11:19:19 +0300] "GET /mod/quiz/attempt.php?attempt=310&page=31 HTTP/1.0" 200 60003 "http://learn.topnode.if.ua/mod/quiz/attempt.php?attempt=310&page=30" "Mozilla/5.0 (Windows NT 6.3; WOW64) AppleWebKit/537.36 (KHTML, like Gecko) Chrome/57.0.2987.133 Safari/537.36"
109.251.68.52 - - [07/May/2017:11:19:26 +0300] "POST /mod/quiz/processattempt.php HTTP/1.0" 303 469 "http://learn.topnode.if.ua/mod/quiz/attempt.php?attempt=311&page=19" "Mozilla/5.0 (Macintosh; Intel Mac OS X 10_12_4) AppleWebKit/603.1.30 (KHTML, like Gecko) Version/10.1 Safari/603.1.30"
109.251.68.52 - - [07/May/2017:11:19:26 +0300] "GET /mod/quiz/attempt.php?attempt=311&page=20 HTTP/1.0" 200 59048 "http://learn.topnode.if.ua/mod/quiz/attempt.php?attempt=311&page=19" "Mozilla/5.0 (Macintosh; Intel Mac OS X 10_12_4) AppleWebKit/603.1.30 (KHTML, like Gecko) Version/10.1 Safari/603.1.30"
193.41.185.22 - - [07/May/2017:11:19:37 +0300] "POST /mod/quiz/processattempt.php HTTP/1.0" 303 469 "http://learn.topnode.if.ua/mod/quiz/attempt.php?attempt=308&page=18" "Mozilla/5.0 (Windows NT 6.3; WOW64) AppleWebKit/537.36 (KHTML, like Gecko) Chrome/57.0.2987.133 Safari/537.36"
193.41.185.22 - - [07/May/2017:11:19:38 +0300] "GET /mod/quiz/attempt.php?attempt=308&page=19 HTTP/1.0" 200 59005 "http://learn.topnode.if.ua/mod/quiz/attempt.php?attempt=308&page=18" "Mozilla/5.0 (Windows NT 6.3; WOW64) AppleWebKit/537.36 (KHTML, like Gecko) Chrome/57.0.2987.133 Safari/537.36"
193.41.185.22 - - [07/May/2017:11:19:39 +0300] "GET /theme/image.php/clean/quiz/1436263095/navflagged HTTP/1.0" 200 101 "http://learn.topnode.if.ua/theme/styles.php/clean/1436263095/all" "Mozilla/5.0 (Windows NT 6.3; WOW64) AppleWebKit/537.36 (KHTML, like Gecko) Chrome/57.0.2987.133 Safari/537.36"
193.41.185.22 - - [07/May/2017:11:19:39 +0300] "GET /theme/image.php/clean/core/1436263095/i/flagged HTTP/1.0" 200 321 "http://learn.topnode.if.ua/mod/quiz/attempt.php?attempt=309&page=20" "Mozilla/5.0 (Windows NT 6.3; WOW64) AppleWebKit/537.36 (KHTML, like Gecko) Chrome/57.0.2987.133 Safari/537.36"
193.41.185.22 - - [07/May/2017:11:19:39 +0300] "POST /question/toggleflag.php HTTP/1.0" 200 2 "http://learn.topnode.if.ua/mod/quiz/attempt.php?attempt=309&page=20" "Mozilla/5.0 (Windows NT 6.3; WOW64) AppleWebKit/537.36 (KHTML, like Gecko) Chrome/57.0.2987.133 Safari/537.36"
193.41.185.22 - - [07/May/2017:11:19:43 +0300] "POST /mod/quiz/processattempt.php HTTP/1.0" 303 469 "http://learn.topnode.if.ua/mod/quiz/attempt.php?attempt=310&page=31" "Mozilla/5.0 (Windows NT 6.3; WOW64) AppleWebKit/537.36 (KHTML, like Gecko) Chrome/57.0.2987.133 Safari/537.36"
193.41.185.22 - - [07/May/2017:11:19:44 +0300] "GET /mod/quiz/attempt.php?attempt=310&page=32 HTTP/1.0" 200 58985 "http://learn.topnode.if.ua/mod/quiz/attempt.php?attempt=310&page=31" "Mozilla/5.0 (Windows NT 6.3; WOW64) AppleWebKit/537.36 (KHTML, like Gecko) Chrome/57.0.2987.133 Safari/537.36"
193.41.185.22 - - [07/May/2017:11:19:45 +0300] "POST /mod/quiz/processattempt.php HTTP/1.0" 303 469 "http://learn.topnode.if.ua/mod/quiz/attempt.php?attempt=308&page=19" "Mozilla/5.0 (Windows NT 6.3; WOW64) AppleWebKit/537.36 (KHTML, like Gecko) Chrome/57.0.2987.133 Safari/537.36"
193.41.185.22 - - [07/May/2017:11:19:45 +0300] "GET /mod/quiz/attempt.php?attempt=308&page=20 HTTP/1.0" 200 59395 "http://learn.topnode.if.ua/mod/quiz/attempt.php?attempt=308&page=19" "Mozilla/5.0 (Windows NT 6.3; WOW64) AppleWebKit/537.36 (KHTML, like Gecko) Chrome/57.0.2987.133 Safari/537.36"
109.251.68.52 - - [07/May/2017:11:19:50 +0300] "POST /mod/quiz/processattempt.php HTTP/1.0" 303 469 "http://learn.topnode.if.ua/mod/quiz/attempt.php?attempt=311&page=20" "Mozilla/5.0 (Macintosh; Intel Mac OS X 10_12_4) AppleWebKit/603.1.30 (KHTML, like Gecko) Version/10.1 Safari/603.1.30"
109.251.68.52 - - [07/May/2017:11:19:50 +0300] "GET /mod/quiz/attempt.php?attempt=311&page=21 HTTP/1.0" 200 59326 "http://learn.topnode.if.ua/mod/quiz/attempt.php?attempt=311&page=20" "Mozilla/5.0 (Macintosh; Intel Mac OS X 10_12_4) AppleWebKit/603.1.30 (KHTML, like Gecko) Version/10.1 Safari/603.1.30"
193.41.185.22 - - [07/May/2017:11:19:53 +0300] "POST /mod/quiz/processattempt.php HTTP/1.0" 303 469 "http://learn.topnode.if.ua/mod/quiz/attempt.php?attempt=309&page=20" "Mozilla/5.0 (Windows NT 6.3; WOW64) AppleWebKit/537.36 (KHTML, like Gecko) Chrome/57.0.2987.133 Safari/537.36"
193.41.185.22 - - [07/May/2017:11:19:53 +0300] "GET /mod/quiz/attempt.php?attempt=309&page=21 HTTP/1.0" 200 58958 "http://learn.topnode.if.ua/mod/quiz/attempt.php?attempt=309&page=20" "Mozilla/5.0 (Windows NT 6.3; WOW64) AppleWebKit/537.36 (KHTML, like Gecko) Chrome/57.0.2987.133 Safari/537.36"
193.41.185.22 - - [07/May/2017:11:19:54 +0300] "POST /mod/quiz/processattempt.php HTTP/1.0" 303 468 "http://learn.topnode.if.ua/mod/quiz/attempt.php?attempt=312&page=5" "Mozilla/5.0 (Windows NT 6.3; WOW64) AppleWebKit/537.36 (KHTML, like Gecko) Chrome/57.0.2987.133 Safari/537.36"
193.41.185.22 - - [07/May/2017:11:19:54 +0300] "POST /mod/quiz/processattempt.php HTTP/1.0" 303 469 "http://learn.topnode.if.ua/mod/quiz/attempt.php?attempt=310&page=32" "Mozilla/5.0 (Windows NT 6.3; WOW64) AppleWebKit/537.36 (KHTML, like Gecko) Chrome/57.0.2987.133 Safari/537.36"
193.41.185.22 - - [07/May/2017:11:19:55 +0300] "GET /mod/quiz/attempt.php?attempt=312&page=6 HTTP/1.0" 200 59105 "http://learn.topnode.if.ua/mod/quiz/attempt.php?attempt=312&page=5" "Mozilla/5.0 (Windows NT 6.3; WOW64) AppleWebKit/537.36 (KHTML, like Gecko) Chrome/57.0.2987.133 Safari/537.36"
193.41.185.22 - - [07/May/2017:11:19:55 +0300] "GET /mod/quiz/attempt.php?attempt=310&page=33 HTTP/1.0" 200 59038 "http://learn.topnode.if.ua/mod/quiz/attempt.php?attempt=310&page=32" "Mozilla/5.0 (Windows NT 6.3; WOW64) AppleWebKit/537.36 (KHTML, like Gecko) Chrome/57.0.2987.133 Safari/537.36"
193.41.185.22 - - [07/May/2017:11:19:58 +0300] "POST /mod/quiz/processattempt.php HTTP/1.0" 303 469 "http://learn.topnode.if.ua/mod/quiz/attempt.php?attempt=308&page=20" "Mozilla/5.0 (Windows NT 6.3; WOW64) AppleWebKit/537.36 (KHTML, like Gecko) Chrome/57.0.2987.133 Safari/537.36"
193.41.185.22 - - [07/May/2017:11:19:58 +0300] "GET /mod/quiz/attempt.php?attempt=308&page=21 HTTP/1.0" 200 59795 "http://learn.topnode.if.ua/mod/quiz/attempt.php?attempt=308&page=20" "Mozilla/5.0 (Windows NT 6.3; WOW64) AppleWebKit/537.36 (KHTML, like Gecko) Chrome/57.0.2987.133 Safari/537.36"
193.41.185.22 - - [07/May/2017:11:20:04 +0300] "POST /mod/quiz/processattempt.php HTTP/1.0" 303 469 "http://learn.topnode.if.ua/mod/quiz/attempt.php?attempt=310&page=33" "Mozilla/5.0 (Windows NT 6.3; WOW64) AppleWebKit/537.36 (KHTML, like Gecko) Chrome/57.0.2987.133 Safari/537.36"
193.41.185.22 - - [07/May/2017:11:20:04 +0300] "GET /mod/quiz/attempt.php?attempt=310&page=34 HTTP/1.0" 200 60017 "http://learn.topnode.if.ua/mod/quiz/attempt.php?attempt=310&page=33" "Mozilla/5.0 (Windows NT 6.3; WOW64) AppleWebKit/537.36 (KHTML, like Gecko) Chrome/57.0.2987.133 Safari/537.36"
193.41.185.22 - - [07/May/2017:11:20:05 +0300] "POST /mod/quiz/processattempt.php HTTP/1.0" 303 469 "http://learn.topnode.if.ua/mod/quiz/attempt.php?attempt=308&page=21" "Mozilla/5.0 (Windows NT 6.3; WOW64) AppleWebKit/537.36 (KHTML, like Gecko) Chrome/57.0.2987.133 Safari/537.36"
109.251.68.52 - - [07/May/2017:11:20:05 +0300] "POST /mod/quiz/processattempt.php HTTP/1.0" 303 469 "http://learn.topnode.if.ua/mod/quiz/attempt.php?attempt=311&page=21" "Mozilla/5.0 (Macintosh; Intel Mac OS X 10_12_4) AppleWebKit/603.1.30 (KHTML, like Gecko) Version/10.1 Safari/603.1.30"
193.41.185.22 - - [07/May/2017:11:20:05 +0300] "POST /mod/quiz/processattempt.php HTTP/1.0" 303 468 "http://learn.topnode.if.ua/mod/quiz/attempt.php?attempt=312&page=6" "Mozilla/5.0 (Windows NT 6.3; WOW64) AppleWebKit/537.36 (KHTML, like Gecko) Chrome/57.0.2987.133 Safari/537.36"
193.41.185.22 - - [07/May/2017:11:20:05 +0300] "GET /mod/quiz/attempt.php?attempt=308&page=22 HTTP/1.0" 200 58940 "http://learn.topnode.if.ua/mod/quiz/attempt.php?attempt=308&page=21" "Mozilla/5.0 (Windows NT 6.3; WOW64) AppleWebKit/537.36 (KHTML, like Gecko) Chrome/57.0.2987.133 Safari/537.36"
109.251.68.52 - - [07/May/2017:11:20:06 +0300] "GET /mod/quiz/attempt.php?attempt=311&page=22 HTTP/1.0" 200 59374 "http://learn.topnode.if.ua/mod/quiz/attempt.php?attempt=311&page=21" "Mozilla/5.0 (Macintosh; Intel Mac OS X 10_12_4) AppleWebKit/603.1.30 (KHTML, like Gecko) Version/10.1 Safari/603.1.30"
193.41.185.22 - - [07/May/2017:11:20:06 +0300] "GET /mod/quiz/attempt.php?attempt=312&page=7 HTTP/1.0" 200 59478 "http://learn.topnode.if.ua/mod/quiz/attempt.php?attempt=312&page=6" "Mozilla/5.0 (Windows NT 6.3; WOW64) AppleWebKit/537.36 (KHTML, like Gecko) Chrome/57.0.2987.133 Safari/537.36"
193.41.185.22 - - [07/May/2017:11:20:09 +0300] "POST /mod/quiz/processattempt.php HTTP/1.0" 303 469 "http://learn.topnode.if.ua/mod/quiz/attempt.php?attempt=308&page=22" "Mozilla/5.0 (Windows NT 6.3; WOW64) AppleWebKit/537.36 (KHTML, like Gecko) Chrome/57.0.2987.133 Safari/537.36"
193.41.185.22 - - [07/May/2017:11:20:10 +0300] "GET /mod/quiz/attempt.php?attempt=308&page=23 HTTP/1.0" 200 59524 "http://learn.topnode.if.ua/mod/quiz/attempt.php?attempt=308&page=22" "Mozilla/5.0 (Windows NT 6.3; WOW64) AppleWebKit/537.36 (KHTML, like Gecko) Chrome/57.0.2987.133 Safari/537.36"
193.41.185.22 - - [07/May/2017:11:20:17 +0300] "POST /mod/quiz/processattempt.php HTTP/1.0" 303 469 "http://learn.topnode.if.ua/mod/quiz/attempt.php?attempt=310&page=34" "Mozilla/5.0 (Windows NT 6.3; WOW64) AppleWebKit/537.36 (KHTML, like Gecko) Chrome/57.0.2987.133 Safari/537.36"
193.41.185.22 - - [07/May/2017:11:20:18 +0300] "GET /mod/quiz/attempt.php?attempt=310&page=35 HTTP/1.0" 200 60005 "http://learn.topnode.if.ua/mod/quiz/attempt.php?attempt=310&page=34" "Mozilla/5.0 (Windows NT 6.3; WOW64) AppleWebKit/537.36 (KHTML, like Gecko) Chrome/57.0.2987.133 Safari/537.36"
193.41.185.22 - - [07/May/2017:11:20:25 +0300] "POST /mod/quiz/processattempt.php HTTP/1.0" 303 469 "http://learn.topnode.if.ua/mod/quiz/attempt.php?attempt=309&page=21" "Mozilla/5.0 (Windows NT 6.3; WOW64) AppleWebKit/537.36 (KHTML, like Gecko) Chrome/57.0.2987.133 Safari/537.36"
193.41.185.22 - - [07/May/2017:11:20:25 +0300] "GET /mod/quiz/attempt.php?attempt=309&page=22 HTTP/1.0" 200 59019 "http://learn.topnode.if.ua/mod/quiz/attempt.php?attempt=309&page=21" "Mozilla/5.0 (Windows NT 6.3; WOW64) AppleWebKit/537.36 (KHTML, like Gecko) Chrome/57.0.2987.133 Safari/537.36"
193.41.185.22 - - [07/May/2017:11:20:30 +0300] "POST /mod/quiz/processattempt.php HTTP/1.0" 303 469 "http://learn.topnode.if.ua/mod/quiz/attempt.php?attempt=309&page=22" "Mozilla/5.0 (Windows NT 6.3; WOW64) AppleWebKit/537.36 (KHTML, like Gecko) Chrome/57.0.2987.133 Safari/537.36"
193.41.185.22 - - [07/May/2017:11:20:31 +0300] "GET /mod/quiz/attempt.php?attempt=309&page=23 HTTP/1.0" 200 60426 "http://learn.topnode.if.ua/mod/quiz/attempt.php?attempt=309&page=22" "Mozilla/5.0 (Windows NT 6.3; WOW64) AppleWebKit/537.36 (KHTML, like Gecko) Chrome/57.0.2987.133 Safari/537.36"
109.251.68.52 - - [07/May/2017:11:20:46 +0300] "POST /mod/quiz/processattempt.php HTTP/1.0" 303 469 "http://learn.topnode.if.ua/mod/quiz/attempt.php?attempt=311&page=22" "Mozilla/5.0 (Macintosh; Intel Mac OS X 10_12_4) AppleWebKit/603.1.30 (KHTML, like Gecko) Version/10.1 Safari/603.1.30"
109.251.68.52 - - [07/May/2017:11:20:46 +0300] "GET /mod/quiz/attempt.php?attempt=311&page=23 HTTP/1.0" 200 59434 "http://learn.topnode.if.ua/mod/quiz/attempt.php?attempt=311&page=22" "Mozilla/5.0 (Macintosh; Intel Mac OS X 10_12_4) AppleWebKit/603.1.30 (KHTML, like Gecko) Version/10.1 Safari/603.1.30"
193.41.185.22 - - [07/May/2017:11:20:47 +0300] "POST /mod/quiz/processattempt.php HTTP/1.0" 303 469 "http://learn.topnode.if.ua/mod/quiz/attempt.php?attempt=309&page=23" "Mozilla/5.0 (Windows NT 6.3; WOW64) AppleWebKit/537.36 (KHTML, like Gecko) Chrome/57.0.2987.133 Safari/537.36"
193.41.185.22 - - [07/May/2017:11:20:48 +0300] "GET /mod/quiz/attempt.php?attempt=309&page=24 HTTP/1.0" 200 59010 "http://learn.topnode.if.ua/mod/quiz/attempt.php?attempt=309&page=23" "Mozilla/5.0 (Windows NT 6.3; WOW64) AppleWebKit/537.36 (KHTML, like Gecko) Chrome/57.0.2987.133 Safari/537.36"
193.41.185.22 - - [07/May/2017:11:20:52 +0300] "POST /mod/quiz/processattempt.php HTTP/1.0" 303 469 "http://learn.topnode.if.ua/mod/quiz/attempt.php?attempt=310&page=35" "Mozilla/5.0 (Windows NT 6.3; WOW64) AppleWebKit/537.36 (KHTML, like Gecko) Chrome/57.0.2987.133 Safari/537.36"
193.41.185.22 - - [07/May/2017:11:20:52 +0300] "GET /mod/quiz/attempt.php?attempt=310&page=36 HTTP/1.0" 200 59349 "http://learn.topnode.if.ua/mod/quiz/attempt.php?attempt=310&page=35" "Mozilla/5.0 (Windows NT 6.3; WOW64) AppleWebKit/537.36 (KHTML, like Gecko) Chrome/57.0.2987.133 Safari/537.36"
193.41.185.22 - - [07/May/2017:11:20:54 +0300] "POST /mod/quiz/processattempt.php HTTP/1.0" 303 469 "http://learn.topnode.if.ua/mod/quiz/attempt.php?attempt=309&page=24" "Mozilla/5.0 (Windows NT 6.3; WOW64) AppleWebKit/537.36 (KHTML, like Gecko) Chrome/57.0.2987.133 Safari/537.36"
193.41.185.22 - - [07/May/2017:11:20:54 +0300] "POST /mod/quiz/processattempt.php HTTP/1.0" 303 468 "http://learn.topnode.if.ua/mod/quiz/attempt.php?attempt=312&page=7" "Mozilla/5.0 (Windows NT 6.3; WOW64) AppleWebKit/537.36 (KHTML, like Gecko) Chrome/57.0.2987.133 Safari/537.36"
109.251.68.52 - - [07/May/2017:11:20:54 +0300] "POST /mod/quiz/processattempt.php HTTP/1.0" 303 469 "http://learn.topnode.if.ua/mod/quiz/attempt.php?attempt=311&page=23" "Mozilla/5.0 (Macintosh; Intel Mac OS X 10_12_4) AppleWebKit/603.1.30 (KHTML, like Gecko) Version/10.1 Safari/603.1.30"
193.41.185.22 - - [07/May/2017:11:20:54 +0300] "GET /mod/quiz/attempt.php?attempt=309&page=25 HTTP/1.0" 200 59428 "http://learn.topnode.if.ua/mod/quiz/attempt.php?attempt=309&page=24" "Mozilla/5.0 (Windows NT 6.3; WOW64) AppleWebKit/537.36 (KHTML, like Gecko) Chrome/57.0.2987.133 Safari/537.36"
193.41.185.22 - - [07/May/2017:11:20:54 +0300] "GET /mod/quiz/attempt.php?attempt=312&page=8 HTTP/1.0" 200 59029 "http://learn.topnode.if.ua/mod/quiz/attempt.php?attempt=312&page=7" "Mozilla/5.0 (Windows NT 6.3; WOW64) AppleWebKit/537.36 (KHTML, like Gecko) Chrome/57.0.2987.133 Safari/537.36"
109.251.68.52 - - [07/May/2017:11:20:54 +0300] "GET /mod/quiz/attempt.php?attempt=311&page=24 HTTP/1.0" 200 59528 "http://learn.topnode.if.ua/mod/quiz/attempt.php?attempt=311&page=23" "Mozilla/5.0 (Macintosh; Intel Mac OS X 10_12_4) AppleWebKit/603.1.30 (KHTML, like Gecko) Version/10.1 Safari/603.1.30"
193.41.185.22 - - [07/May/2017:11:21:01 +0300] "POST /mod/quiz/processattempt.php HTTP/1.0" 303 469 "http://learn.topnode.if.ua/mod/quiz/attempt.php?attempt=309&page=25" "Mozilla/5.0 (Windows NT 6.3; WOW64) AppleWebKit/537.36 (KHTML, like Gecko) Chrome/57.0.2987.133 Safari/537.36"
193.41.185.22 - - [07/May/2017:11:21:02 +0300] "GET /mod/quiz/attempt.php?attempt=309&page=26 HTTP/1.0" 200 59859 "http://learn.topnode.if.ua/mod/quiz/attempt.php?attempt=309&page=25" "Mozilla/5.0 (Windows NT 6.3; WOW64) AppleWebKit/537.36 (KHTML, like Gecko) Chrome/57.0.2987.133 Safari/537.36"
193.41.185.22 - - [07/May/2017:11:21:03 +0300] "POST /mod/quiz/processattempt.php HTTP/1.0" 303 468 "http://learn.topnode.if.ua/mod/quiz/attempt.php?attempt=312&page=8" "Mozilla/5.0 (Windows NT 6.3; WOW64) AppleWebKit/537.36 (KHTML, like Gecko) Chrome/57.0.2987.133 Safari/537.36"
193.41.185.22 - - [07/May/2017:11:21:03 +0300] "GET /mod/quiz/attempt.php?attempt=312&page=9 HTTP/1.0" 200 59386 "http://learn.topnode.if.ua/mod/quiz/attempt.php?attempt=312&page=8" "Mozilla/5.0 (Windows NT 6.3; WOW64) AppleWebKit/537.36 (KHTML, like Gecko) Chrome/57.0.2987.133 Safari/537.36"
109.251.68.52 - - [07/May/2017:11:21:11 +0300] "POST /mod/quiz/processattempt.php HTTP/1.0" 303 469 "http://learn.topnode.if.ua/mod/quiz/attempt.php?attempt=311&page=24" "Mozilla/5.0 (Macintosh; Intel Mac OS X 10_12_4) AppleWebKit/603.1.30 (KHTML, like Gecko) Version/10.1 Safari/603.1.30"
109.251.68.52 - - [07/May/2017:11:21:11 +0300] "GET /mod/quiz/attempt.php?attempt=311&page=25 HTTP/1.0" 200 59314 "http://learn.topnode.if.ua/mod/quiz/attempt.php?attempt=311&page=24" "Mozilla/5.0 (Macintosh; Intel Mac OS X 10_12_4) AppleWebKit/603.1.30 (KHTML, like Gecko) Version/10.1 Safari/603.1.30"
109.251.63.13 - - [07/May/2017:11:21:12 +0300] "GET / HTTP/1.0" 200 23712 "-" "Mozilla/5.0 (Windows NT 6.3; WOW64) AppleWebKit/537.36 (KHTML, like Gecko) Chrome/57.0.2987.133 Safari/537.36"
109.251.63.13 - - [07/May/2017:11:21:15 +0300] "GET /login/index.php HTTP/1.0" 303 440 "http://learn.topnode.if.ua/" "Mozilla/5.0 (Windows NT 6.3; WOW64) AppleWebKit/537.36 (KHTML, like Gecko) Chrome/57.0.2987.133 Safari/537.36"
109.251.63.13 - - [07/May/2017:11:21:15 +0300] "GET /login/index.php HTTP/1.0" 200 21352 "http://learn.topnode.if.ua/" "Mozilla/5.0 (Windows NT 6.3; WOW64) AppleWebKit/537.36 (KHTML, like Gecko) Chrome/57.0.2987.133 Safari/537.36"
109.251.68.52 - - [07/May/2017:11:21:16 +0300] "POST /mod/quiz/processattempt.php HTTP/1.0" 303 469 "http://learn.topnode.if.ua/mod/quiz/attempt.php?attempt=311&page=25" "Mozilla/5.0 (Macintosh; Intel Mac OS X 10_12_4) AppleWebKit/603.1.30 (KHTML, like Gecko) Version/10.1 Safari/603.1.30"
109.251.68.52 - - [07/May/2017:11:21:17 +0300] "GET /mod/quiz/attempt.php?attempt=311&page=26 HTTP/1.0" 200 60374 "http://learn.topnode.if.ua/mod/quiz/attempt.php?attempt=311&page=25" "Mozilla/5.0 (Macintosh; Intel Mac OS X 10_12_4) AppleWebKit/603.1.30 (KHTML, like Gecko) Version/10.1 Safari/603.1.30"
109.251.63.13 - - [07/May/2017:11:21:18 +0300] "POST /login/index.php HTTP/1.0" 303 455 "http://learn.topnode.if.ua/login/index.php" "Mozilla/5.0 (Windows NT 6.3; WOW64) AppleWebKit/537.36 (KHTML, like Gecko) Chrome/57.0.2987.133 Safari/537.36"
109.251.63.13 - - [07/May/2017:11:21:18 +0300] "GET /login/index.php?testsession=71 HTTP/1.0" 303 425 "http://learn.topnode.if.ua/login/index.php" "Mozilla/5.0 (Windows NT 6.3; WOW64) AppleWebKit/537.36 (KHTML, like Gecko) Chrome/57.0.2987.133 Safari/537.36"
109.251.63.13 - - [07/May/2017:11:21:18 +0300] "GET / HTTP/1.0" 200 38044 "http://learn.topnode.if.ua/login/index.php" "Mozilla/5.0 (Windows NT 6.3; WOW64) AppleWebKit/537.36 (KHTML, like Gecko) Chrome/57.0.2987.133 Safari/537.36"
193.41.185.22 - - [07/May/2017:11:21:23 +0300] "POST /mod/quiz/processattempt.php HTTP/1.0" 303 469 "http://learn.topnode.if.ua/mod/quiz/attempt.php?attempt=308&page=23" "Mozilla/5.0 (Windows NT 6.3; WOW64) AppleWebKit/537.36 (KHTML, like Gecko) Chrome/57.0.2987.133 Safari/537.36"
109.251.63.13 - - [07/May/2017:11:21:24 +0300] "GET /course/view.php?id=3 HTTP/1.0" 200 57144 "http://learn.topnode.if.ua/" "Mozilla/5.0 (Windows NT 6.3; WOW64) AppleWebKit/537.36 (KHTML, like Gecko) Chrome/57.0.2987.133 Safari/537.36"
193.41.185.22 - - [07/May/2017:11:21:24 +0300] "GET /mod/quiz/attempt.php?attempt=308&page=24 HTTP/1.0" 200 58750 "http://learn.topnode.if.ua/mod/quiz/attempt.php?attempt=308&page=23" "Mozilla/5.0 (Windows NT 6.3; WOW64) AppleWebKit/537.36 (KHTML, like Gecko) Chrome/57.0.2987.133 Safari/537.36"
109.251.63.13 - - [07/May/2017:11:21:28 +0300] "GET /grade/report/index.php?id=3 HTTP/1.0" 303 457 "http://learn.topnode.if.ua/course/view.php?id=3" "Mozilla/5.0 (Windows NT 6.3; WOW64) AppleWebKit/537.36 (KHTML, like Gecko) Chrome/57.0.2987.133 Safari/537.36"
109.251.63.13 - - [07/May/2017:11:21:28 +0300] "GET /grade/report/user/index.php?id=3 HTTP/1.0" 200 60378 "http://learn.topnode.if.ua/course/view.php?id=3" "Mozilla/5.0 (Windows NT 6.3; WOW64) AppleWebKit/537.36 (KHTML, like Gecko) Chrome/57.0.2987.133 Safari/537.36"
193.41.185.22 - - [07/May/2017:11:21:31 +0300] "POST /mod/quiz/processattempt.php HTTP/1.0" 303 469 "http://learn.topnode.if.ua/mod/quiz/attempt.php?attempt=310&page=36" "Mozilla/5.0 (Windows NT 6.3; WOW64) AppleWebKit/537.36 (KHTML, like Gecko) Chrome/57.0.2987.133 Safari/537.36"
193.41.185.22 - - [07/May/2017:11:21:32 +0300] "GET /mod/quiz/attempt.php?attempt=310&page=37 HTTP/1.0" 200 58919 "http://learn.topnode.if.ua/mod/quiz/attempt.php?attempt=310&page=36" "Mozilla/5.0 (Windows NT 6.3; WOW64) AppleWebKit/537.36 (KHTML, like Gecko) Chrome/57.0.2987.133 Safari/537.36"
193.41.185.22 - - [07/May/2017:11:21:36 +0300] "POST /mod/quiz/processattempt.php HTTP/1.0" 303 469 "http://learn.topnode.if.ua/mod/quiz/attempt.php?attempt=310&page=37" "Mozilla/5.0 (Windows NT 6.3; WOW64) AppleWebKit/537.36 (KHTML, like Gecko) Chrome/57.0.2987.133 Safari/537.36"
193.41.185.22 - - [07/May/2017:11:21:37 +0300] "GET /mod/quiz/attempt.php?attempt=310&page=38 HTTP/1.0" 200 59280 "http://learn.topnode.if.ua/mod/quiz/attempt.php?attempt=310&page=37" "Mozilla/5.0 (Windows NT 6.3; WOW64) AppleWebKit/537.36 (KHTML, like Gecko) Chrome/57.0.2987.133 Safari/537.36"
109.251.68.52 - - [07/May/2017:11:21:38 +0300] "POST /mod/quiz/processattempt.php HTTP/1.0" 303 469 "http://learn.topnode.if.ua/mod/quiz/attempt.php?attempt=311&page=26" "Mozilla/5.0 (Macintosh; Intel Mac OS X 10_12_4) AppleWebKit/603.1.30 (KHTML, like Gecko) Version/10.1 Safari/603.1.30"
109.251.68.52 - - [07/May/2017:11:21:39 +0300] "GET /mod/quiz/attempt.php?attempt=311&page=27 HTTP/1.0" 200 59244 "http://learn.topnode.if.ua/mod/quiz/attempt.php?attempt=311&page=26" "Mozilla/5.0 (Macintosh; Intel Mac OS X 10_12_4) AppleWebKit/603.1.30 (KHTML, like Gecko) Version/10.1 Safari/603.1.30"
193.41.185.22 - - [07/May/2017:11:21:42 +0300] "POST /mod/quiz/processattempt.php HTTP/1.0" 303 469 "http://learn.topnode.if.ua/mod/quiz/attempt.php?attempt=309&page=26" "Mozilla/5.0 (Windows NT 6.3; WOW64) AppleWebKit/537.36 (KHTML, like Gecko) Chrome/57.0.2987.133 Safari/537.36"
193.41.185.22 - - [07/May/2017:11:21:42 +0300] "GET /mod/quiz/attempt.php?attempt=309&page=27 HTTP/1.0" 200 59899 "http://learn.topnode.if.ua/mod/quiz/attempt.php?attempt=309&page=26" "Mozilla/5.0 (Windows NT 6.3; WOW64) AppleWebKit/537.36 (KHTML, like Gecko) Chrome/57.0.2987.133 Safari/537.36"
193.41.185.22 - - [07/May/2017:11:21:44 +0300] "POST /mod/quiz/processattempt.php HTTP/1.0" 303 469 "http://learn.topnode.if.ua/mod/quiz/attempt.php?attempt=312&page=9" "Mozilla/5.0 (Windows NT 6.3; WOW64) AppleWebKit/537.36 (KHTML, like Gecko) Chrome/57.0.2987.133 Safari/537.36"
193.41.185.22 - - [07/May/2017:11:21:45 +0300] "GET /mod/quiz/attempt.php?attempt=312&page=10 HTTP/1.0" 200 59113 "http://learn.topnode.if.ua/mod/quiz/attempt.php?attempt=312&page=9" "Mozilla/5.0 (Windows NT 6.3; WOW64) AppleWebKit/537.36 (KHTML, like Gecko) Chrome/57.0.2987.133 Safari/537.36"
109.251.68.52 - - [07/May/2017:11:21:52 +0300] "POST /mod/quiz/processattempt.php HTTP/1.0" 303 469 "http://learn.topnode.if.ua/mod/quiz/attempt.php?attempt=311&page=27" "Mozilla/5.0 (Macintosh; Intel Mac OS X 10_12_4) AppleWebKit/603.1.30 (KHTML, like Gecko) Version/10.1 Safari/603.1.30"
109.251.68.52 - - [07/May/2017:11:21:53 +0300] "GET /mod/quiz/attempt.php?attempt=311&page=28 HTTP/1.0" 200 59025 "http://learn.topnode.if.ua/mod/quiz/attempt.php?attempt=311&page=27" "Mozilla/5.0 (Macintosh; Intel Mac OS X 10_12_4) AppleWebKit/603.1.30 (KHTML, like Gecko) Version/10.1 Safari/603.1.30"
193.41.185.22 - - [07/May/2017:11:21:53 +0300] "POST /mod/quiz/processattempt.php HTTP/1.0" 303 469 "http://learn.topnode.if.ua/mod/quiz/attempt.php?attempt=312&page=10" "Mozilla/5.0 (Windows NT 6.3; WOW64) AppleWebKit/537.36 (KHTML, like Gecko) Chrome/57.0.2987.133 Safari/537.36"
193.41.185.22 - - [07/May/2017:11:21:53 +0300] "GET /mod/quiz/attempt.php?attempt=312&page=11 HTTP/1.0" 200 59015 "http://learn.topnode.if.ua/mod/quiz/attempt.php?attempt=312&page=10" "Mozilla/5.0 (Windows NT 6.3; WOW64) AppleWebKit/537.36 (KHTML, like Gecko) Chrome/57.0.2987.133 Safari/537.36"
193.41.185.22 - - [07/May/2017:11:22:02 +0300] "POST /mod/quiz/processattempt.php HTTP/1.0" 303 469 "http://learn.topnode.if.ua/mod/quiz/attempt.php?attempt=312&page=11" "Mozilla/5.0 (Windows NT 6.3; WOW64) AppleWebKit/537.36 (KHTML, like Gecko) Chrome/57.0.2987.133 Safari/537.36"
193.41.185.22 - - [07/May/2017:11:22:03 +0300] "GET /mod/quiz/attempt.php?attempt=312&page=12 HTTP/1.0" 200 59342 "http://learn.topnode.if.ua/mod/quiz/attempt.php?attempt=312&page=11" "Mozilla/5.0 (Windows NT 6.3; WOW64) AppleWebKit/537.36 (KHTML, like Gecko) Chrome/57.0.2987.133 Safari/537.36"
193.41.185.22 - - [07/May/2017:11:22:05 +0300] "POST /mod/quiz/processattempt.php HTTP/1.0" 303 469 "http://learn.topnode.if.ua/mod/quiz/attempt.php?attempt=309&page=27" "Mozilla/5.0 (Windows NT 6.3; WOW64) AppleWebKit/537.36 (KHTML, like Gecko) Chrome/57.0.2987.133 Safari/537.36"
193.41.185.22 - - [07/May/2017:11:22:06 +0300] "GET /mod/quiz/attempt.php?attempt=309&page=28 HTTP/1.0" 200 58822 "http://learn.topnode.if.ua/mod/quiz/attempt.php?attempt=309&page=27" "Mozilla/5.0 (Windows NT 6.3; WOW64) AppleWebKit/537.36 (KHTML, like Gecko) Chrome/57.0.2987.133 Safari/537.36"
109.251.68.52 - - [07/May/2017:11:22:09 +0300] "POST /mod/quiz/processattempt.php HTTP/1.0" 303 469 "http://learn.topnode.if.ua/mod/quiz/attempt.php?attempt=311&page=28" "Mozilla/5.0 (Macintosh; Intel Mac OS X 10_12_4) AppleWebKit/603.1.30 (KHTML, like Gecko) Version/10.1 Safari/603.1.30"
109.251.68.52 - - [07/May/2017:11:22:10 +0300] "GET /mod/quiz/attempt.php?attempt=311&page=29 HTTP/1.0" 200 60004 "http://learn.topnode.if.ua/mod/quiz/attempt.php?attempt=311&page=28" "Mozilla/5.0 (Macintosh; Intel Mac OS X 10_12_4) AppleWebKit/603.1.30 (KHTML, like Gecko) Version/10.1 Safari/603.1.30"
193.41.185.22 - - [07/May/2017:11:22:12 +0300] "POST /mod/quiz/processattempt.php HTTP/1.0" 303 469 "http://learn.topnode.if.ua/mod/quiz/attempt.php?attempt=308&page=24" "Mozilla/5.0 (Windows NT 6.3; WOW64) AppleWebKit/537.36 (KHTML, like Gecko) Chrome/57.0.2987.133 Safari/537.36"
193.41.185.22 - - [07/May/2017:11:22:13 +0300] "GET /mod/quiz/attempt.php?attempt=308&page=25 HTTP/1.0" 200 59457 "http://learn.topnode.if.ua/mod/quiz/attempt.php?attempt=308&page=24" "Mozilla/5.0 (Windows NT 6.3; WOW64) AppleWebKit/537.36 (KHTML, like Gecko) Chrome/57.0.2987.133 Safari/537.36"
193.41.185.22 - - [07/May/2017:11:22:15 +0300] "POST /mod/quiz/processattempt.php HTTP/1.0" 303 469 "http://learn.topnode.if.ua/mod/quiz/attempt.php?attempt=312&page=12" "Mozilla/5.0 (Windows NT 6.3; WOW64) AppleWebKit/537.36 (KHTML, like Gecko) Chrome/57.0.2987.133 Safari/537.36"
193.41.185.22 - - [07/May/2017:11:22:15 +0300] "GET /mod/quiz/attempt.php?attempt=312&page=13 HTTP/1.0" 200 59795 "http://learn.topnode.if.ua/mod/quiz/attempt.php?attempt=312&page=12" "Mozilla/5.0 (Windows NT 6.3; WOW64) AppleWebKit/537.36 (KHTML, like Gecko) Chrome/57.0.2987.133 Safari/537.36"
193.41.185.22 - - [07/May/2017:11:22:15 +0300] "POST /mod/quiz/processattempt.php HTTP/1.0" 303 469 "http://learn.topnode.if.ua/mod/quiz/attempt.php?attempt=309&page=28" "Mozilla/5.0 (Windows NT 6.3; WOW64) AppleWebKit/537.36 (KHTML, like Gecko) Chrome/57.0.2987.133 Safari/537.36"
193.41.185.22 - - [07/May/2017:11:22:16 +0300] "GET /mod/quiz/attempt.php?attempt=309&page=29 HTTP/1.0" 200 58745 "http://learn.topnode.if.ua/mod/quiz/attempt.php?attempt=309&page=28" "Mozilla/5.0 (Windows NT 6.3; WOW64) AppleWebKit/537.36 (KHTML, like Gecko) Chrome/57.0.2987.133 Safari/537.36"
109.251.68.52 - - [07/May/2017:11:22:21 +0300] "GET /theme/image.php/clean/core/1436263095/i/flagged HTTP/1.0" 200 321 "http://learn.topnode.if.ua/mod/quiz/attempt.php?attempt=311&page=29" "Mozilla/5.0 (Macintosh; Intel Mac OS X 10_12_4) AppleWebKit/603.1.30 (KHTML, like Gecko) Version/10.1 Safari/603.1.30"
109.251.68.52 - - [07/May/2017:11:22:21 +0300] "GET /theme/image.php/clean/quiz/1436263095/navflagged HTTP/1.0" 200 101 "http://learn.topnode.if.ua/mod/quiz/attempt.php?attempt=311&page=29" "Mozilla/5.0 (Macintosh; Intel Mac OS X 10_12_4) AppleWebKit/603.1.30 (KHTML, like Gecko) Version/10.1 Safari/603.1.30"
109.251.68.52 - - [07/May/2017:11:22:22 +0300] "POST /question/toggleflag.php HTTP/1.0" 200 2 "http://learn.topnode.if.ua/mod/quiz/attempt.php?attempt=311&page=29" "Mozilla/5.0 (Macintosh; Intel Mac OS X 10_12_4) AppleWebKit/603.1.30 (KHTML, like Gecko) Version/10.1 Safari/603.1.30"
193.41.185.22 - - [07/May/2017:11:22:28 +0300] "POST /mod/quiz/processattempt.php HTTP/1.0" 303 469 "http://learn.topnode.if.ua/mod/quiz/attempt.php?attempt=310&page=38" "Mozilla/5.0 (Windows NT 6.3; WOW64) AppleWebKit/537.36 (KHTML, like Gecko) Chrome/57.0.2987.133 Safari/537.36"
193.41.185.22 - - [07/May/2017:11:22:29 +0300] "GET /mod/quiz/attempt.php?attempt=310&page=39 HTTP/1.0" 200 58769 "http://learn.topnode.if.ua/mod/quiz/attempt.php?attempt=310&page=38" "Mozilla/5.0 (Windows NT 6.3; WOW64) AppleWebKit/537.36 (KHTML, like Gecko) Chrome/57.0.2987.133 Safari/537.36"
193.41.185.22 - - [07/May/2017:11:22:34 +0300] "POST /mod/quiz/processattempt.php HTTP/1.0" 303 469 "http://learn.topnode.if.ua/mod/quiz/attempt.php?attempt=308&page=25" "Mozilla/5.0 (Windows NT 6.3; WOW64) AppleWebKit/537.36 (KHTML, like Gecko) Chrome/57.0.2987.133 Safari/537.36"
193.41.185.22 - - [07/May/2017:11:22:34 +0300] "GET /mod/quiz/attempt.php?attempt=308&page=26 HTTP/1.0" 200 59023 "http://learn.topnode.if.ua/mod/quiz/attempt.php?attempt=308&page=25" "Mozilla/5.0 (Windows NT 6.3; WOW64) AppleWebKit/537.36 (KHTML, like Gecko) Chrome/57.0.2987.133 Safari/537.36"
193.41.185.22 - - [07/May/2017:11:22:39 +0300] "POST /mod/quiz/processattempt.php HTTP/1.0" 303 469 "http://learn.topnode.if.ua/mod/quiz/attempt.php?attempt=312&page=13" "Mozilla/5.0 (Windows NT 6.3; WOW64) AppleWebKit/537.36 (KHTML, like Gecko) Chrome/57.0.2987.133 Safari/537.36"
193.41.185.22 - - [07/May/2017:11:22:39 +0300] "GET /mod/quiz/attempt.php?attempt=312&page=14 HTTP/1.0" 200 60393 "http://learn.topnode.if.ua/mod/quiz/attempt.php?attempt=312&page=13" "Mozilla/5.0 (Windows NT 6.3; WOW64) AppleWebKit/537.36 (KHTML, like Gecko) Chrome/57.0.2987.133 Safari/537.36"
193.41.185.22 - - [07/May/2017:11:22:44 +0300] "POST /mod/quiz/processattempt.php HTTP/1.0" 303 469 "http://learn.topnode.if.ua/mod/quiz/attempt.php?attempt=309&page=29" "Mozilla/5.0 (Windows NT 6.3; WOW64) AppleWebKit/537.36 (KHTML, like Gecko) Chrome/57.0.2987.133 Safari/537.36"
193.41.185.22 - - [07/May/2017:11:22:45 +0300] "GET /mod/quiz/attempt.php?attempt=309&page=30 HTTP/1.0" 200 59882 "http://learn.topnode.if.ua/mod/quiz/attempt.php?attempt=309&page=29" "Mozilla/5.0 (Windows NT 6.3; WOW64) AppleWebKit/537.36 (KHTML, like Gecko) Chrome/57.0.2987.133 Safari/537.36"
193.41.185.22 - - [07/May/2017:11:22:47 +0300] "POST /mod/quiz/processattempt.php HTTP/1.0" 303 469 "http://learn.topnode.if.ua/mod/quiz/attempt.php?attempt=308&page=26" "Mozilla/5.0 (Windows NT 6.3; WOW64) AppleWebKit/537.36 (KHTML, like Gecko) Chrome/57.0.2987.133 Safari/537.36"
193.41.185.22 - - [07/May/2017:11:22:47 +0300] "GET /mod/quiz/attempt.php?attempt=308&page=27 HTTP/1.0" 200 59343 "http://learn.topnode.if.ua/mod/quiz/attempt.php?attempt=308&page=26" "Mozilla/5.0 (Windows NT 6.3; WOW64) AppleWebKit/537.36 (KHTML, like Gecko) Chrome/57.0.2987.133 Safari/537.36"
109.251.68.52 - - [07/May/2017:11:23:00 +0300] "POST /mod/quiz/processattempt.php HTTP/1.0" 303 469 "http://learn.topnode.if.ua/mod/quiz/attempt.php?attempt=311&page=29" "Mozilla/5.0 (Macintosh; Intel Mac OS X 10_12_4) AppleWebKit/603.1.30 (KHTML, like Gecko) Version/10.1 Safari/603.1.30"
193.41.185.22 - - [07/May/2017:11:23:00 +0300] "POST /mod/quiz/processattempt.php HTTP/1.0" 303 469 "http://learn.topnode.if.ua/mod/quiz/attempt.php?attempt=308&page=27" "Mozilla/5.0 (Windows NT 6.3; WOW64) AppleWebKit/537.36 (KHTML, like Gecko) Chrome/57.0.2987.133 Safari/537.36"
109.251.68.52 - - [07/May/2017:11:23:00 +0300] "GET /mod/quiz/attempt.php?attempt=311&page=30 HTTP/1.0" 200 59815 "http://learn.topnode.if.ua/mod/quiz/attempt.php?attempt=311&page=29" "Mozilla/5.0 (Macintosh; Intel Mac OS X 10_12_4) AppleWebKit/603.1.30 (KHTML, like Gecko) Version/10.1 Safari/603.1.30"
193.41.185.22 - - [07/May/2017:11:23:01 +0300] "GET /mod/quiz/attempt.php?attempt=308&page=28 HTTP/1.0" 200 59400 "http://learn.topnode.if.ua/mod/quiz/attempt.php?attempt=308&page=27" "Mozilla/5.0 (Windows NT 6.3; WOW64) AppleWebKit/537.36 (KHTML, like Gecko) Chrome/57.0.2987.133 Safari/537.36"
193.41.185.22 - - [07/May/2017:11:23:04 +0300] "POST /mod/quiz/processattempt.php HTTP/1.0" 303 469 "http://learn.topnode.if.ua/mod/quiz/attempt.php?attempt=312&page=14" "Mozilla/5.0 (Windows NT 6.3; WOW64) AppleWebKit/537.36 (KHTML, like Gecko) Chrome/57.0.2987.133 Safari/537.36"
193.41.185.22 - - [07/May/2017:11:23:04 +0300] "GET /mod/quiz/attempt.php?attempt=312&page=15 HTTP/1.0" 200 59047 "http://learn.topnode.if.ua/mod/quiz/attempt.php?attempt=312&page=14" "Mozilla/5.0 (Windows NT 6.3; WOW64) AppleWebKit/537.36 (KHTML, like Gecko) Chrome/57.0.2987.133 Safari/537.36"
193.41.185.22 - - [07/May/2017:11:23:10 +0300] "POST /mod/quiz/processattempt.php HTTP/1.0" 303 469 "http://learn.topnode.if.ua/mod/quiz/attempt.php?attempt=309&page=30" "Mozilla/5.0 (Windows NT 6.3; WOW64) AppleWebKit/537.36 (KHTML, like Gecko) Chrome/57.0.2987.133 Safari/537.36"
193.41.185.22 - - [07/May/2017:11:23:10 +0300] "GET /mod/quiz/attempt.php?attempt=309&page=31 HTTP/1.0" 200 58712 "http://learn.topnode.if.ua/mod/quiz/attempt.php?attempt=309&page=30" "Mozilla/5.0 (Windows NT 6.3; WOW64) AppleWebKit/537.36 (KHTML, like Gecko) Chrome/57.0.2987.133 Safari/537.36"
193.41.185.22 - - [07/May/2017:11:23:17 +0300] "POST /mod/quiz/processattempt.php HTTP/1.0" 303 469 "http://learn.topnode.if.ua/mod/quiz/attempt.php?attempt=312&page=15" "Mozilla/5.0 (Windows NT 6.3; WOW64) AppleWebKit/537.36 (KHTML, like Gecko) Chrome/57.0.2987.133 Safari/537.36"
193.41.185.22 - - [07/May/2017:11:23:18 +0300] "GET /mod/quiz/attempt.php?attempt=312&page=16 HTTP/1.0" 200 59323 "http://learn.topnode.if.ua/mod/quiz/attempt.php?attempt=312&page=15" "Mozilla/5.0 (Windows NT 6.3; WOW64) AppleWebKit/537.36 (KHTML, like Gecko) Chrome/57.0.2987.133 Safari/537.36"
193.41.185.22 - - [07/May/2017:11:23:19 +0300] "POST /mod/quiz/processattempt.php HTTP/1.0" 303 469 "http://learn.topnode.if.ua/mod/quiz/attempt.php?attempt=310&page=39" "Mozilla/5.0 (Windows NT 6.3; WOW64) AppleWebKit/537.36 (KHTML, like Gecko) Chrome/57.0.2987.133 Safari/537.36"
193.41.185.22 - - [07/May/2017:11:23:19 +0300] "GET /mod/quiz/attempt.php?attempt=310&page=40 HTTP/1.0" 200 58958 "http://learn.topnode.if.ua/mod/quiz/attempt.php?attempt=310&page=39" "Mozilla/5.0 (Windows NT 6.3; WOW64) AppleWebKit/537.36 (KHTML, like Gecko) Chrome/57.0.2987.133 Safari/537.36"
193.41.185.22 - - [07/May/2017:11:23:25 +0300] "POST /mod/quiz/processattempt.php HTTP/1.0" 303 469 "http://learn.topnode.if.ua/mod/quiz/attempt.php?attempt=310&page=40" "Mozilla/5.0 (Windows NT 6.3; WOW64) AppleWebKit/537.36 (KHTML, like Gecko) Chrome/57.0.2987.133 Safari/537.36"
193.41.185.22 - - [07/May/2017:11:23:26 +0300] "GET /mod/quiz/attempt.php?attempt=310&page=41 HTTP/1.0" 200 58658 "http://learn.topnode.if.ua/mod/quiz/attempt.php?attempt=310&page=40" "Mozilla/5.0 (Windows NT 6.3; WOW64) AppleWebKit/537.36 (KHTML, like Gecko) Chrome/57.0.2987.133 Safari/537.36"
193.41.185.22 - - [07/May/2017:11:23:26 +0300] "POST /mod/quiz/processattempt.php HTTP/1.0" 303 469 "http://learn.topnode.if.ua/mod/quiz/attempt.php?attempt=308&page=28" "Mozilla/5.0 (Windows NT 6.3; WOW64) AppleWebKit/537.36 (KHTML, like Gecko) Chrome/57.0.2987.133 Safari/537.36"
193.41.185.22 - - [07/May/2017:11:23:26 +0300] "GET /mod/quiz/attempt.php?attempt=308&page=29 HTTP/1.0" 200 59207 "http://learn.topnode.if.ua/mod/quiz/attempt.php?attempt=308&page=28" "Mozilla/5.0 (Windows NT 6.3; WOW64) AppleWebKit/537.36 (KHTML, like Gecko) Chrome/57.0.2987.133 Safari/537.36"
193.41.185.22 - - [07/May/2017:11:23:35 +0300] "POST /mod/quiz/processattempt.php HTTP/1.0" 303 469 "http://learn.topnode.if.ua/mod/quiz/attempt.php?attempt=312&page=16" "Mozilla/5.0 (Windows NT 6.3; WOW64) AppleWebKit/537.36 (KHTML, like Gecko) Chrome/57.0.2987.133 Safari/537.36"
193.41.185.22 - - [07/May/2017:11:23:36 +0300] "GET /mod/quiz/attempt.php?attempt=312&page=17 HTTP/1.0" 200 59438 "http://learn.topnode.if.ua/mod/quiz/attempt.php?attempt=312&page=16" "Mozilla/5.0 (Windows NT 6.3; WOW64) AppleWebKit/537.36 (KHTML, like Gecko) Chrome/57.0.2987.133 Safari/537.36"
193.41.185.22 - - [07/May/2017:11:23:50 +0300] "POST /mod/quiz/processattempt.php HTTP/1.0" 303 469 "http://learn.topnode.if.ua/mod/quiz/attempt.php?attempt=309&page=31" "Mozilla/5.0 (Windows NT 6.3; WOW64) AppleWebKit/537.36 (KHTML, like Gecko) Chrome/57.0.2987.133 Safari/537.36"
193.41.185.22 - - [07/May/2017:11:23:51 +0300] "GET /mod/quiz/attempt.php?attempt=309&page=32 HTTP/1.0" 200 59537 "http://learn.topnode.if.ua/mod/quiz/attempt.php?attempt=309&page=31" "Mozilla/5.0 (Windows NT 6.3; WOW64) AppleWebKit/537.36 (KHTML, like Gecko) Chrome/57.0.2987.133 Safari/537.36"
193.41.185.22 - - [07/May/2017:11:23:57 +0300] "POST /mod/quiz/processattempt.php HTTP/1.0" 303 469 "http://learn.topnode.if.ua/mod/quiz/attempt.php?attempt=310&page=41" "Mozilla/5.0 (Windows NT 6.3; WOW64) AppleWebKit/537.36 (KHTML, like Gecko) Chrome/57.0.2987.133 Safari/537.36"
193.41.185.22 - - [07/May/2017:11:23:58 +0300] "GET /mod/quiz/attempt.php?attempt=310&page=42 HTTP/1.0" 200 58910 "http://learn.topnode.if.ua/mod/quiz/attempt.php?attempt=310&page=41" "Mozilla/5.0 (Windows NT 6.3; WOW64) AppleWebKit/537.36 (KHTML, like Gecko) Chrome/57.0.2987.133 Safari/537.36"
193.41.185.22 - - [07/May/2017:11:24:04 +0300] "POST /mod/quiz/processattempt.php HTTP/1.0" 303 469 "http://learn.topnode.if.ua/mod/quiz/attempt.php?attempt=310&page=42" "Mozilla/5.0 (Windows NT 6.3; WOW64) AppleWebKit/537.36 (KHTML, like Gecko) Chrome/57.0.2987.133 Safari/537.36"
193.41.185.22 - - [07/May/2017:11:24:04 +0300] "GET /mod/quiz/attempt.php?attempt=310&page=43 HTTP/1.0" 200 58832 "http://learn.topnode.if.ua/mod/quiz/attempt.php?attempt=310&page=42" "Mozilla/5.0 (Windows NT 6.3; WOW64) AppleWebKit/537.36 (KHTML, like Gecko) Chrome/57.0.2987.133 Safari/537.36"
193.41.185.22 - - [07/May/2017:11:24:17 +0300] "POST /mod/quiz/processattempt.php HTTP/1.0" 303 469 "http://learn.topnode.if.ua/mod/quiz/attempt.php?attempt=309&page=32" "Mozilla/5.0 (Windows NT 6.3; WOW64) AppleWebKit/537.36 (KHTML, like Gecko) Chrome/57.0.2987.133 Safari/537.36"
193.41.185.22 - - [07/May/2017:11:24:18 +0300] "GET /mod/quiz/attempt.php?attempt=309&page=33 HTTP/1.0" 200 58979 "http://learn.topnode.if.ua/mod/quiz/attempt.php?attempt=309&page=32" "Mozilla/5.0 (Windows NT 6.3; WOW64) AppleWebKit/537.36 (KHTML, like Gecko) Chrome/57.0.2987.133 Safari/537.36"
109.251.68.52 - - [07/May/2017:11:24:18 +0300] "POST /mod/quiz/processattempt.php HTTP/1.0" 303 469 "http://learn.topnode.if.ua/mod/quiz/attempt.php?attempt=311&page=30" "Mozilla/5.0 (Macintosh; Intel Mac OS X 10_12_4) AppleWebKit/603.1.30 (KHTML, like Gecko) Version/10.1 Safari/603.1.30"
193.41.185.22 - - [07/May/2017:11:24:18 +0300] "POST /mod/quiz/processattempt.php HTTP/1.0" 303 469 "http://learn.topnode.if.ua/mod/quiz/attempt.php?attempt=310&page=43" "Mozilla/5.0 (Windows NT 6.3; WOW64) AppleWebKit/537.36 (KHTML, like Gecko) Chrome/57.0.2987.133 Safari/537.36"
109.251.68.52 - - [07/May/2017:11:24:19 +0300] "GET /mod/quiz/attempt.php?attempt=311&page=31 HTTP/1.0" 200 59296 "http://learn.topnode.if.ua/mod/quiz/attempt.php?attempt=311&page=30" "Mozilla/5.0 (Macintosh; Intel Mac OS X 10_12_4) AppleWebKit/603.1.30 (KHTML, like Gecko) Version/10.1 Safari/603.1.30"
193.41.185.22 - - [07/May/2017:11:24:19 +0300] "GET /mod/quiz/attempt.php?attempt=310&page=44 HTTP/1.0" 200 58694 "http://learn.topnode.if.ua/mod/quiz/attempt.php?attempt=310&page=43" "Mozilla/5.0 (Windows NT 6.3; WOW64) AppleWebKit/537.36 (KHTML, like Gecko) Chrome/57.0.2987.133 Safari/537.36"
193.41.185.22 - - [07/May/2017:11:24:28 +0300] "POST /mod/quiz/processattempt.php HTTP/1.0" 303 469 "http://learn.topnode.if.ua/mod/quiz/attempt.php?attempt=310&page=44" "Mozilla/5.0 (Windows NT 6.3; WOW64) AppleWebKit/537.36 (KHTML, like Gecko) Chrome/57.0.2987.133 Safari/537.36"
