193.41.185.22 - - [07/May/2017:11:53:16 +0300] "GET /mod/quiz/view.php?id=32 HTTP/1.0" 200 46104 "http://learn.topnode.if.ua/course/view.php?id=3" "Mozilla/5.0 (Windows NT 6.3; WOW64) AppleWebKit/537.36 (KHTML, like Gecko) Chrome/57.0.2987.133 Safari/537.36"
193.41.185.22 - - [07/May/2017:11:53:31 +0300] "POST /mod/quiz/processattempt.php HTTP/1.0" 303 469 "http://learn.topnode.if.ua/mod/quiz/attempt.php?attempt=308&page=90" "Mozilla/5.0 (Windows NT 6.3; WOW64) AppleWebKit/537.36 (KHTML, like Gecko) Chrome/57.0.2987.133 Safari/537.36"
193.41.185.22 - - [07/May/2017:11:53:31 +0300] "GET /mod/quiz/attempt.php?attempt=308&page=91 HTTP/1.0" 200 58611 "http://learn.topnode.if.ua/mod/quiz/attempt.php?attempt=308&page=90" "Mozilla/5.0 (Windows NT 6.3; WOW64) AppleWebKit/537.36 (KHTML, like Gecko) Chrome/57.0.2987.133 Safari/537.36"
193.41.185.22 - - [07/May/2017:11:53:32 +0300] "POST /question/toggleflag.php HTTP/1.0" 200 2 "http://learn.topnode.if.ua/mod/quiz/attempt.php?attempt=312&page=51" "Mozilla/5.0 (Windows NT 6.3; WOW64) AppleWebKit/537.36 (KHTML, like Gecko) Chrome/57.0.2987.133 Safari/537.36"
193.41.185.22 - - [07/May/2017:11:53:44 +0300] "POST /mod/quiz/processattempt.php HTTP/1.0" 303 469 "http://learn.topnode.if.ua/mod/quiz/attempt.php?attempt=312&page=51" "Mozilla/5.0 (Windows NT 6.3; WOW64) AppleWebKit/537.36 (KHTML, like Gecko) Chrome/57.0.2987.133 Safari/537.36"
193.41.185.22 - - [07/May/2017:11:53:45 +0300] "GET /mod/quiz/attempt.php?attempt=312&page=52 HTTP/1.0" 200 62317 "http://learn.topnode.if.ua/mod/quiz/attempt.php?attempt=312&page=51" "Mozilla/5.0 (Windows NT 6.3; WOW64) AppleWebKit/537.36 (KHTML, like Gecko) Chrome/57.0.2987.133 Safari/537.36"
193.41.185.22 - - [07/May/2017:11:53:49 +0300] "POST /mod/quiz/processattempt.php HTTP/1.0" 303 469 "http://learn.topnode.if.ua/mod/quiz/attempt.php?attempt=309&page=77" "Mozilla/5.0 (Windows NT 6.3; WOW64) AppleWebKit/537.36 (KHTML, like Gecko) Chrome/57.0.2987.133 Safari/537.36"
193.41.185.22 - - [07/May/2017:11:53:50 +0300] "GET /mod/quiz/attempt.php?attempt=309&page=78 HTTP/1.0" 200 60471 "http://learn.topnode.if.ua/mod/quiz/attempt.php?attempt=309&page=77" "Mozilla/5.0 (Windows NT 6.3; WOW64) AppleWebKit/537.36 (KHTML, like Gecko) Chrome/57.0.2987.133 Safari/537.36"
193.41.185.22 - - [07/May/2017:11:53:50 +0300] "GET /theme/yui_combo.php?3.17.2/event-simulate/event-simulate-min.js&3.17.2/async-queue/async-queue-min.js&3.17.2/gesture-simulate/gesture-simulate-min.js&3.17.2/node-event-simulate/node-event-simulate-min.js HTTP/1.0" 200 6149 "http://learn.topnode.if.ua/mod/quiz/attempt.php?attempt=309&page=78" "Mozilla/5.0 (Windows NT 6.3; WOW64) AppleWebKit/537.36 (KHTML, like Gecko) Chrome/57.0.2987.133 Safari/537.36"
193.41.185.22 - - [07/May/2017:11:53:51 +0300] "POST /mod/quiz/processattempt.php HTTP/1.0" 303 469 "http://learn.topnode.if.ua/mod/quiz/attempt.php?attempt=308&page=91" "Mozilla/5.0 (Windows NT 6.3; WOW64) AppleWebKit/537.36 (KHTML, like Gecko) Chrome/57.0.2987.133 Safari/537.36"
193.41.185.22 - - [07/May/2017:11:53:52 +0300] "GET /mod/quiz/attempt.php?attempt=308&page=92 HTTP/1.0" 200 58617 "http://learn.topnode.if.ua/mod/quiz/attempt.php?attempt=308&page=91" "Mozilla/5.0 (Windows NT 6.3; WOW64) AppleWebKit/537.36 (KHTML, like Gecko) Chrome/57.0.2987.133 Safari/537.36"
193.41.185.22 - - [07/May/2017:11:54:00 +0300] "POST /question/toggleflag.php HTTP/1.0" 200 2 "http://learn.topnode.if.ua/mod/quiz/attempt.php?attempt=309&page=78" "Mozilla/5.0 (Windows NT 6.3; WOW64) AppleWebKit/537.36 (KHTML, like Gecko) Chrome/57.0.2987.133 Safari/537.36"
193.41.185.22 - - [07/May/2017:11:54:08 +0300] "POST /mod/quiz/processattempt.php HTTP/1.0" 303 469 "http://learn.topnode.if.ua/mod/quiz/attempt.php?attempt=309&page=78" "Mozilla/5.0 (Windows NT 6.3; WOW64) AppleWebKit/537.36 (KHTML, like Gecko) Chrome/57.0.2987.133 Safari/537.36"
193.41.185.22 - - [07/May/2017:11:54:08 +0300] "GET /mod/quiz/attempt.php?attempt=309&page=79 HTTP/1.0" 200 59716 "http://learn.topnode.if.ua/mod/quiz/attempt.php?attempt=309&page=78" "Mozilla/5.0 (Windows NT 6.3; WOW64) AppleWebKit/537.36 (KHTML, like Gecko) Chrome/57.0.2987.133 Safari/537.36"
193.41.185.22 - - [07/May/2017:11:54:11 +0300] "POST /mod/quiz/processattempt.php HTTP/1.0" 303 469 "http://learn.topnode.if.ua/mod/quiz/attempt.php?attempt=308&page=92" "Mozilla/5.0 (Windows NT 6.3; WOW64) AppleWebKit/537.36 (KHTML, like Gecko) Chrome/57.0.2987.133 Safari/537.36"
109.251.68.52 - - [07/May/2017:11:54:12 +0300] "POST /mod/quiz/processattempt.php HTTP/1.0" 303 469 "http://learn.topnode.if.ua/mod/quiz/attempt.php?attempt=311&page=84" "Mozilla/5.0 (Macintosh; Intel Mac OS X 10_12_4) AppleWebKit/603.1.30 (KHTML, like Gecko) Version/10.1 Safari/603.1.30"
193.41.185.22 - - [07/May/2017:11:54:12 +0300] "GET /mod/quiz/attempt.php?attempt=308&page=93 HTTP/1.0" 200 58771 "http://learn.topnode.if.ua/mod/quiz/attempt.php?attempt=308&page=92" "Mozilla/5.0 (Windows NT 6.3; WOW64) AppleWebKit/537.36 (KHTML, like Gecko) Chrome/57.0.2987.133 Safari/537.36"
109.251.68.52 - - [07/May/2017:11:54:12 +0300] "GET /mod/quiz/attempt.php?attempt=311&page=85 HTTP/1.0" 200 59332 "http://learn.topnode.if.ua/mod/quiz/attempt.php?attempt=311&page=84" "Mozilla/5.0 (Macintosh; Intel Mac OS X 10_12_4) AppleWebKit/603.1.30 (KHTML, like Gecko) Version/10.1 Safari/603.1.30"
193.41.185.22 - - [07/May/2017:11:54:21 +0300] "POST /mod/quiz/processattempt.php HTTP/1.0" 303 469 "http://learn.topnode.if.ua/mod/quiz/attempt.php?attempt=308&page=93" "Mozilla/5.0 (Windows NT 6.3; WOW64) AppleWebKit/537.36 (KHTML, like Gecko) Chrome/57.0.2987.133 Safari/537.36"
193.41.185.22 - - [07/May/2017:11:54:22 +0300] "GET /mod/quiz/attempt.php?attempt=308&page=94 HTTP/1.0" 200 58468 "http://learn.topnode.if.ua/mod/quiz/attempt.php?attempt=308&page=93" "Mozilla/5.0 (Windows NT 6.3; WOW64) AppleWebKit/537.36 (KHTML, like Gecko) Chrome/57.0.2987.133 Safari/537.36"
109.251.68.52 - - [07/May/2017:11:54:33 +0300] "POST /mod/quiz/processattempt.php HTTP/1.0" 303 469 "http://learn.topnode.if.ua/mod/quiz/attempt.php?attempt=311&page=85" "Mozilla/5.0 (Macintosh; Intel Mac OS X 10_12_4) AppleWebKit/603.1.30 (KHTML, like Gecko) Version/10.1 Safari/603.1.30"
109.251.68.52 - - [07/May/2017:11:54:34 +0300] "GET /mod/quiz/attempt.php?attempt=311&page=86 HTTP/1.0" 200 59620 "http://learn.topnode.if.ua/mod/quiz/attempt.php?attempt=311&page=85" "Mozilla/5.0 (Macintosh; Intel Mac OS X 10_12_4) AppleWebKit/603.1.30 (KHTML, like Gecko) Version/10.1 Safari/603.1.30"
109.251.68.52 - - [07/May/2017:11:54:44 +0300] "POST /mod/quiz/processattempt.php HTTP/1.0" 303 469 "http://learn.topnode.if.ua/mod/quiz/attempt.php?attempt=311&page=86" "Mozilla/5.0 (Macintosh; Intel Mac OS X 10_12_4) AppleWebKit/603.1.30 (KHTML, like Gecko) Version/10.1 Safari/603.1.30"
193.41.185.22 - - [07/May/2017:11:54:44 +0300] "POST /mod/quiz/processattempt.php HTTP/1.0" 303 469 "http://learn.topnode.if.ua/mod/quiz/attempt.php?attempt=312&page=52" "Mozilla/5.0 (Windows NT 6.3; WOW64) AppleWebKit/537.36 (KHTML, like Gecko) Chrome/57.0.2987.133 Safari/537.36"
109.251.68.52 - - [07/May/2017:11:54:44 +0300] "GET /mod/quiz/attempt.php?attempt=311&page=87 HTTP/1.0" 200 59042 "http://learn.topnode.if.ua/mod/quiz/attempt.php?attempt=311&page=86" "Mozilla/5.0 (Macintosh; Intel Mac OS X 10_12_4) AppleWebKit/603.1.30 (KHTML, like Gecko) Version/10.1 Safari/603.1.30"
193.41.185.22 - - [07/May/2017:11:54:45 +0300] "GET /mod/quiz/attempt.php?attempt=312&page=53 HTTP/1.0" 200 59793 "http://learn.topnode.if.ua/mod/quiz/attempt.php?attempt=312&page=52" "Mozilla/5.0 (Windows NT 6.3; WOW64) AppleWebKit/537.36 (KHTML, like Gecko) Chrome/57.0.2987.133 Safari/537.36"
193.41.185.22 - - [07/May/2017:11:54:47 +0300] "POST /mod/quiz/processattempt.php HTTP/1.0" 303 469 "http://learn.topnode.if.ua/mod/quiz/attempt.php?attempt=308&page=94" "Mozilla/5.0 (Windows NT 6.3; WOW64) AppleWebKit/537.36 (KHTML, like Gecko) Chrome/57.0.2987.133 Safari/537.36"
193.41.185.22 - - [07/May/2017:11:54:47 +0300] "GET /mod/quiz/attempt.php?attempt=308&page=95 HTTP/1.0" 200 58231 "http://learn.topnode.if.ua/mod/quiz/attempt.php?attempt=308&page=94" "Mozilla/5.0 (Windows NT 6.3; WOW64) AppleWebKit/537.36 (KHTML, like Gecko) Chrome/57.0.2987.133 Safari/537.36"
109.251.68.52 - - [07/May/2017:11:55:02 +0300] "POST /mod/quiz/processattempt.php HTTP/1.0" 303 469 "http://learn.topnode.if.ua/mod/quiz/attempt.php?attempt=311&page=87" "Mozilla/5.0 (Macintosh; Intel Mac OS X 10_12_4) AppleWebKit/603.1.30 (KHTML, like Gecko) Version/10.1 Safari/603.1.30"
109.251.68.52 - - [07/May/2017:11:55:03 +0300] "GET /mod/quiz/attempt.php?attempt=311&page=88 HTTP/1.0" 200 58555 "http://learn.topnode.if.ua/mod/quiz/attempt.php?attempt=311&page=87" "Mozilla/5.0 (Macintosh; Intel Mac OS X 10_12_4) AppleWebKit/603.1.30 (KHTML, like Gecko) Version/10.1 Safari/603.1.30"
109.251.68.52 - - [07/May/2017:11:55:10 +0300] "POST /mod/quiz/processattempt.php HTTP/1.0" 303 469 "http://learn.topnode.if.ua/mod/quiz/attempt.php?attempt=311&page=88" "Mozilla/5.0 (Macintosh; Intel Mac OS X 10_12_4) AppleWebKit/603.1.30 (KHTML, like Gecko) Version/10.1 Safari/603.1.30"
109.251.68.52 - - [07/May/2017:11:55:10 +0300] "GET /mod/quiz/attempt.php?attempt=311&page=89 HTTP/1.0" 200 59346 "http://learn.topnode.if.ua/mod/quiz/attempt.php?attempt=311&page=88" "Mozilla/5.0 (Macintosh; Intel Mac OS X 10_12_4) AppleWebKit/603.1.30 (KHTML, like Gecko) Version/10.1 Safari/603.1.30"
193.41.185.22 - - [07/May/2017:11:55:12 +0300] "POST /mod/quiz/processattempt.php HTTP/1.0" 303 469 "http://learn.topnode.if.ua/mod/quiz/attempt.php?attempt=308&page=95" "Mozilla/5.0 (Windows NT 6.3; WOW64) AppleWebKit/537.36 (KHTML, like Gecko) Chrome/57.0.2987.133 Safari/537.36"
193.41.185.22 - - [07/May/2017:11:55:12 +0300] "GET /mod/quiz/attempt.php?attempt=308&page=96 HTTP/1.0" 200 61996 "http://learn.topnode.if.ua/mod/quiz/attempt.php?attempt=308&page=95" "Mozilla/5.0 (Windows NT 6.3; WOW64) AppleWebKit/537.36 (KHTML, like Gecko) Chrome/57.0.2987.133 Safari/537.36"
109.251.68.52 - - [07/May/2017:11:55:19 +0300] "POST /mod/quiz/processattempt.php HTTP/1.0" 303 469 "http://learn.topnode.if.ua/mod/quiz/attempt.php?attempt=311&page=89" "Mozilla/5.0 (Macintosh; Intel Mac OS X 10_12_4) AppleWebKit/603.1.30 (KHTML, like Gecko) Version/10.1 Safari/603.1.30"
109.251.68.52 - - [07/May/2017:11:55:19 +0300] "GET /mod/quiz/attempt.php?attempt=311&page=90 HTTP/1.0" 200 58909 "http://learn.topnode.if.ua/mod/quiz/attempt.php?attempt=311&page=89" "Mozilla/5.0 (Macintosh; Intel Mac OS X 10_12_4) AppleWebKit/603.1.30 (KHTML, like Gecko) Version/10.1 Safari/603.1.30"
109.251.68.52 - - [07/May/2017:11:55:26 +0300] "POST /mod/quiz/processattempt.php HTTP/1.0" 303 469 "http://learn.topnode.if.ua/mod/quiz/attempt.php?attempt=311&page=90" "Mozilla/5.0 (Macintosh; Intel Mac OS X 10_12_4) AppleWebKit/603.1.30 (KHTML, like Gecko) Version/10.1 Safari/603.1.30"
109.251.68.52 - - [07/May/2017:11:55:26 +0300] "GET /mod/quiz/attempt.php?attempt=311&page=91 HTTP/1.0" 200 61256 "http://learn.topnode.if.ua/mod/quiz/attempt.php?attempt=311&page=90" "Mozilla/5.0 (Macintosh; Intel Mac OS X 10_12_4) AppleWebKit/603.1.30 (KHTML, like Gecko) Version/10.1 Safari/603.1.30"
193.41.185.22 - - [07/May/2017:11:55:42 +0300] "POST /mod/quiz/processattempt.php HTTP/1.0" 303 469 "http://learn.topnode.if.ua/mod/quiz/attempt.php?attempt=309&page=79" "Mozilla/5.0 (Windows NT 6.3; WOW64) AppleWebKit/537.36 (KHTML, like Gecko) Chrome/57.0.2987.133 Safari/537.36"
193.41.185.22 - - [07/May/2017:11:55:42 +0300] "GET /mod/quiz/attempt.php?attempt=309&page=80 HTTP/1.0" 200 58443 "http://learn.topnode.if.ua/mod/quiz/attempt.php?attempt=309&page=79" "Mozilla/5.0 (Windows NT 6.3; WOW64) AppleWebKit/537.36 (KHTML, like Gecko) Chrome/57.0.2987.133 Safari/537.36"
193.41.185.22 - - [07/May/2017:11:55:49 +0300] "POST /mod/quiz/processattempt.php HTTP/1.0" 303 469 "http://learn.topnode.if.ua/mod/quiz/attempt.php?attempt=312&page=53" "Mozilla/5.0 (Windows NT 6.3; WOW64) AppleWebKit/537.36 (KHTML, like Gecko) Chrome/57.0.2987.133 Safari/537.36"
193.41.185.22 - - [07/May/2017:11:55:49 +0300] "GET /mod/quiz/attempt.php?attempt=312&page=54 HTTP/1.0" 200 59220 "http://learn.topnode.if.ua/mod/quiz/attempt.php?attempt=312&page=53" "Mozilla/5.0 (Windows NT 6.3; WOW64) AppleWebKit/537.36 (KHTML, like Gecko) Chrome/57.0.2987.133 Safari/537.36"
193.41.185.22 - - [07/May/2017:11:55:52 +0300] "POST /mod/quiz/processattempt.php HTTP/1.0" 303 469 "http://learn.topnode.if.ua/mod/quiz/attempt.php?attempt=308&page=96" "Mozilla/5.0 (Windows NT 6.3; WOW64) AppleWebKit/537.36 (KHTML, like Gecko) Chrome/57.0.2987.133 Safari/537.36"
193.41.185.22 - - [07/May/2017:11:55:53 +0300] "GET /mod/quiz/attempt.php?attempt=308&page=97 HTTP/1.0" 200 58773 "http://learn.topnode.if.ua/mod/quiz/attempt.php?attempt=308&page=96" "Mozilla/5.0 (Windows NT 6.3; WOW64) AppleWebKit/537.36 (KHTML, like Gecko) Chrome/57.0.2987.133 Safari/537.36"
109.251.68.52 - - [07/May/2017:11:55:53 +0300] "POST /mod/quiz/processattempt.php HTTP/1.0" 303 469 "http://learn.topnode.if.ua/mod/quiz/attempt.php?attempt=311&page=91" "Mozilla/5.0 (Macintosh; Intel Mac OS X 10_12_4) AppleWebKit/603.1.30 (KHTML, like Gecko) Version/10.1 Safari/603.1.30"
109.251.68.52 - - [07/May/2017:11:55:54 +0300] "GET /mod/quiz/attempt.php?attempt=311&page=92 HTTP/1.0" 200 58836 "http://learn.topnode.if.ua/mod/quiz/attempt.php?attempt=311&page=91" "Mozilla/5.0 (Macintosh; Intel Mac OS X 10_12_4) AppleWebKit/603.1.30 (KHTML, like Gecko) Version/10.1 Safari/603.1.30"
193.41.185.22 - - [07/May/2017:11:55:59 +0300] "POST /mod/quiz/processattempt.php HTTP/1.0" 303 469 "http://learn.topnode.if.ua/mod/quiz/attempt.php?attempt=308&page=97" "Mozilla/5.0 (Windows NT 6.3; WOW64) AppleWebKit/537.36 (KHTML, like Gecko) Chrome/57.0.2987.133 Safari/537.36"
193.41.185.22 - - [07/May/2017:11:56:00 +0300] "GET /mod/quiz/attempt.php?attempt=308&page=98 HTTP/1.0" 200 58830 "http://learn.topnode.if.ua/mod/quiz/attempt.php?attempt=308&page=97" "Mozilla/5.0 (Windows NT 6.3; WOW64) AppleWebKit/537.36 (KHTML, like Gecko) Chrome/57.0.2987.133 Safari/537.36"
193.41.185.22 - - [07/May/2017:11:56:07 +0300] "POST /mod/quiz/processattempt.php HTTP/1.0" 303 469 "http://learn.topnode.if.ua/mod/quiz/attempt.php?attempt=312&page=54" "Mozilla/5.0 (Windows NT 6.3; WOW64) AppleWebKit/537.36 (KHTML, like Gecko) Chrome/57.0.2987.133 Safari/537.36"
193.41.185.22 - - [07/May/2017:11:56:07 +0300] "GET /mod/quiz/attempt.php?attempt=312&page=55 HTTP/1.0" 200 59784 "http://learn.topnode.if.ua/mod/quiz/attempt.php?attempt=312&page=54" "Mozilla/5.0 (Windows NT 6.3; WOW64) AppleWebKit/537.36 (KHTML, like Gecko) Chrome/57.0.2987.133 Safari/537.36"
193.41.185.22 - - [07/May/2017:11:56:28 +0300] "POST /mod/quiz/processattempt.php HTTP/1.0" 303 469 "http://learn.topnode.if.ua/mod/quiz/attempt.php?attempt=308&page=98" "Mozilla/5.0 (Windows NT 6.3; WOW64) AppleWebKit/537.36 (KHTML, like Gecko) Chrome/57.0.2987.133 Safari/537.36"
193.41.185.22 - - [07/May/2017:11:56:29 +0300] "GET /mod/quiz/attempt.php?attempt=308&page=99 HTTP/1.0" 200 58508 "http://learn.topnode.if.ua/mod/quiz/attempt.php?attempt=308&page=98" "Mozilla/5.0 (Windows NT 6.3; WOW64) AppleWebKit/537.36 (KHTML, like Gecko) Chrome/57.0.2987.133 Safari/537.36"
193.41.185.22 - - [07/May/2017:11:56:30 +0300] "POST /mod/quiz/processattempt.php HTTP/1.0" 303 469 "http://learn.topnode.if.ua/mod/quiz/attempt.php?attempt=312&page=55" "Mozilla/5.0 (Windows NT 6.3; WOW64) AppleWebKit/537.36 (KHTML, like Gecko) Chrome/57.0.2987.133 Safari/537.36"
193.41.185.22 - - [07/May/2017:11:56:31 +0300] "GET /mod/quiz/attempt.php?attempt=312&page=56 HTTP/1.0" 200 58780 "http://learn.topnode.if.ua/mod/quiz/attempt.php?attempt=312&page=55" "Mozilla/5.0 (Windows NT 6.3; WOW64) AppleWebKit/537.36 (KHTML, like Gecko) Chrome/57.0.2987.133 Safari/537.36"
193.41.185.22 - - [07/May/2017:11:56:32 +0300] "POST /mod/quiz/processattempt.php HTTP/1.0" 303 469 "http://learn.topnode.if.ua/mod/quiz/attempt.php?attempt=309&page=80" "Mozilla/5.0 (Windows NT 6.3; WOW64) AppleWebKit/537.36 (KHTML, like Gecko) Chrome/57.0.2987.133 Safari/537.36"
193.41.185.22 - - [07/May/2017:11:56:32 +0300] "GET /mod/quiz/attempt.php?attempt=309&page=81 HTTP/1.0" 200 58624 "http://learn.topnode.if.ua/mod/quiz/attempt.php?attempt=309&page=80" "Mozilla/5.0 (Windows NT 6.3; WOW64) AppleWebKit/537.36 (KHTML, like Gecko) Chrome/57.0.2987.133 Safari/537.36"
109.251.68.52 - - [07/May/2017:11:56:35 +0300] "POST /mod/quiz/processattempt.php HTTP/1.0" 303 469 "http://learn.topnode.if.ua/mod/quiz/attempt.php?attempt=311&page=92" "Mozilla/5.0 (Macintosh; Intel Mac OS X 10_12_4) AppleWebKit/603.1.30 (KHTML, like Gecko) Version/10.1 Safari/603.1.30"
109.251.68.52 - - [07/May/2017:11:56:36 +0300] "GET /mod/quiz/attempt.php?attempt=311&page=93 HTTP/1.0" 200 58348 "http://learn.topnode.if.ua/mod/quiz/attempt.php?attempt=311&page=92" "Mozilla/5.0 (Macintosh; Intel Mac OS X 10_12_4) AppleWebKit/603.1.30 (KHTML, like Gecko) Version/10.1 Safari/603.1.30"
193.41.185.22 - - [07/May/2017:11:56:38 +0300] "POST /mod/quiz/processattempt.php HTTP/1.0" 303 457 "http://learn.topnode.if.ua/mod/quiz/attempt.php?attempt=308&page=99" "Mozilla/5.0 (Windows NT 6.3; WOW64) AppleWebKit/537.36 (KHTML, like Gecko) Chrome/57.0.2987.133 Safari/537.36"
193.41.185.22 - - [07/May/2017:11:56:38 +0300] "GET /mod/quiz/summary.php?attempt=308 HTTP/1.0" 200 74098 "http://learn.topnode.if.ua/mod/quiz/attempt.php?attempt=308&page=99" "Mozilla/5.0 (Windows NT 6.3; WOW64) AppleWebKit/537.36 (KHTML, like Gecko) Chrome/57.0.2987.133 Safari/537.36"
193.41.185.22 - - [07/May/2017:11:56:38 +0300] "POST /mod/quiz/processattempt.php HTTP/1.0" 303 469 "http://learn.topnode.if.ua/mod/quiz/attempt.php?attempt=309&page=81" "Mozilla/5.0 (Windows NT 6.3; WOW64) AppleWebKit/537.36 (KHTML, like Gecko) Chrome/57.0.2987.133 Safari/537.36"
193.41.185.22 - - [07/May/2017:11:56:38 +0300] "GET /theme/yui_combo.php?3.17.2/event-mousewheel/event-mousewheel-min.js&3.17.2/event-resize/event-resize-min.js&3.17.2/event-hover/event-hover-min.js&3.17.2/event-touch/event-touch-min.js&3.17.2/event-move/event-move-min.js&3.17.2/event-flick/event-flick-min.js&3.17.2/event-valuechange/event-valuechange-min.js&3.17.2/event-tap/event-tap-min.js&m/1436263095/core/formchangechecker/formchangechecker-min.js HTTP/1.0" 200 5467 "http://learn.topnode.if.ua/mod/quiz/summary.php?attempt=308" "Mozilla/5.0 (Windows NT 6.3; WOW64) AppleWebKit/537.36 (KHTML, like Gecko) Chrome/57.0.2987.133 Safari/537.36"
193.41.185.22 - - [07/May/2017:11:56:38 +0300] "POST /mod/quiz/processattempt.php HTTP/1.0" 303 469 "http://learn.topnode.if.ua/mod/quiz/attempt.php?attempt=312&page=56" "Mozilla/5.0 (Windows NT 6.3; WOW64) AppleWebKit/537.36 (KHTML, like Gecko) Chrome/57.0.2987.133 Safari/537.36"
193.41.185.22 - - [07/May/2017:11:56:39 +0300] "GET /mod/quiz/attempt.php?attempt=309&page=82 HTTP/1.0" 200 58773 "http://learn.topnode.if.ua/mod/quiz/attempt.php?attempt=309&page=81" "Mozilla/5.0 (Windows NT 6.3; WOW64) AppleWebKit/537.36 (KHTML, like Gecko) Chrome/57.0.2987.133 Safari/537.36"
193.41.185.22 - - [07/May/2017:11:56:39 +0300] "GET /mod/quiz/attempt.php?attempt=312&page=57 HTTP/1.0" 200 58750 "http://learn.topnode.if.ua/mod/quiz/attempt.php?attempt=312&page=56" "Mozilla/5.0 (Windows NT 6.3; WOW64) AppleWebKit/537.36 (KHTML, like Gecko) Chrome/57.0.2987.133 Safari/537.36"
193.41.185.22 - - [07/May/2017:11:56:47 +0300] "POST /mod/quiz/processattempt.php HTTP/1.0" 303 456 "http://learn.topnode.if.ua/mod/quiz/summary.php?attempt=308" "Mozilla/5.0 (Windows NT 6.3; WOW64) AppleWebKit/537.36 (KHTML, like Gecko) Chrome/57.0.2987.133 Safari/537.36"
193.41.185.22 - - [07/May/2017:11:56:47 +0300] "GET /mod/quiz/review.php?attempt=308 HTTP/1.0" 303 448 "http://learn.topnode.if.ua/mod/quiz/summary.php?attempt=308" "Mozilla/5.0 (Windows NT 6.3; WOW64) AppleWebKit/537.36 (KHTML, like Gecko) Chrome/57.0.2987.133 Safari/537.36"
193.41.185.22 - - [07/May/2017:11:56:47 +0300] "GET /mod/quiz/view.php?id=32 HTTP/1.0" 200 45999 "http://learn.topnode.if.ua/mod/quiz/summary.php?attempt=308" "Mozilla/5.0 (Windows NT 6.3; WOW64) AppleWebKit/537.36 (KHTML, like Gecko) Chrome/57.0.2987.133 Safari/537.36"
193.41.185.22 - - [07/May/2017:11:56:50 +0300] "POST /mod/quiz/processattempt.php HTTP/1.0" 303 469 "http://learn.topnode.if.ua/mod/quiz/attempt.php?attempt=309&page=82" "Mozilla/5.0 (Windows NT 6.3; WOW64) AppleWebKit/537.36 (KHTML, like Gecko) Chrome/57.0.2987.133 Safari/537.36"
193.41.185.22 - - [07/May/2017:11:56:50 +0300] "GET /mod/quiz/attempt.php?attempt=309&page=83 HTTP/1.0" 200 58944 "http://learn.topnode.if.ua/mod/quiz/attempt.php?attempt=309&page=82" "Mozilla/5.0 (Windows NT 6.3; WOW64) AppleWebKit/537.36 (KHTML, like Gecko) Chrome/57.0.2987.133 Safari/537.36"
193.41.185.22 - - [07/May/2017:11:56:58 +0300] "POST /mod/quiz/processattempt.php HTTP/1.0" 303 469 "http://learn.topnode.if.ua/mod/quiz/attempt.php?attempt=309&page=83" "Mozilla/5.0 (Windows NT 6.3; WOW64) AppleWebKit/537.36 (KHTML, like Gecko) Chrome/57.0.2987.133 Safari/537.36"
193.41.185.22 - - [07/May/2017:11:56:58 +0300] "GET /mod/quiz/attempt.php?attempt=309&page=84 HTTP/1.0" 200 58648 "http://learn.topnode.if.ua/mod/quiz/attempt.php?attempt=309&page=83" "Mozilla/5.0 (Windows NT 6.3; WOW64) AppleWebKit/537.36 (KHTML, like Gecko) Chrome/57.0.2987.133 Safari/537.36"
193.41.185.22 - - [07/May/2017:11:57:04 +0300] "POST /mod/quiz/processattempt.php HTTP/1.0" 303 469 "http://learn.topnode.if.ua/mod/quiz/attempt.php?attempt=309&page=84" "Mozilla/5.0 (Windows NT 6.3; WOW64) AppleWebKit/537.36 (KHTML, like Gecko) Chrome/57.0.2987.133 Safari/537.36"
193.41.185.22 - - [07/May/2017:11:57:04 +0300] "GET /mod/quiz/attempt.php?attempt=309&page=85 HTTP/1.0" 200 59048 "http://learn.topnode.if.ua/mod/quiz/attempt.php?attempt=309&page=84" "Mozilla/5.0 (Windows NT 6.3; WOW64) AppleWebKit/537.36 (KHTML, like Gecko) Chrome/57.0.2987.133 Safari/537.36"
109.251.68.52 - - [07/May/2017:11:57:09 +0300] "POST /mod/quiz/processattempt.php HTTP/1.0" 303 469 "http://learn.topnode.if.ua/mod/quiz/attempt.php?attempt=311&page=93" "Mozilla/5.0 (Macintosh; Intel Mac OS X 10_12_4) AppleWebKit/603.1.30 (KHTML, like Gecko) Version/10.1 Safari/603.1.30"
109.251.68.52 - - [07/May/2017:11:57:10 +0300] "GET /mod/quiz/attempt.php?attempt=311&page=94 HTTP/1.0" 200 58517 "http://learn.topnode.if.ua/mod/quiz/attempt.php?attempt=311&page=93" "Mozilla/5.0 (Macintosh; Intel Mac OS X 10_12_4) AppleWebKit/603.1.30 (KHTML, like Gecko) Version/10.1 Safari/603.1.30"
109.251.68.52 - - [07/May/2017:11:57:15 +0300] "POST /mod/quiz/processattempt.php HTTP/1.0" 303 469 "http://learn.topnode.if.ua/mod/quiz/attempt.php?attempt=311&page=94" "Mozilla/5.0 (Macintosh; Intel Mac OS X 10_12_4) AppleWebKit/603.1.30 (KHTML, like Gecko) Version/10.1 Safari/603.1.30"
109.251.68.52 - - [07/May/2017:11:57:16 +0300] "GET /mod/quiz/attempt.php?attempt=311&page=95 HTTP/1.0" 200 58465 "http://learn.topnode.if.ua/mod/quiz/attempt.php?attempt=311&page=94" "Mozilla/5.0 (Macintosh; Intel Mac OS X 10_12_4) AppleWebKit/603.1.30 (KHTML, like Gecko) Version/10.1 Safari/603.1.30"
109.251.68.52 - - [07/May/2017:11:57:23 +0300] "POST /mod/quiz/processattempt.php HTTP/1.0" 303 469 "http://learn.topnode.if.ua/mod/quiz/attempt.php?attempt=311&page=95" "Mozilla/5.0 (Macintosh; Intel Mac OS X 10_12_4) AppleWebKit/603.1.30 (KHTML, like Gecko) Version/10.1 Safari/603.1.30"
109.251.68.52 - - [07/May/2017:11:57:24 +0300] "GET /mod/quiz/attempt.php?attempt=311&page=96 HTTP/1.0" 200 59902 "http://learn.topnode.if.ua/mod/quiz/attempt.php?attempt=311&page=95" "Mozilla/5.0 (Macintosh; Intel Mac OS X 10_12_4) AppleWebKit/603.1.30 (KHTML, like Gecko) Version/10.1 Safari/603.1.30"
193.41.185.22 - - [07/May/2017:11:57:28 +0300] "POST /mod/quiz/processattempt.php HTTP/1.0" 303 469 "http://learn.topnode.if.ua/mod/quiz/attempt.php?attempt=309&page=85" "Mozilla/5.0 (Windows NT 6.3; WOW64) AppleWebKit/537.36 (KHTML, like Gecko) Chrome/57.0.2987.133 Safari/537.36"
193.41.185.22 - - [07/May/2017:11:57:29 +0300] "GET /mod/quiz/attempt.php?attempt=309&page=86 HTTP/1.0" 200 59099 "http://learn.topnode.if.ua/mod/quiz/attempt.php?attempt=309&page=85" "Mozilla/5.0 (Windows NT 6.3; WOW64) AppleWebKit/537.36 (KHTML, like Gecko) Chrome/57.0.2987.133 Safari/537.36"
193.41.185.22 - - [07/May/2017:11:57:40 +0300] "GET /mod/assign/view.php?id=29 HTTP/1.0" 200 49849 "http://learn.topnode.if.ua/mod/quiz/view.php?id=32" "Mozilla/5.0 (Windows NT 6.3; WOW64) AppleWebKit/537.36 (KHTML, like Gecko) Chrome/57.0.2987.133 Safari/537.36"
109.251.68.52 - - [07/May/2017:11:57:40 +0300] "POST /mod/quiz/processattempt.php HTTP/1.0" 303 469 "http://learn.topnode.if.ua/mod/quiz/attempt.php?attempt=311&page=96" "Mozilla/5.0 (Macintosh; Intel Mac OS X 10_12_4) AppleWebKit/603.1.30 (KHTML, like Gecko) Version/10.1 Safari/603.1.30"
193.41.185.22 - - [07/May/2017:11:57:40 +0300] "GET /lib/javascript.php/1436263095/comment/comment.js HTTP/1.0" 200 2796 "http://learn.topnode.if.ua/mod/assign/view.php?id=29" "Mozilla/5.0 (Windows NT 6.3; WOW64) AppleWebKit/537.36 (KHTML, like Gecko) Chrome/57.0.2987.133 Safari/537.36"
193.41.185.22 - - [07/May/2017:11:57:40 +0300] "GET /theme/yui_combo.php?3.17.2/json-stringify/json-stringify-min.js&2in3/2.9.0/build/yui2-animation/yui2-animation-min.js HTTP/1.0" 200 5211 "http://learn.topnode.if.ua/mod/assign/view.php?id=29" "Mozilla/5.0 (Windows NT 6.3; WOW64) AppleWebKit/537.36 (KHTML, like Gecko) Chrome/57.0.2987.133 Safari/537.36"
193.41.185.22 - - [07/May/2017:11:57:40 +0300] "GET /theme/yui_combo.php?2in3/2.9.0/build/yui2-yahoo/yui2-yahoo-min.js&2in3/2.9.0/build/yui2-dom/yui2-dom-min.js&2in3/2.9.0/build/yui2-event/yui2-event-min.js HTTP/1.0" 200 13388 "http://learn.topnode.if.ua/mod/assign/view.php?id=29" "Mozilla/5.0 (Windows NT 6.3; WOW64) AppleWebKit/537.36 (KHTML, like Gecko) Chrome/57.0.2987.133 Safari/537.36"
109.251.68.52 - - [07/May/2017:11:57:40 +0300] "GET /mod/quiz/attempt.php?attempt=311&page=97 HTTP/1.0" 200 59393 "http://learn.topnode.if.ua/mod/quiz/attempt.php?attempt=311&page=96" "Mozilla/5.0 (Macintosh; Intel Mac OS X 10_12_4) AppleWebKit/603.1.30 (KHTML, like Gecko) Version/10.1 Safari/603.1.30"
109.251.68.52 - - [07/May/2017:11:58:30 +0300] "POST /mod/quiz/processattempt.php HTTP/1.0" 303 469 "http://learn.topnode.if.ua/mod/quiz/attempt.php?attempt=311&page=97" "Mozilla/5.0 (Macintosh; Intel Mac OS X 10_12_4) AppleWebKit/603.1.30 (KHTML, like Gecko) Version/10.1 Safari/603.1.30"
109.251.68.52 - - [07/May/2017:11:58:31 +0300] "GET /mod/quiz/attempt.php?attempt=311&page=98 HTTP/1.0" 200 59608 "http://learn.topnode.if.ua/mod/quiz/attempt.php?attempt=311&page=97" "Mozilla/5.0 (Macintosh; Intel Mac OS X 10_12_4) AppleWebKit/603.1.30 (KHTML, like Gecko) Version/10.1 Safari/603.1.30"
193.41.185.22 - - [07/May/2017:11:58:39 +0300] "POST /mod/quiz/processattempt.php HTTP/1.0" 303 469 "http://learn.topnode.if.ua/mod/quiz/attempt.php?attempt=312&page=57" "Mozilla/5.0 (Windows NT 6.3; WOW64) AppleWebKit/537.36 (KHTML, like Gecko) Chrome/57.0.2987.133 Safari/537.36"
193.41.185.22 - - [07/May/2017:11:58:39 +0300] "GET /mod/quiz/attempt.php?attempt=312&page=58 HTTP/1.0" 200 59084 "http://learn.topnode.if.ua/mod/quiz/attempt.php?attempt=312&page=57" "Mozilla/5.0 (Windows NT 6.3; WOW64) AppleWebKit/537.36 (KHTML, like Gecko) Chrome/57.0.2987.133 Safari/537.36"
193.41.185.22 - - [07/May/2017:11:58:58 +0300] "GET /course/view.php?id=3 HTTP/1.0" 200 57048 "http://learn.topnode.if.ua/mod/quiz/view.php?id=32" "Mozilla/5.0 (Windows NT 6.3; WOW64) AppleWebKit/537.36 (KHTML, like Gecko) Chrome/57.0.2987.133 Safari/537.36"
193.41.185.22 - - [07/May/2017:11:59:02 +0300] "POST /mod/quiz/processattempt.php HTTP/1.0" 303 469 "http://learn.topnode.if.ua/mod/quiz/attempt.php?attempt=312&page=58" "Mozilla/5.0 (Windows NT 6.3; WOW64) AppleWebKit/537.36 (KHTML, like Gecko) Chrome/57.0.2987.133 Safari/537.36"
193.41.185.22 - - [07/May/2017:11:59:02 +0300] "GET /mod/quiz/attempt.php?attempt=312&page=59 HTTP/1.0" 200 59617 "http://learn.topnode.if.ua/mod/quiz/attempt.php?attempt=312&page=58" "Mozilla/5.0 (Windows NT 6.3; WOW64) AppleWebKit/537.36 (KHTML, like Gecko) Chrome/57.0.2987.133 Safari/537.36"
193.41.185.22 - - [07/May/2017:11:59:09 +0300] "GET /grade/report/index.php?id=3 HTTP/1.0" 303 457 "http://learn.topnode.if.ua/course/view.php?id=3" "Mozilla/5.0 (Windows NT 6.3; WOW64) AppleWebKit/537.36 (KHTML, like Gecko) Chrome/57.0.2987.133 Safari/537.36"
193.41.185.22 - - [07/May/2017:11:59:10 +0300] "GET /grade/report/user/index.php?id=3 HTTP/1.0" 200 60381 "http://learn.topnode.if.ua/course/view.php?id=3" "Mozilla/5.0 (Windows NT 6.3; WOW64) AppleWebKit/537.36 (KHTML, like Gecko) Chrome/57.0.2987.133 Safari/537.36"
109.251.68.52 - - [07/May/2017:11:59:12 +0300] "POST /mod/quiz/processattempt.php HTTP/1.0" 303 469 "http://learn.topnode.if.ua/mod/quiz/attempt.php?attempt=311&page=98" "Mozilla/5.0 (Macintosh; Intel Mac OS X 10_12_4) AppleWebKit/603.1.30 (KHTML, like Gecko) Version/10.1 Safari/603.1.30"
109.251.68.52 - - [07/May/2017:11:59:12 +0300] "GET /mod/quiz/attempt.php?attempt=311&page=99 HTTP/1.0" 200 59260 "http://learn.topnode.if.ua/mod/quiz/attempt.php?attempt=311&page=98" "Mozilla/5.0 (Macintosh; Intel Mac OS X 10_12_4) AppleWebKit/603.1.30 (KHTML, like Gecko) Version/10.1 Safari/603.1.30"
109.251.68.52 - - [07/May/2017:11:59:25 +0300] "POST /mod/quiz/processattempt.php HTTP/1.0" 303 457 "http://learn.topnode.if.ua/mod/quiz/attempt.php?attempt=311&page=99" "Mozilla/5.0 (Macintosh; Intel Mac OS X 10_12_4) AppleWebKit/603.1.30 (KHTML, like Gecko) Version/10.1 Safari/603.1.30"
193.41.185.22 - - [07/May/2017:11:59:25 +0300] "GET /course/view.php?id=3 HTTP/1.0" 200 57048 "http://learn.topnode.if.ua/mod/assign/view.php?id=29" "Mozilla/5.0 (Windows NT 6.3; WOW64) AppleWebKit/537.36 (KHTML, like Gecko) Chrome/57.0.2987.133 Safari/537.36"
109.251.68.52 - - [07/May/2017:11:59:26 +0300] "GET /mod/quiz/summary.php?attempt=311 HTTP/1.0" 200 74430 "http://learn.topnode.if.ua/mod/quiz/attempt.php?attempt=311&page=99" "Mozilla/5.0 (Macintosh; Intel Mac OS X 10_12_4) AppleWebKit/603.1.30 (KHTML, like Gecko) Version/10.1 Safari/603.1.30"
109.251.68.52 - - [07/May/2017:11:59:26 +0300] "GET /theme/yui_combo.php?3.17.2/event-mousewheel/event-mousewheel-min.js&3.17.2/event-resize/event-resize-min.js&3.17.2/event-hover/event-hover-min.js&3.17.2/event-touch/event-touch-min.js&3.17.2/event-move/event-move-min.js&3.17.2/event-flick/event-flick-min.js&3.17.2/event-valuechange/event-valuechange-min.js&3.17.2/event-tap/event-tap-min.js&m/1436263095/core/formchangechecker/formchangechecker-min.js HTTP/1.0" 200 5467 "http://learn.topnode.if.ua/mod/quiz/summary.php?attempt=311" "Mozilla/5.0 (Macintosh; Intel Mac OS X 10_12_4) AppleWebKit/603.1.30 (KHTML, like Gecko) Version/10.1 Safari/603.1.30"
193.41.185.22 - - [07/May/2017:11:59:30 +0300] "GET /mod/assign/view.php?id=31 HTTP/1.0" 200 49059 "http://learn.topnode.if.ua/course/view.php?id=3" "Mozilla/5.0 (Windows NT 6.3; WOW64) AppleWebKit/537.36 (KHTML, like Gecko) Chrome/57.0.2987.133 Safari/537.36"
193.41.185.22 - - [07/May/2017:11:59:30 +0300] "POST /mod/quiz/processattempt.php HTTP/1.0" 303 469 "http://learn.topnode.if.ua/mod/quiz/attempt.php?attempt=312&page=59" "Mozilla/5.0 (Windows NT 6.3; WOW64) AppleWebKit/537.36 (KHTML, like Gecko) Chrome/57.0.2987.133 Safari/537.36"
193.41.185.22 - - [07/May/2017:11:59:30 +0300] "GET /mod/quiz/attempt.php?attempt=312&page=60 HTTP/1.0" 200 58710 "http://learn.topnode.if.ua/mod/quiz/attempt.php?attempt=312&page=59" "Mozilla/5.0 (Windows NT 6.3; WOW64) AppleWebKit/537.36 (KHTML, like Gecko) Chrome/57.0.2987.133 Safari/537.36"
193.41.185.22 - - [07/May/2017:11:59:39 +0300] "POST /mod/quiz/processattempt.php HTTP/1.0" 303 469 "http://learn.topnode.if.ua/mod/quiz/attempt.php?attempt=312&page=60" "Mozilla/5.0 (Windows NT 6.3; WOW64) AppleWebKit/537.36 (KHTML, like Gecko) Chrome/57.0.2987.133 Safari/537.36"
193.41.185.22 - - [07/May/2017:11:59:39 +0300] "GET /mod/quiz/attempt.php?attempt=312&page=61 HTTP/1.0" 200 59021 "http://learn.topnode.if.ua/mod/quiz/attempt.php?attempt=312&page=60" "Mozilla/5.0 (Windows NT 6.3; WOW64) AppleWebKit/537.36 (KHTML, like Gecko) Chrome/57.0.2987.133 Safari/537.36"
109.251.68.52 - - [07/May/2017:11:59:39 +0300] "POST /mod/quiz/processattempt.php HTTP/1.0" 303 456 "http://learn.topnode.if.ua/mod/quiz/summary.php?attempt=311" "Mozilla/5.0 (Macintosh; Intel Mac OS X 10_12_4) AppleWebKit/603.1.30 (KHTML, like Gecko) Version/10.1 Safari/603.1.30"
109.251.68.52 - - [07/May/2017:11:59:40 +0300] "GET /mod/quiz/review.php?attempt=311 HTTP/1.0" 303 448 "http://learn.topnode.if.ua/mod/quiz/summary.php?attempt=311" "Mozilla/5.0 (Macintosh; Intel Mac OS X 10_12_4) AppleWebKit/603.1.30 (KHTML, like Gecko) Version/10.1 Safari/603.1.30"
109.251.68.52 - - [07/May/2017:11:59:40 +0300] "GET /mod/quiz/view.php?id=32 HTTP/1.0" 200 46044 "http://learn.topnode.if.ua/mod/quiz/summary.php?attempt=311" "Mozilla/5.0 (Macintosh; Intel Mac OS X 10_12_4) AppleWebKit/603.1.30 (KHTML, like Gecko) Version/10.1 Safari/603.1.30"
109.251.68.52 - - [07/May/2017:12:00:33 +0300] "GET /course/view.php?id=3 HTTP/1.0" 200 57093 "http://learn.topnode.if.ua/mod/quiz/view.php?id=32" "Mozilla/5.0 (Macintosh; Intel Mac OS X 10_12_4) AppleWebKit/603.1.30 (KHTML, like Gecko) Version/10.1 Safari/603.1.30"
109.251.68.52 - - [07/May/2017:12:00:37 +0300] "GET /mod/quiz/view.php?id=32 HTTP/1.0" 200 46044 "http://learn.topnode.if.ua/course/view.php?id=3" "Mozilla/5.0 (Macintosh; Intel Mac OS X 10_12_4) AppleWebKit/603.1.30 (KHTML, like Gecko) Version/10.1 Safari/603.1.30"
193.41.185.22 - - [07/May/2017:12:00:51 +0300] "POST /mod/quiz/processattempt.php HTTP/1.0" 303 469 "http://learn.topnode.if.ua/mod/quiz/attempt.php?attempt=312&page=61" "Mozilla/5.0 (Windows NT 6.3; WOW64) AppleWebKit/537.36 (KHTML, like Gecko) Chrome/57.0.2987.133 Safari/537.36"
193.41.185.22 - - [07/May/2017:12:00:51 +0300] "POST /mod/quiz/processattempt.php HTTP/1.0" 303 469 "http://learn.topnode.if.ua/mod/quiz/attempt.php?attempt=309&page=86" "Mozilla/5.0 (Windows NT 6.3; WOW64) AppleWebKit/537.36 (KHTML, like Gecko) Chrome/57.0.2987.133 Safari/537.36"
193.41.185.22 - - [07/May/2017:12:00:52 +0300] "GET /mod/quiz/attempt.php?attempt=312&page=62 HTTP/1.0" 200 59615 "http://learn.topnode.if.ua/mod/quiz/attempt.php?attempt=312&page=61" "Mozilla/5.0 (Windows NT 6.3; WOW64) AppleWebKit/537.36 (KHTML, like Gecko) Chrome/57.0.2987.133 Safari/537.36"
193.41.185.22 - - [07/May/2017:12:00:52 +0300] "GET /mod/quiz/attempt.php?attempt=309&page=87 HTTP/1.0" 200 58687 "http://learn.topnode.if.ua/mod/quiz/attempt.php?attempt=309&page=86" "Mozilla/5.0 (Windows NT 6.3; WOW64) AppleWebKit/537.36 (KHTML, like Gecko) Chrome/57.0.2987.133 Safari/537.36"
193.41.185.22 - - [07/May/2017:12:01:13 +0300] "POST /mod/quiz/processattempt.php HTTP/1.0" 303 469 "http://learn.topnode.if.ua/mod/quiz/attempt.php?attempt=309&page=87" "Mozilla/5.0 (Windows NT 6.3; WOW64) AppleWebKit/537.36 (KHTML, like Gecko) Chrome/57.0.2987.133 Safari/537.36"
193.41.185.22 - - [07/May/2017:12:01:14 +0300] "GET /mod/quiz/attempt.php?attempt=309&page=88 HTTP/1.0" 200 59168 "http://learn.topnode.if.ua/mod/quiz/attempt.php?attempt=309&page=87" "Mozilla/5.0 (Windows NT 6.3; WOW64) AppleWebKit/537.36 (KHTML, like Gecko) Chrome/57.0.2987.133 Safari/537.36"
109.251.68.52 - - [07/May/2017:12:01:33 +0300] "GET / HTTP/1.0" 200 23712 "-" "Mozilla/5.0 (Windows NT 6.1) AppleWebKit/537.36 (KHTML, like Gecko) Chrome/57.0.2987.133 Safari/537.36"
109.251.68.52 - - [07/May/2017:12:01:35 +0300] "GET /course/view.php?id=3 HTTP/1.0" 200 57093 "http://learn.topnode.if.ua/mod/quiz/view.php?id=32" "Mozilla/5.0 (Macintosh; Intel Mac OS X 10_12_4) AppleWebKit/603.1.30 (KHTML, like Gecko) Version/10.1 Safari/603.1.30"
109.251.68.52 - - [07/May/2017:12:01:37 +0300] "GET /login/index.php HTTP/1.0" 200 20866 "http://learn.topnode.if.ua/" "Mozilla/5.0 (Windows NT 6.1) AppleWebKit/537.36 (KHTML, like Gecko) Chrome/57.0.2987.133 Safari/537.36"
109.251.68.52 - - [07/May/2017:12:01:39 +0300] "GET /grade/report/index.php?id=3 HTTP/1.0" 303 457 "http://learn.topnode.if.ua/course/view.php?id=3" "Mozilla/5.0 (Macintosh; Intel Mac OS X 10_12_4) AppleWebKit/603.1.30 (KHTML, like Gecko) Version/10.1 Safari/603.1.30"
109.251.68.52 - - [07/May/2017:12:01:40 +0300] "GET /grade/report/user/index.php?id=3 HTTP/1.0" 200 60955 "http://learn.topnode.if.ua/course/view.php?id=3" "Mozilla/5.0 (Macintosh; Intel Mac OS X 10_12_4) AppleWebKit/603.1.30 (KHTML, like Gecko) Version/10.1 Safari/603.1.30"
109.251.68.52 - - [07/May/2017:12:01:53 +0300] "POST /login/index.php HTTP/1.0" 303 454 "http://learn.topnode.if.ua/login/index.php" "Mozilla/5.0 (Windows NT 6.1) AppleWebKit/537.36 (KHTML, like Gecko) Chrome/57.0.2987.133 Safari/537.36"
109.251.68.52 - - [07/May/2017:12:01:53 +0300] "GET /login/index.php?testsession=2 HTTP/1.0" 303 425 "http://learn.topnode.if.ua/login/index.php" "Mozilla/5.0 (Windows NT 6.1) AppleWebKit/537.36 (KHTML, like Gecko) Chrome/57.0.2987.133 Safari/537.36"
109.251.68.52 - - [07/May/2017:12:01:54 +0300] "GET / HTTP/1.0" 200 48021 "http://learn.topnode.if.ua/login/index.php" "Mozilla/5.0 (Windows NT 6.1) AppleWebKit/537.36 (KHTML, like Gecko) Chrome/57.0.2987.133 Safari/537.36"
109.251.68.52 - - [07/May/2017:12:01:54 +0300] "GET /theme/image.php/clean/core/1436263095/u/f2 HTTP/1.0" 200 354 "http://learn.topnode.if.ua/" "Mozilla/5.0 (Windows NT 6.1) AppleWebKit/537.36 (KHTML, like Gecko) Chrome/57.0.2987.133 Safari/537.36"
109.251.68.52 - - [07/May/2017:12:01:54 +0300] "GET /theme/image.php/clean/core/1436263095/i/course HTTP/1.0" 200 1426 "http://learn.topnode.if.ua/" "Mozilla/5.0 (Windows NT 6.1) AppleWebKit/537.36 (KHTML, like Gecko) Chrome/57.0.2987.133 Safari/537.36"
109.251.68.52 - - [07/May/2017:12:01:54 +0300] "GET /theme/image.php/clean/core/1436263095/i/user HTTP/1.0" 200 827 "http://learn.topnode.if.ua/" "Mozilla/5.0 (Windows NT 6.1) AppleWebKit/537.36 (KHTML, like Gecko) Chrome/57.0.2987.133 Safari/537.36"
109.251.68.52 - - [07/May/2017:12:01:54 +0300] "GET /theme/image.php/clean/core/1436263095/t/message HTTP/1.0" 200 762 "http://learn.topnode.if.ua/" "Mozilla/5.0 (Windows NT 6.1) AppleWebKit/537.36 (KHTML, like Gecko) Chrome/57.0.2987.133 Safari/537.36"
109.251.68.52 - - [07/May/2017:12:01:54 +0300] "GET /theme/image.php/clean/core/1436263095/t/download HTTP/1.0" 200 2212 "http://learn.topnode.if.ua/" "Mozilla/5.0 (Windows NT 6.1) AppleWebKit/537.36 (KHTML, like Gecko) Chrome/57.0.2987.133 Safari/537.36"
109.251.68.52 - - [07/May/2017:12:01:54 +0300] "GET /theme/image.php/clean/core/1436263095/t/award HTTP/1.0" 200 1312 "http://learn.topnode.if.ua/" "Mozilla/5.0 (Windows NT 6.1) AppleWebKit/537.36 (KHTML, like Gecko) Chrome/57.0.2987.133 Safari/537.36"
109.251.68.52 - - [07/May/2017:12:01:54 +0300] "GET /theme/image.php/clean/core/1436263095/a/logout HTTP/1.0" 200 957 "http://learn.topnode.if.ua/" "Mozilla/5.0 (Windows NT 6.1) AppleWebKit/537.36 (KHTML, like Gecko) Chrome/57.0.2987.133 Safari/537.36"
109.251.68.52 - - [07/May/2017:12:01:54 +0300] "GET /theme/image.php/clean/core/1436263095/i/navigationitem HTTP/1.0" 200 754 "http://learn.topnode.if.ua/" "Mozilla/5.0 (Windows NT 6.1) AppleWebKit/537.36 (KHTML, like Gecko) Chrome/57.0.2987.133 Safari/537.36"
109.251.68.52 - - [07/May/2017:12:01:54 +0300] "GET /theme/image.php/clean/core/1436263095/i/edit HTTP/1.0" 200 820 "http://learn.topnode.if.ua/" "Mozilla/5.0 (Windows NT 6.1) AppleWebKit/537.36 (KHTML, like Gecko) Chrome/57.0.2987.133 Safari/537.36"
109.251.68.52 - - [07/May/2017:12:01:54 +0300] "GET /theme/image.php/clean/core/1436263095/i/settings HTTP/1.0" 200 1316 "http://learn.topnode.if.ua/" "Mozilla/5.0 (Windows NT 6.1) AppleWebKit/537.36 (KHTML, like Gecko) Chrome/57.0.2987.133 Safari/537.36"
109.251.68.52 - - [07/May/2017:12:01:55 +0300] "GET /theme/image.php/clean/core/1436263095/i/group HTTP/1.0" 200 1012 "http://learn.topnode.if.ua/" "Mozilla/5.0 (Windows NT 6.1) AppleWebKit/537.36 (KHTML, like Gecko) Chrome/57.0.2987.133 Safari/537.36"
109.251.68.52 - - [07/May/2017:12:01:55 +0300] "GET /theme/image.php/clean/core/1436263095/i/checkpermissions HTTP/1.0" 200 936 "http://learn.topnode.if.ua/" "Mozilla/5.0 (Windows NT 6.1) AppleWebKit/537.36 (KHTML, like Gecko) Chrome/57.0.2987.133 Safari/537.36"
109.251.68.52 - - [07/May/2017:12:01:55 +0300] "GET /theme/image.php/clean/core/1436263095/i/report HTTP/1.0" 200 876 "http://learn.topnode.if.ua/" "Mozilla/5.0 (Windows NT 6.1) AppleWebKit/537.36 (KHTML, like Gecko) Chrome/57.0.2987.133 Safari/537.36"
109.251.68.52 - - [07/May/2017:12:01:55 +0300] "GET /theme/image.php/clean/core/1436263095/i/assignroles HTTP/1.0" 200 910 "http://learn.topnode.if.ua/" "Mozilla/5.0 (Windows NT 6.1) AppleWebKit/537.36 (KHTML, like Gecko) Chrome/57.0.2987.133 Safari/537.36"
109.251.68.52 - - [07/May/2017:12:01:55 +0300] "GET /theme/image.php/clean/core/1436263095/i/filter HTTP/1.0" 200 873 "http://learn.topnode.if.ua/" "Mozilla/5.0 (Windows NT 6.1) AppleWebKit/537.36 (KHTML, like Gecko) Chrome/57.0.2987.133 Safari/537.36"
109.251.68.52 - - [07/May/2017:12:01:55 +0300] "GET /theme/image.php/clean/core/1436263095/i/backup HTTP/1.0" 200 1049 "http://learn.topnode.if.ua/" "Mozilla/5.0 (Windows NT 6.1) AppleWebKit/537.36 (KHTML, like Gecko) Chrome/57.0.2987.133 Safari/537.36"
109.251.68.52 - - [07/May/2017:12:01:55 +0300] "GET /theme/image.php/clean/core/1436263095/i/restore HTTP/1.0" 200 1047 "http://learn.topnode.if.ua/" "Mozilla/5.0 (Windows NT 6.1) AppleWebKit/537.36 (KHTML, like Gecko) Chrome/57.0.2987.133 Safari/537.36"
109.251.68.52 - - [07/May/2017:12:01:55 +0300] "GET /theme/image.php/clean/core/1436263095/t/expanded HTTP/1.0" 200 761 "http://learn.topnode.if.ua/theme/styles.php/clean/1436263095/all" "Mozilla/5.0 (Windows NT 6.1) AppleWebKit/537.36 (KHTML, like Gecko) Chrome/57.0.2987.133 Safari/537.36"
109.251.68.52 - - [07/May/2017:12:01:56 +0300] "GET /theme/yui_combo.php?3.17.2/event-simulate/event-simulate-min.js&3.17.2/async-queue/async-queue-min.js&3.17.2/gesture-simulate/gesture-simulate-min.js&3.17.2/node-event-simulate/node-event-simulate-min.js&m/1436263095/core/actionmenu/actionmenu-min.js HTTP/1.0" 200 8142 "http://learn.topnode.if.ua/" "Mozilla/5.0 (Windows NT 6.1) AppleWebKit/537.36 (KHTML, like Gecko) Chrome/57.0.2987.133 Safari/537.36"
109.251.68.52 - - [07/May/2017:12:01:56 +0300] "GET /theme/yui_combo.php?m/1436263095/core/event/event-min.js&m/1436263095/filter_mathjaxloader/loader/loader-min.js HTTP/1.0" 200 711 "http://learn.topnode.if.ua/" "Mozilla/5.0 (Windows NT 6.1) AppleWebKit/537.36 (KHTML, like Gecko) Chrome/57.0.2987.133 Safari/537.36"
109.251.68.52 - - [07/May/2017:12:02:01 +0300] "GET /course/view.php?id=3 HTTP/1.0" 200 87270 "http://learn.topnode.if.ua/" "Mozilla/5.0 (Windows NT 6.1) AppleWebKit/537.36 (KHTML, like Gecko) Chrome/57.0.2987.133 Safari/537.36"
109.251.68.52 - - [07/May/2017:12:02:01 +0300] "GET /theme/image.php/clean/core/1436263095/spacer HTTP/1.0" 200 43 "http://learn.topnode.if.ua/course/view.php?id=3" "Mozilla/5.0 (Windows NT 6.1) AppleWebKit/537.36 (KHTML, like Gecko) Chrome/57.0.2987.133 Safari/537.36"
109.251.68.52 - - [07/May/2017:12:02:02 +0300] "GET /lib/javascript.php/1436263095/course/format/topics/format.js HTTP/1.0" 200 521 "http://learn.topnode.if.ua/course/view.php?id=3" "Mozilla/5.0 (Windows NT 6.1) AppleWebKit/537.36 (KHTML, like Gecko) Chrome/57.0.2987.133 Safari/537.36"
109.251.68.52 - - [07/May/2017:12:02:02 +0300] "GET /theme/image.php/clean/forum/1436263095/icon HTTP/1.0" 200 4348 "http://learn.topnode.if.ua/course/view.php?id=3" "Mozilla/5.0 (Windows NT 6.1) AppleWebKit/537.36 (KHTML, like Gecko) Chrome/57.0.2987.133 Safari/537.36"
109.251.68.52 - - [07/May/2017:12:02:02 +0300] "GET /theme/image.php/clean/chat/1436263095/icon HTTP/1.0" 200 5364 "http://learn.topnode.if.ua/course/view.php?id=3" "Mozilla/5.0 (Windows NT 6.1) AppleWebKit/537.36 (KHTML, like Gecko) Chrome/57.0.2987.133 Safari/537.36"
109.251.68.52 - - [07/May/2017:12:02:02 +0300] "GET /theme/image.php/clean/quiz/1436263095/icon HTTP/1.0" 200 5240 "http://learn.topnode.if.ua/course/view.php?id=3" "Mozilla/5.0 (Windows NT 6.1) AppleWebKit/537.36 (KHTML, like Gecko) Chrome/57.0.2987.133 Safari/537.36"
109.251.68.52 - - [07/May/2017:12:02:02 +0300] "GET /theme/image.php/clean/assign/1436263095/icon HTTP/1.0" 200 5648 "http://learn.topnode.if.ua/course/view.php?id=3" "Mozilla/5.0 (Windows NT 6.1) AppleWebKit/537.36 (KHTML, like Gecko) Chrome/57.0.2987.133 Safari/537.36"
109.251.68.52 - - [07/May/2017:12:02:02 +0300] "GET /theme/image.php/clean/core/1436263095/i/badge HTTP/1.0" 200 1263 "http://learn.topnode.if.ua/course/view.php?id=3" "Mozilla/5.0 (Windows NT 6.1) AppleWebKit/537.36 (KHTML, like Gecko) Chrome/57.0.2987.133 Safari/537.36"
109.251.68.52 - - [07/May/2017:12:02:02 +0300] "GET /theme/image.php/clean/core/1436263095/i/enrolusers HTTP/1.0" 200 910 "http://learn.topnode.if.ua/course/view.php?id=3" "Mozilla/5.0 (Windows NT 6.1) AppleWebKit/537.36 (KHTML, like Gecko) Chrome/57.0.2987.133 Safari/537.36"
109.251.68.52 - - [07/May/2017:12:02:02 +0300] "GET /theme/image.php/clean/core/1436263095/i/grades HTTP/1.0" 200 912 "http://learn.topnode.if.ua/course/view.php?id=3" "Mozilla/5.0 (Windows NT 6.1) AppleWebKit/537.36 (KHTML, like Gecko) Chrome/57.0.2987.133 Safari/537.36"
109.251.68.52 - - [07/May/2017:12:02:02 +0300] "GET /theme/image.php/clean/core/1436263095/i/import HTTP/1.0" 200 1047 "http://learn.topnode.if.ua/course/view.php?id=3" "Mozilla/5.0 (Windows NT 6.1) AppleWebKit/537.36 (KHTML, like Gecko) Chrome/57.0.2987.133 Safari/537.36"
109.251.68.52 - - [07/May/2017:12:02:02 +0300] "GET /theme/image.php/clean/core/1436263095/i/publish HTTP/1.0" 200 3145 "http://learn.topnode.if.ua/course/view.php?id=3" "Mozilla/5.0 (Windows NT 6.1) AppleWebKit/537.36 (KHTML, like Gecko) Chrome/57.0.2987.133 Safari/537.36"
109.251.68.52 - - [07/May/2017:12:02:02 +0300] "GET /theme/image.php/clean/core/1436263095/i/switchrole HTTP/1.0" 200 827 "http://learn.topnode.if.ua/course/view.php?id=3" "Mozilla/5.0 (Windows NT 6.1) AppleWebKit/537.36 (KHTML, like Gecko) Chrome/57.0.2987.133 Safari/537.36"
109.251.68.52 - - [07/May/2017:12:02:02 +0300] "GET /theme/image.php/clean/core/1436263095/i/return HTTP/1.0" 200 947 "http://learn.topnode.if.ua/course/view.php?id=3" "Mozilla/5.0 (Windows NT 6.1) AppleWebKit/537.36 (KHTML, like Gecko) Chrome/57.0.2987.133 Safari/537.36"
109.251.68.52 - - [07/May/2017:12:02:02 +0300] "GET /theme/image.php/clean/core/1436263095/docs HTTP/1.0" 200 1011 "http://learn.topnode.if.ua/course/view.php?id=3" "Mozilla/5.0 (Windows NT 6.1) AppleWebKit/537.36 (KHTML, like Gecko) Chrome/57.0.2987.133 Safari/537.36"
109.251.68.52 - - [07/May/2017:12:02:02 +0300] "GET /grade/report/overview/index.php?id=3 HTTP/1.0" 200 45587 "http://learn.topnode.if.ua/grade/report/user/index.php?id=3" "Mozilla/5.0 (Macintosh; Intel Mac OS X 10_12_4) AppleWebKit/603.1.30 (KHTML, like Gecko) Version/10.1 Safari/603.1.30"
109.251.68.52 - - [07/May/2017:12:02:07 +0300] "GET /grade/report/user/index.php?id=3&userid=90 HTTP/1.0" 200 60955 "http://learn.topnode.if.ua/grade/report/overview/index.php?id=3" "Mozilla/5.0 (Macintosh; Intel Mac OS X 10_12_4) AppleWebKit/603.1.30 (KHTML, like Gecko) Version/10.1 Safari/603.1.30"
193.41.185.22 - - [07/May/2017:12:02:10 +0300] "POST /mod/quiz/processattempt.php HTTP/1.0" 303 469 "http://learn.topnode.if.ua/mod/quiz/attempt.php?attempt=309&page=88" "Mozilla/5.0 (Windows NT 6.3; WOW64) AppleWebKit/537.36 (KHTML, like Gecko) Chrome/57.0.2987.133 Safari/537.36"
193.41.185.22 - - [07/May/2017:12:02:10 +0300] "GET /mod/quiz/attempt.php?attempt=309&page=89 HTTP/1.0" 200 58977 "http://learn.topnode.if.ua/mod/quiz/attempt.php?attempt=309&page=88" "Mozilla/5.0 (Windows NT 6.3; WOW64) AppleWebKit/537.36 (KHTML, like Gecko) Chrome/57.0.2987.133 Safari/537.36"
109.251.68.52 - - [07/May/2017:12:02:10 +0300] "GET /mod/quiz/view.php?id=32 HTTP/1.0" 200 75477 "http://learn.topnode.if.ua/course/view.php?id=3" "Mozilla/5.0 (Windows NT 6.1) AppleWebKit/537.36 (KHTML, like Gecko) Chrome/57.0.2987.133 Safari/537.36"
109.251.68.52 - - [07/May/2017:12:02:10 +0300] "GET /theme/image.php/clean/core/1436263095/t/edit HTTP/1.0" 200 1328 "http://learn.topnode.if.ua/mod/quiz/view.php?id=32" "Mozilla/5.0 (Windows NT 6.1) AppleWebKit/537.36 (KHTML, like Gecko) Chrome/57.0.2987.133 Safari/537.36"
109.251.68.52 - - [07/May/2017:12:02:11 +0300] "GET /theme/image.php/clean/core/1436263095/i/preview HTTP/1.0" 200 941 "http://learn.topnode.if.ua/mod/quiz/view.php?id=32" "Mozilla/5.0 (Windows NT 6.1) AppleWebKit/537.36 (KHTML, like Gecko) Chrome/57.0.2987.133 Safari/537.36"
109.251.68.52 - - [07/May/2017:12:02:11 +0300] "GET /theme/image.php/clean/core/1436263095/i/item HTTP/1.0" 200 849 "http://learn.topnode.if.ua/mod/quiz/view.php?id=32" "Mozilla/5.0 (Windows NT 6.1) AppleWebKit/537.36 (KHTML, like Gecko) Chrome/57.0.2987.133 Safari/537.36"
109.251.68.52 - - [07/May/2017:12:02:14 +0300] "GET /mod/quiz/report.php?id=32&mode=overview HTTP/1.0" 200 109412 "http://learn.topnode.if.ua/mod/quiz/view.php?id=32" "Mozilla/5.0 (Windows NT 6.1) AppleWebKit/537.36 (KHTML, like Gecko) Chrome/57.0.2987.133 Safari/537.36"
109.251.68.52 - - [07/May/2017:12:02:14 +0300] "GET /pluginfile.php/33/user/icon/clean/f2?rev=270 HTTP/1.0" 200 3635 "http://learn.topnode.if.ua/mod/quiz/report.php?id=32&mode=overview" "Mozilla/5.0 (Windows NT 6.1) AppleWebKit/537.36 (KHTML, like Gecko) Chrome/57.0.2987.133 Safari/537.36"
109.251.68.52 - - [07/May/2017:12:02:15 +0300] "GET /mod/quiz/report/overview/overviewgraph.php?id=12 HTTP/1.0" 200 6765 "http://learn.topnode.if.ua/mod/quiz/report.php?id=32&mode=overview" "Mozilla/5.0 (Windows NT 6.1) AppleWebKit/537.36 (KHTML, like Gecko) Chrome/57.0.2987.133 Safari/537.36"
